Archive member included to satisfy reference by file (symbol)

/home/jon/gcc-arm-none-eabi-5_2-2015q4/arm-none-eabi/lib/armv7e-m/fpu/libc.a(lib_a-errno.o)
                              /home/jon/dev_src/SEU-Detect-Correct/build/syscalls.o (__errno)
/home/jon/gcc-arm-none-eabi-5_2-2015q4/arm-none-eabi/lib/armv7e-m/fpu/libc.a(lib_a-impure.o)
                              /home/jon/gcc-arm-none-eabi-5_2-2015q4/arm-none-eabi/lib/armv7e-m/fpu/libc.a(lib_a-errno.o) (_impure_ptr)
/home/jon/gcc-arm-none-eabi-5_2-2015q4/arm-none-eabi/lib/armv7e-m/fpu/libc.a(lib_a-memcmp.o)
                              /home/jon/dev_src/SEU-Detect-Correct/build/tasks.o (memcmp)
/home/jon/gcc-arm-none-eabi-5_2-2015q4/arm-none-eabi/lib/armv7e-m/fpu/libc.a(lib_a-memcpy.o)
                              /home/jon/dev_src/SEU-Detect-Correct/build/queue.o (memcpy)
/home/jon/gcc-arm-none-eabi-5_2-2015q4/arm-none-eabi/lib/armv7e-m/fpu/libc.a(lib_a-memset.o)
                              /home/jon/dev_src/SEU-Detect-Correct/build/syscalls.o (memset)
/home/jon/gcc-arm-none-eabi-5_2-2015q4/arm-none-eabi/lib/armv7e-m/fpu/libc.a(lib_a-puts.o)
                              /home/jon/dev_src/SEU-Detect-Correct/build/main.o (puts)
/home/jon/gcc-arm-none-eabi-5_2-2015q4/arm-none-eabi/lib/armv7e-m/fpu/libc.a(lib_a-strlen.o)
                              /home/jon/gcc-arm-none-eabi-5_2-2015q4/arm-none-eabi/lib/armv7e-m/fpu/libc.a(lib_a-puts.o) (strlen)
/home/jon/gcc-arm-none-eabi-5_2-2015q4/arm-none-eabi/lib/armv7e-m/fpu/libc.a(lib_a-findfp.o)
                              /home/jon/gcc-arm-none-eabi-5_2-2015q4/arm-none-eabi/lib/armv7e-m/fpu/libc.a(lib_a-puts.o) (__sinit)
/home/jon/gcc-arm-none-eabi-5_2-2015q4/arm-none-eabi/lib/armv7e-m/fpu/libc.a(lib_a-fvwrite.o)
                              /home/jon/gcc-arm-none-eabi-5_2-2015q4/arm-none-eabi/lib/armv7e-m/fpu/libc.a(lib_a-puts.o) (__sfvwrite_r)
/home/jon/gcc-arm-none-eabi-5_2-2015q4/arm-none-eabi/lib/armv7e-m/fpu/libc.a(lib_a-fwalk.o)
                              /home/jon/gcc-arm-none-eabi-5_2-2015q4/arm-none-eabi/lib/armv7e-m/fpu/libc.a(lib_a-findfp.o) (_fwalk)
/home/jon/gcc-arm-none-eabi-5_2-2015q4/arm-none-eabi/lib/armv7e-m/fpu/libc.a(lib_a-mallocr.o)
                              /home/jon/gcc-arm-none-eabi-5_2-2015q4/arm-none-eabi/lib/armv7e-m/fpu/libc.a(lib_a-findfp.o) (_malloc_r)
/home/jon/gcc-arm-none-eabi-5_2-2015q4/arm-none-eabi/lib/armv7e-m/fpu/libc.a(lib_a-memchr.o)
                              /home/jon/gcc-arm-none-eabi-5_2-2015q4/arm-none-eabi/lib/armv7e-m/fpu/libc.a(lib_a-fvwrite.o) (memchr)
/home/jon/gcc-arm-none-eabi-5_2-2015q4/arm-none-eabi/lib/armv7e-m/fpu/libc.a(lib_a-memmove.o)
                              /home/jon/gcc-arm-none-eabi-5_2-2015q4/arm-none-eabi/lib/armv7e-m/fpu/libc.a(lib_a-fvwrite.o) (memmove)
/home/jon/gcc-arm-none-eabi-5_2-2015q4/arm-none-eabi/lib/armv7e-m/fpu/libc.a(lib_a-mlock.o)
                              /home/jon/gcc-arm-none-eabi-5_2-2015q4/arm-none-eabi/lib/armv7e-m/fpu/libc.a(lib_a-mallocr.o) (__malloc_lock)
/home/jon/gcc-arm-none-eabi-5_2-2015q4/arm-none-eabi/lib/armv7e-m/fpu/libc.a(lib_a-reallocr.o)
                              /home/jon/gcc-arm-none-eabi-5_2-2015q4/arm-none-eabi/lib/armv7e-m/fpu/libc.a(lib_a-fvwrite.o) (_realloc_r)
/home/jon/gcc-arm-none-eabi-5_2-2015q4/arm-none-eabi/lib/armv7e-m/fpu/libc.a(lib_a-sbrkr.o)
                              /home/jon/gcc-arm-none-eabi-5_2-2015q4/arm-none-eabi/lib/armv7e-m/fpu/libc.a(lib_a-mallocr.o) (_sbrk_r)
/home/jon/gcc-arm-none-eabi-5_2-2015q4/arm-none-eabi/lib/armv7e-m/fpu/libc.a(lib_a-stdio.o)
                              /home/jon/gcc-arm-none-eabi-5_2-2015q4/arm-none-eabi/lib/armv7e-m/fpu/libc.a(lib_a-findfp.o) (__sread)
/home/jon/gcc-arm-none-eabi-5_2-2015q4/arm-none-eabi/lib/armv7e-m/fpu/libc.a(lib_a-writer.o)
                              /home/jon/gcc-arm-none-eabi-5_2-2015q4/arm-none-eabi/lib/armv7e-m/fpu/libc.a(lib_a-stdio.o) (_write_r)
/home/jon/gcc-arm-none-eabi-5_2-2015q4/arm-none-eabi/lib/armv7e-m/fpu/libc.a(lib_a-wsetup.o)
                              /home/jon/gcc-arm-none-eabi-5_2-2015q4/arm-none-eabi/lib/armv7e-m/fpu/libc.a(lib_a-fvwrite.o) (__swsetup_r)
/home/jon/gcc-arm-none-eabi-5_2-2015q4/arm-none-eabi/lib/armv7e-m/fpu/libc.a(lib_a-closer.o)
                              /home/jon/gcc-arm-none-eabi-5_2-2015q4/arm-none-eabi/lib/armv7e-m/fpu/libc.a(lib_a-stdio.o) (_close_r)
/home/jon/gcc-arm-none-eabi-5_2-2015q4/arm-none-eabi/lib/armv7e-m/fpu/libc.a(lib_a-fclose.o)
                              /home/jon/gcc-arm-none-eabi-5_2-2015q4/arm-none-eabi/lib/armv7e-m/fpu/libc.a(lib_a-findfp.o) (_fclose_r)
/home/jon/gcc-arm-none-eabi-5_2-2015q4/arm-none-eabi/lib/armv7e-m/fpu/libc.a(lib_a-fflush.o)
                              /home/jon/gcc-arm-none-eabi-5_2-2015q4/arm-none-eabi/lib/armv7e-m/fpu/libc.a(lib_a-fclose.o) (__sflush_r)
/home/jon/gcc-arm-none-eabi-5_2-2015q4/arm-none-eabi/lib/armv7e-m/fpu/libc.a(lib_a-freer.o)
[...]
Memory Configuration

Name             Origin             Length             Attributes
sram             0x20000000         0x00030000         w !xr
CCMRAM           0x60000000         0x00000000         xrw
flash            0x08000000         0x00100000         xrw
*default*        0x00000000         0xffffffff

Linker script and memory map

LOAD /home/jon/dev_src/SEU-Detect-Correct/build/system_stm32f4xx.o
LOAD /home/jon/dev_src/SEU-Detect-Correct/build/main.o
LOAD /home/jon/dev_src/SEU-Detect-Correct/build/syscalls.o
LOAD /home/jon/dev_src/SEU-Detect-Correct/build/port.o
LOAD /home/jon/dev_src/SEU-Detect-Correct/build/list.o
LOAD /home/jon/dev_src/SEU-Detect-Correct/build/queue.o
LOAD /home/jon/dev_src/SEU-Detect-Correct/build/tasks.o
LOAD /home/jon/dev_src/SEU-Detect-Correct/build/event_groups.o
LOAD /home/jon/dev_src/SEU-Detect-Correct/build/timers.o
LOAD /home/jon/dev_src/SEU-Detect-Correct/build/heap_4.o
LOAD /home/jon/dev_src/SEU-Detect-Correct/build/stm32f4xx_syscfg.o
LOAD /home/jon/dev_src/SEU-Detect-Correct/build/misc.o
LOAD /home/jon/dev_src/SEU-Detect-Correct/build/stm32f4xx_adc.o
LOAD /home/jon/dev_src/SEU-Detect-Correct/build/stm32f4xx_dac.o
LOAD /home/jon/dev_src/SEU-Detect-Correct/build/stm32f4xx_dma.o
LOAD /home/jon/dev_src/SEU-Detect-Correct/build/stm32f4xx_exti.o
LOAD /home/jon/dev_src/SEU-Detect-Correct/build/stm32f4xx_flash.o
LOAD /home/jon/dev_src/SEU-Detect-Correct/build/stm32f4xx_gpio.o
LOAD /home/jon/dev_src/SEU-Detect-Correct/build/stm32f4xx_i2c.o
LOAD /home/jon/dev_src/SEU-Detect-Correct/build/stm32f4xx_rcc.o
LOAD /home/jon/dev_src/SEU-Detect-Correct/build/stm32f4xx_spi.o
LOAD /home/jon/dev_src/SEU-Detect-Correct/build/stm32f4xx_tim.o
LOAD /home/jon/dev_src/SEU-Detect-Correct/build/stm32f4xx_usart.o
LOAD /home/jon/dev_src/SEU-Detect-Correct/build/stm32f4xx_rng.o
LOAD /home/jon/dev_src/SEU-Detect-Correct/build/alpha_to.o
LOAD /home/jon/dev_src/SEU-Detect-Correct/build/index_of.o
LOAD /home/jon/dev_src/SEU-Detect-Correct/build/genpoly.o
LOAD build/trace_functions.o
LOAD /home/jon/dev_src/SEU-Detect-Correct/build/startup_stm32f4xx.o
LOAD /home/jon/gcc-arm-none-eabi-5_2-2015q4/arm-none-eabi/lib/armv7e-m/fpu/libc.a
LOAD /home/jon/gcc-arm-none-eabi-5_2-2015q4/arm-none-eabi/lib/armv7e-m/fpu/libm.a
START GROUP
LOAD /home/jon/gcc-arm-none-eabi-5_2-2015q4/bin/../lib/gcc/arm-none-eabi/5.2.1/libgcc.a
LOAD /home/jon/gcc-arm-none-eabi-5_2-2015q4/bin/../lib/gcc/arm-none-eabi/5.2.1/../../../../arm-none-eabi/lib/libc.a
END GROUP

.text           0x08000000    0x22340
 FILL mask 0x00000000
                0x08000000                _text = .
                [!provide]                PROVIDE (stext, .)
                0x08000000                work_area = .
                0x08004000                . = (work_area + 0x4000)
 *fill*         0x08000000     0x4000 00000000
                0x08004000                block_base = .
                0x08004000                block_count = .
                0x08004000        0x4 LONG 0x7 ((block_end - block_base) / 0x3400)
 *(.text.section1_profile_func_enter)
 *fill*         0x08004004       0x1c 00000000
 .text.section1_profile_func_enter
                0x08004020     0x13e0 build/trace_functions.o
 *(.text.__kernel_rem_pio2f)
 .text.__kernel_rem_pio2f
                0x08005400      0x628 /home/jon/gcc-arm-none-eabi-5_2-2015q4/arm-none-eabi/lib/armv7e-m/fpu/libm.a(lib_a-kf_rem_pio2.o)
                0x08005400                __kernel_rem_pio2f
                0x08005a2a                . = (. + 0x2)
 *fill*         0x08005a28        0x2 00000000
 *(.text._malloc_r)
 *fill*         0x08005a2a        0x2 00000000
 .text._malloc_r
                0x08005a2c      0x570 /home/jon/gcc-arm-none-eabi-5_2-2015q4/arm-none-eabi/lib/armv7e-m/fpu/libc.a(lib_a-mallocr.o)
                0x08005a2c                _malloc_r
 *(.text._realloc_r)
 .text._realloc_r
                0x08005f9c      0x3e0 /home/jon/gcc-arm-none-eabi-5_2-2015q4/arm-none-eabi/lib/armv7e-m/fpu/libc.a(lib_a-reallocr.o)
                0x08005f9c                _realloc_r
                0x0800637e                . = (. + 0x2)
 *fill*         0x0800637c        0x2 00000000
 *(.text.__sfvwrite_r)
 *fill*         0x0800637e        0x2 00000000
 .text.__sfvwrite_r
                0x08006380      0x300 /home/jon/gcc-arm-none-eabi-5_2-2015q4/arm-none-eabi/lib/armv7e-m/fpu/libc.a(lib_a-fvwrite.o)
                0x08006380                __sfvwrite_r
 *(.text.__ieee754_rem_pio2f)
 .text.__ieee754_rem_pio2f
                0x08006680      0x298 /home/jon/gcc-arm-none-eabi-5_2-2015q4/arm-none-eabi/lib/armv7e-m/fpu/libm.a(lib_a-ef_rem_pio2.o)
                0x08006680                __ieee754_rem_pio2f
 *(.text.xQueueGenericReceive)
 *fill*         0x08006918        0x8 00000000
 .text.xQueueGenericReceive
                0x08006920      0x264 /home/jon/dev_src/SEU-Detect-Correct/build/queue.o
                0x08006920                xQueueGenericReceive
 *(.text.xQueueGenericSend)
 *fill*         0x08006b84       0x1c 00000000
 .text.xQueueGenericSend
                0x08006ba0      0x258 /home/jon/dev_src/SEU-Detect-Correct/build/queue.o
                0x08006ba0                xQueueGenericSend
 *(.text.xEventGroupWaitBits)
 *fill*         0x08006df8        0x8 00000000
 .text.xEventGroupWaitBits
                0x08006e00      0x200 /home/jon/dev_src/SEU-Detect-Correct/build/event_groups.o
                0x08006e00                xEventGroupWaitBits
 *(.text.xTaskGenericCreate)
 .text.xTaskGenericCreate
                0x08007000      0x1fc /home/jon/dev_src/SEU-Detect-Correct/build/tasks.o
                0x08007000                xTaskGenericCreate
 *(.text.pvPortMalloc)
 *fill*         0x080071fc        0x4 00000000
 .text.pvPortMalloc
                0x08007200      0x1e8 /home/jon/dev_src/SEU-Detect-Correct/build/heap_4.o
                0x08007200                pvPortMalloc
 *(.text.ADC_AnalogWatchdogCmd)
 *fill*         0x080073e8       0x18 00000000
 .text.ADC_AnalogWatchdogCmd
                0x08007400       0x50 /home/jon/dev_src/SEU-Detect-Correct/build/stm32f4xx_adc.o
                0x08007400                ADC_AnalogWatchdogCmd
 *(.text.memchr)
                0x0800746c                . = (. + 0x1c)
 *fill*         0x08007450       0x1c 00000000
 *(.text.xTaskNotifyFromISR)
 *fill*         0x0800746c       0x14 00000000
 .text.xTaskNotifyFromISR
                0x08007480      0x1e8 /home/jon/dev_src/SEU-Detect-Correct/build/tasks.o
                0x08007480                xTaskNotifyFromISR
 *(.text.TIM_DeInit)
 *fill*         0x08007668       0x18 00000000
 .text.TIM_DeInit
                0x08007680      0x1d8 /home/jon/dev_src/SEU-Detect-Correct/build/stm32f4xx_tim.o
                0x08007680                TIM_DeInit
 *(.text._free_r)
 .text._free_r  0x08007858      0x1d0 /home/jon/gcc-arm-none-eabi-5_2-2015q4/arm-none-eabi/lib/armv7e-m/fpu/libc.a(lib_a-freer.o)
                0x08007858                _free_r
 *(.text.I2S_Init)
 *fill*         0x08007a28       0x18 00000000
 .text.I2S_Init
                0x08007a40      0x1cc /home/jon/dev_src/SEU-Detect-Correct/build/stm32f4xx_spi.o
                0x08007a40                I2S_Init
 *(.text.xTaskIncrementTick)
 *fill*         0x08007c0c       0x14 00000000
 .text.xTaskIncrementTick
                0x08007c20      0x1c0 /home/jon/dev_src/SEU-Detect-Correct/build/tasks.o
                0x08007c20                xTaskIncrementTick
 *(.text.DMA_DeInit)
 .text.DMA_DeInit
                0x08007de0      0x1bc /home/jon/dev_src/SEU-Detect-Correct/build/stm32f4xx_dma.o
                0x08007de0                DMA_DeInit
 *(.text.xEventGroupSync)
 *fill*         0x08007f9c        0x4 00000000
 .text.xEventGroupSync
                0x08007fa0      0x1b0 /home/jon/dev_src/SEU-Detect-Correct/build/event_groups.o
                0x08007fa0                xEventGroupSync
 *(.text.ADC_RegularChannelConfig)
 *fill*         0x08008150       0x10 00000000
 .text.ADC_RegularChannelConfig
                0x08008160      0x1ac /home/jon/dev_src/SEU-Detect-Correct/build/stm32f4xx_adc.o
                0x08008160                ADC_RegularChannelConfig
 *(.text.xQueueGenericSendFromISR)
 *fill*         0x0800830c       0x14 00000000
 .text.xQueueGenericSendFromISR
                0x08008320      0x1a4 /home/jon/dev_src/SEU-Detect-Correct/build/queue.o
                0x08008320                xQueueGenericSendFromISR
 *(.text.I2C_Init)
 *fill*         0x080084c4       0x1c 00000000
 .text.I2C_Init
                0x080084e0      0x1a0 /home/jon/dev_src/SEU-Detect-Correct/build/stm32f4xx_i2c.o
                0x080084e0                I2C_Init
 *(.text.USART_Init)
 .text.USART_Init
                0x08008680      0x194 /home/jon/dev_src/SEU-Detect-Correct/build/stm32f4xx_usart.o
                0x08008680                USART_Init
 *(.text.vTaskPrioritySet)
 *fill*         0x08008814        0xc 00000000
 .text.vTaskPrioritySet
                0x08008820      0x18c /home/jon/dev_src/SEU-Detect-Correct/build/tasks.o
                0x08008820                vTaskPrioritySet
 *(.text.vTaskNotifyGiveFromISR)
 *fill*         0x080089ac       0x14 00000000
 .text.vTaskNotifyGiveFromISR
                0x080089c0      0x188 /home/jon/dev_src/SEU-Detect-Correct/build/tasks.o
                0x080089c0                vTaskNotifyGiveFromISR
 *(.text.vTaskDelayUntil)
 *fill*         0x08008b48       0x18 00000000
 .text.vTaskDelayUntil
                0x08008b60      0x178 /home/jon/dev_src/SEU-Detect-Correct/build/tasks.o
                0x08008b60                vTaskDelayUntil
 *(.text.xTaskNotify)
 *fill*         0x08008cd8        0x8 00000000
 .text.xTaskNotify
                0x08008ce0      0x178 /home/jon/dev_src/SEU-Detect-Correct/build/tasks.o
                0x08008ce0                xTaskNotify
 *(.text.RCC_GetClocksFreq)
 *fill*         0x08008e58        0x8 00000000
 .text.RCC_GetClocksFreq
                0x08008e60      0x16c /home/jon/dev_src/SEU-Detect-Correct/build/stm32f4xx_rcc.o
                0x08008e60                RCC_GetClocksFreq
 *(.text.prvProcessReceivedCommands)
 *fill*         0x08008fcc       0x14 00000000
 .text.prvProcessReceivedCommands
                0x08008fe0      0x168 /home/jon/dev_src/SEU-Detect-Correct/build/timers.o
 *(.text.xQueueReceiveFromISR)
 *fill*         0x08009148       0x18 00000000
 .text.xQueueReceiveFromISR
                0x08009160      0x160 /home/jon/dev_src/SEU-Detect-Correct/build/queue.o
                0x08009160                xQueueReceiveFromISR
 *(.text.xEventGroupSetBits)
 .text.xEventGroupSetBits
                0x080092c0      0x15c /home/jon/dev_src/SEU-Detect-Correct/build/event_groups.o
                0x080092c0                xEventGroupSetBits
 *(.text.xTaskResumeAll)
 *fill*         0x0800941c        0x4 00000000
 .text.xTaskResumeAll
                0x08009420      0x15c /home/jon/dev_src/SEU-Detect-Correct/build/tasks.o
                0x08009420                xTaskResumeAll
 *(.text.xQueuePeekFromISR)
 *fill*         0x0800957c        0x4 00000000
 .text.xQueuePeekFromISR
                0x08009580      0x158 /home/jon/dev_src/SEU-Detect-Correct/build/queue.o
                0x08009580                xQueuePeekFromISR
 *(.text.vTaskSwitchContext)
 *fill*         0x080096d8        0x8 00000000
 .text.vTaskSwitchContext
                0x080096e0      0x14c /home/jon/dev_src/SEU-Detect-Correct/build/tasks.o
                0x080096e0                vTaskSwitchContext
 *(.text.xQueueGiveFromISR)
 *fill*         0x0800982c       0x14 00000000
 .text.xQueueGiveFromISR
                0x08009840      0x14c /home/jon/dev_src/SEU-Detect-Correct/build/queue.o
                0x08009840                xQueueGiveFromISR
 *(.text.__sflush_r)
 .text.__sflush_r
                0x0800998c      0x148 /home/jon/gcc-arm-none-eabi-5_2-2015q4/arm-none-eabi/lib/armv7e-m/fpu/libc.a(lib_a-fflush.o)
                0x0800998c                __sflush_r
 *(.text.vTaskSuspend)
 *fill*         0x08009ad4        0xc 00000000
 .text.vTaskSuspend
                0x08009ae0      0x144 /home/jon/dev_src/SEU-Detect-Correct/build/tasks.o
                0x08009ae0                vTaskSuspend
 *(.text.xTaskResumeFromISR)
 *fill*         0x08009c24       0x1c 00000000
 .text.xTaskResumeFromISR
                0x08009c40      0x144 /home/jon/dev_src/SEU-Detect-Correct/build/tasks.o
                0x08009c40                xTaskResumeFromISR
 *(.text.SetSysClock)
 *fill*         0x08009d84       0x1c 00000000
 .text.SetSysClock
                0x08009da0      0x140 /home/jon/dev_src/SEU-Detect-Correct/build/system_stm32f4xx.o
 *(.text.GPIO_DeInit)
 .text.GPIO_DeInit
                0x08009ee0      0x13c /home/jon/dev_src/SEU-Detect-Correct/build/stm32f4xx_gpio.o
                0x08009ee0                GPIO_DeInit
 *(.text.ADC_InjectedChannelConfig)
 *fill*         0x0800a01c        0x4 00000000
 .text.ADC_InjectedChannelConfig
                0x0800a020      0x138 /home/jon/dev_src/SEU-Detect-Correct/build/stm32f4xx_adc.o
                0x0800a020                ADC_InjectedChannelConfig
 *(.text.vTaskDelete)
 *fill*         0x0800a158        0x8 00000000
 .text.vTaskDelete
                0x0800a160      0x138 /home/jon/dev_src/SEU-Detect-Correct/build/tasks.o
                0x0800a160                vTaskDelete
 *(.text.GPIO_Init)
 *fill*         0x0800a298        0x8 00000000
 .text.GPIO_Init
                0x0800a2a0      0x134 /home/jon/dev_src/SEU-Detect-Correct/build/stm32f4xx_gpio.o
                0x0800a2a0                GPIO_Init
 *(.text.memcpy)
 *(.text.prvListTaskWithinSingleList)
 *fill*         0x0800a3d4        0xc 00000000
 .text.prvListTaskWithinSingleList
                0x0800a3e0      0x134 /home/jon/dev_src/SEU-Detect-Correct/build/tasks.o
 *(.text.TIM_OC2Init)
 *fill*         0x0800a514        0xc 00000000
 .text.TIM_OC2Init
                0x0800a520      0x128 /home/jon/dev_src/SEU-Detect-Correct/build/stm32f4xx_tim.o
                0x0800a520                TIM_OC2Init
 *(.text.xTaskNotifyWait)
 *fill*         0x0800a648       0x18 00000000
 .text.xTaskNotifyWait
                0x0800a660      0x128 /home/jon/dev_src/SEU-Detect-Correct/build/tasks.o
                0x0800a660                xTaskNotifyWait
 *(.text.TIM_OC3Init)
 *fill*         0x0800a788       0x18 00000000
 .text.TIM_OC3Init
                0x0800a7a0      0x124 /home/jon/dev_src/SEU-Detect-Correct/build/stm32f4xx_tim.o
                0x0800a7a0                TIM_OC3Init
 *(.text.ADC_GetMultiModeConversionValue)
 *fill*         0x0800a8c4       0x1c 00000000
 .text.ADC_GetMultiModeConversionValue
                0x0800a8e0       0x2c /home/jon/dev_src/SEU-Detect-Correct/build/stm32f4xx_adc.o
                0x0800a8e0                ADC_GetMultiModeConversionValue
                0x0800a928                . = (. + 0x1c)
 *fill*         0x0800a90c       0x1c 00000000
 *(.text.xTaskPriorityDisinherit)
 *fill*         0x0800a928       0x18 00000000
 .text.xTaskPriorityDisinherit
                0x0800a940      0x118 /home/jon/dev_src/SEU-Detect-Correct/build/tasks.o
                0x0800a940                xTaskPriorityDisinherit
 *(.text.xTaskRemoveFromUnorderedEventList)
 *fill*         0x0800aa58        0x8 00000000
 .text.xTaskRemoveFromUnorderedEventList
                0x0800aa60      0x114 /home/jon/dev_src/SEU-Detect-Correct/build/tasks.o
                0x0800aa60                xTaskRemoveFromUnorderedEventList
 *(.text.SystemCoreClockUpdate)
 *fill*         0x0800ab74        0xc 00000000
 .text.SystemCoreClockUpdate
                0x0800ab80      0x110 /home/jon/dev_src/SEU-Detect-Correct/build/system_stm32f4xx.o
                0x0800ab80                SystemCoreClockUpdate
 *(.text.uxTaskGetSystemState)
 *fill*         0x0800ac90       0x10 00000000
 .text.uxTaskGetSystemState
                0x0800aca0      0x110 /home/jon/dev_src/SEU-Detect-Correct/build/tasks.o
                0x0800aca0                uxTaskGetSystemState
 *(.text.vTaskPlaceOnUnorderedEventList)
 *fill*         0x0800adb0       0x10 00000000
 .text.vTaskPlaceOnUnorderedEventList
                0x0800adc0      0x110 /home/jon/dev_src/SEU-Detect-Correct/build/tasks.o
                0x0800adc0                vTaskPlaceOnUnorderedEventList
 *(.text.TIM_OC1Init)
 *fill*         0x0800aed0       0x10 00000000
 .text.TIM_OC1Init
                0x0800aee0      0x10c /home/jon/dev_src/SEU-Detect-Correct/build/stm32f4xx_tim.o
                0x0800aee0                TIM_OC1Init
 *(.text.vTaskPriorityInherit)
 *fill*         0x0800afec       0x14 00000000
 .text.vTaskPriorityInherit
                0x0800b000      0x108 /home/jon/dev_src/SEU-Detect-Correct/build/tasks.o
                0x0800b000                vTaskPriorityInherit
 *(.text.__kernel_cosf)
 .text.__kernel_cosf
                0x0800b108      0x104 /home/jon/gcc-arm-none-eabi-5_2-2015q4/arm-none-eabi/lib/armv7e-m/fpu/libm.a(lib_a-kf_cos.o)
                0x0800b108                __kernel_cosf
 *(.text.ulTaskNotifyTake)
 *fill*         0x0800b20c       0x14 00000000
 .text.ulTaskNotifyTake
                0x0800b220      0x104 /home/jon/dev_src/SEU-Detect-Correct/build/tasks.o
                0x0800b220                ulTaskNotifyTake
 *(.text.xQueueGenericReset)
 *fill*         0x0800b324       0x1c 00000000
 .text.xQueueGenericReset
                0x0800b340      0x104 /home/jon/dev_src/SEU-Detect-Correct/build/queue.o
                0x0800b340                xQueueGenericReset
 *(.text.xTaskCheckForTimeOut)
 *fill*         0x0800b444       0x1c 00000000
 .text.xTaskCheckForTimeOut
                0x0800b460      0x104 /home/jon/dev_src/SEU-Detect-Correct/build/tasks.o
                0x0800b460                xTaskCheckForTimeOut
 *(.text.xQueueGenericCreate)
 *fill*         0x0800b564       0x1c 00000000
 .text.xQueueGenericCreate
                0x0800b580      0x100 /home/jon/dev_src/SEU-Detect-Correct/build/queue.o
                0x0800b580                xQueueGenericCreate
 *(.text.EXTI_Init)
 .text.EXTI_Init
                0x0800b680       0xfc /home/jon/dev_src/SEU-Detect-Correct/build/stm32f4xx_exti.o
                0x0800b680                EXTI_Init
 *(.text.vPortFree)
 *fill*         0x0800b77c        0x4 00000000
 .text.vPortFree
                0x0800b780       0xf8 /home/jon/dev_src/SEU-Detect-Correct/build/heap_4.o
                0x0800b780                vPortFree
 *(.text.xTaskRemoveFromEventList)
 *fill*         0x0800b878        0x8 00000000
 .text.xTaskRemoveFromEventList
                0x0800b880       0xf8 /home/jon/dev_src/SEU-Detect-Correct/build/tasks.o
                0x0800b880                xTaskRemoveFromEventList
 *(.text.prvCopyDataToQueue)
 *fill*         0x0800b978        0x8 00000000
 .text.prvCopyDataToQueue
                0x0800b980       0xf4 /home/jon/dev_src/SEU-Detect-Correct/build/queue.o
 *(.text.prvSwitchTimerLists)
 *fill*         0x0800ba74        0xc 00000000
 .text.prvSwitchTimerLists
                0x0800ba80       0xf4 /home/jon/dev_src/SEU-Detect-Correct/build/timers.o
 *(.text.__sinit.part.1)
 .text.__sinit.part.1
                0x0800bb74       0xf0 /home/jon/gcc-arm-none-eabi-5_2-2015q4/arm-none-eabi/lib/armv7e-m/fpu/libc.a(lib_a-findfp.o)
 *(.text.TIM_TimeBaseInit)
 *fill*         0x0800bc64       0x1c 00000000
 .text.TIM_TimeBaseInit
                0x0800bc80       0xec /home/jon/dev_src/SEU-Detect-Correct/build/stm32f4xx_tim.o
                0x0800bc80                TIM_TimeBaseInit
 *(.text.USART_DeInit)
 *fill*         0x0800bd6c       0x14 00000000
 .text.USART_DeInit
                0x0800bd80       0xec /home/jon/dev_src/SEU-Detect-Correct/build/stm32f4xx_usart.o
                0x0800bd80                USART_DeInit
 *(.text.vTaskResume)
 *fill*         0x0800be6c       0x14 00000000
 .text.vTaskResume
                0x0800be80       0xec /home/jon/dev_src/SEU-Detect-Correct/build/tasks.o
                0x0800be80                vTaskResume
 *(.text.xPortStartScheduler)
 *fill*         0x0800bf6c       0x14 00000000
 .text.xPortStartScheduler
                0x0800bf80       0xec /home/jon/dev_src/SEU-Detect-Correct/build/port.o
                0x0800bf80                xPortStartScheduler
 *(.text.TIM_OC4Init)
 *fill*         0x0800c06c       0x14 00000000
 .text.TIM_OC4Init
                0x0800c080       0xe4 /home/jon/dev_src/SEU-Detect-Correct/build/stm32f4xx_tim.o
                0x0800c080                TIM_OC4Init
 *(.text.__smakebuf_r)
 .text.__smakebuf_r
                0x0800c164       0xe0 /home/jon/gcc-arm-none-eabi-5_2-2015q4/arm-none-eabi/lib/armv7e-m/fpu/libc.a(lib_a-makebuf.o)
                0x0800c164                __smakebuf_r
 *(.text.FLASH_EraseSector)
 *fill*         0x0800c244       0x1c 00000000
 .text.FLASH_EraseSector
                0x0800c260       0xdc /home/jon/dev_src/SEU-Detect-Correct/build/stm32f4xx_flash.o
                0x0800c260                FLASH_EraseSector
 *(.text.prvHeapInit)
 *fill*         0x0800c33c        0x4 00000000
 .text.prvHeapInit
                0x0800c340       0xdc /home/jon/dev_src/SEU-Detect-Correct/build/heap_4.o
 *(.text.strlen)
 *(.text.NVIC_Init)
 *fill*         0x0800c41c        0x4 00000000
 .text.NVIC_Init
                0x0800c420       0xd8 /home/jon/dev_src/SEU-Detect-Correct/build/misc.o
                0x0800c420                NVIC_Init
 *(.text.vTaskDelay)
 *fill*         0x0800c4f8        0x8 00000000
 .text.vTaskDelay
                0x0800c500       0xd8 /home/jon/dev_src/SEU-Detect-Correct/build/tasks.o
                0x0800c500                vTaskDelay
 *(.text.xQueueCreateCountingSemaphore)
 *fill*         0x0800c5d8        0x8 00000000
 .text.xQueueCreateCountingSemaphore
                0x0800c5e0       0xd8 /home/jon/dev_src/SEU-Detect-Correct/build/queue.o
                0x0800c5e0                xQueueCreateCountingSemaphore
 *(.text.TIM_PWMIConfig)
 *fill*         0x0800c6b8        0x8 00000000
 .text.TIM_PWMIConfig
                0x0800c6c0       0xd4 /home/jon/dev_src/SEU-Detect-Correct/build/stm32f4xx_tim.o
                0x0800c6c0                TIM_PWMIConfig
 *(.text.vTaskStartScheduler)
 *fill*         0x0800c794        0xc 00000000
 .text.vTaskStartScheduler
                0x0800c7a0       0xd4 /home/jon/dev_src/SEU-Detect-Correct/build/tasks.o
                0x0800c7a0                vTaskStartScheduler
 *(.text.xQueueCreateMutex)
 *fill*         0x0800c874        0xc 00000000
 .text.xQueueCreateMutex
                0x0800c880       0xd4 /home/jon/dev_src/SEU-Detect-Correct/build/queue.o
                0x0800c880                xQueueCreateMutex
 *(.text.scalbnf)
 .text.scalbnf  0x0800c954       0xd0 /home/jon/gcc-arm-none-eabi-5_2-2015q4/arm-none-eabi/lib/armv7e-m/fpu/libm.a(lib_a-sf_scalbn.o)
                0x0800c954                scalbnf
 *(.text.USART_GetITStatus)
 *fill*         0x0800ca24       0x1c 00000000
 .text.USART_GetITStatus
                0x0800ca40       0xd0 /home/jon/dev_src/SEU-Detect-Correct/build/stm32f4xx_usart.o
                0x0800ca40                USART_GetITStatus
 *(.text.vTaskPlaceOnEventList)
 *fill*         0x0800cb10       0x10 00000000
 .text.vTaskPlaceOnEventList
                0x0800cb20       0xd0 /home/jon/dev_src/SEU-Detect-Correct/build/tasks.o
                0x0800cb20                vTaskPlaceOnEventList
 *(.text.DMA_GetITStatus)
 *fill*         0x0800cbf0       0x10 00000000
 .text.DMA_GetITStatus
                0x0800cc00       0xc8 /home/jon/dev_src/SEU-Detect-Correct/build/stm32f4xx_dma.o
                0x0800cc00                DMA_GetITStatus
 *(.text.memmove)
 .text.memmove  0x0800ccc8       0xc8 /home/jon/gcc-arm-none-eabi-5_2-2015q4/arm-none-eabi/lib/armv7e-m/fpu/libc.a(lib_a-memmove.o)
                0x0800ccc8                memmove
                0x0800cd92                . = (. + 0x2)
 *fill*         0x0800cd90        0x2 00000000
 *(.text.prvInsertBlockIntoFreeList)
 *fill*         0x0800cd92        0xe 00000000
 .text.prvInsertBlockIntoFreeList
                0x0800cda0       0xc8 /home/jon/dev_src/SEU-Detect-Correct/build/heap_4.o
 *(.text.TIM_SelectOCxM)
 *fill*         0x0800ce68       0x18 00000000
 .text.TIM_SelectOCxM
                0x0800ce80       0xc8 /home/jon/dev_src/SEU-Detect-Correct/build/stm32f4xx_tim.o
                0x0800ce80                TIM_SelectOCxM
 *(.text.DMA_Init)
 *fill*         0x0800cf48       0x18 00000000
 .text.DMA_Init
                0x0800cf60       0xc4 /home/jon/dev_src/SEU-Detect-Correct/build/stm32f4xx_dma.o
                0x0800cf60                DMA_Init
 *(.text.prvInitialiseTCBVariables)
 *fill*         0x0800d024       0x1c 00000000
 .text.prvInitialiseTCBVariables
                0x0800d040       0xc4 /home/jon/dev_src/SEU-Detect-Correct/build/tasks.o
 *(.text.__swsetup_r)
 .text.__swsetup_r
                0x0800d104       0xc4 /home/jon/gcc-arm-none-eabi-5_2-2015q4/arm-none-eabi/lib/armv7e-m/fpu/libc.a(lib_a-wsetup.o)
                0x0800d104                __swsetup_r
 *(.text.TIM_ICInit)
 *fill*         0x0800d1c8       0x18 00000000
 .text.TIM_ICInit
                0x0800d1e0       0xc4 /home/jon/dev_src/SEU-Detect-Correct/build/stm32f4xx_tim.o
                0x0800d1e0                TIM_ICInit
 *(.text.ADC_Init)
 *fill*         0x0800d2a4       0x1c 00000000
 .text.ADC_Init
                0x0800d2c0       0xc0 /home/jon/dev_src/SEU-Detect-Correct/build/stm32f4xx_adc.o
                0x0800d2c0                ADC_Init
 *(.text.prvCheckForValidListAndQueue)
 .text.prvCheckForValidListAndQueue
                0x0800d380       0xc0 /home/jon/dev_src/SEU-Detect-Correct/build/timers.o
 *(.text.FLASH_EraseAllSectors)
 .text.FLASH_EraseAllSectors
                0x0800d440       0xbc /home/jon/dev_src/SEU-Detect-Correct/build/stm32f4xx_flash.o
                0x0800d440                FLASH_EraseAllSectors
 *(.text.vPortValidateInterruptPriority)
 *fill*         0x0800d4fc        0x4 00000000
 .text.vPortValidateInterruptPriority
                0x0800d500       0xbc /home/jon/dev_src/SEU-Detect-Correct/build/port.o
                0x0800d500                vPortValidateInterruptPriority
 *(.text.I2S_FullDuplexConfig)
 *fill*         0x0800d5bc        0x4 00000000
 .text.I2S_FullDuplexConfig
                0x0800d5c0       0xb4 /home/jon/dev_src/SEU-Detect-Correct/build/stm32f4xx_spi.o
                0x0800d5c0                I2S_FullDuplexConfig
 *(.text.prvUnlockQueue)
 *fill*         0x0800d674        0xc 00000000
 .text.prvUnlockQueue
                0x0800d680       0xb4 /home/jon/dev_src/SEU-Detect-Correct/build/queue.o
 *(.text.TI4_Config)
 *fill*         0x0800d734        0xc 00000000
 .text.TI4_Config
                0x0800d740       0xb4 /home/jon/dev_src/SEU-Detect-Correct/build/stm32f4xx_tim.o
 *(.text.vTaskPlaceOnEventListRestricted)
 *fill*         0x0800d7f4        0xc 00000000
 .text.vTaskPlaceOnEventListRestricted
                0x0800d800       0xb4 /home/jon/dev_src/SEU-Detect-Correct/build/tasks.o
                0x0800d800                vTaskPlaceOnEventListRestricted
 *(.text.xEventGroupClearBits)
 *fill*         0x0800d8b4        0xc 00000000
 .text.xEventGroupClearBits
                0x0800d8c0       0xb4 /home/jon/dev_src/SEU-Detect-Correct/build/event_groups.o
                0x0800d8c0                xEventGroupClearBits
 *(.text.prvProcessExpiredTimer)
 *fill*         0x0800d974        0xc 00000000
 .text.prvProcessExpiredTimer
                0x0800d980       0xb0 /home/jon/dev_src/SEU-Detect-Correct/build/timers.o
 *(.text.TI2_Config)
 *fill*         0x0800da30       0x10 00000000
 .text.TI2_Config
                0x0800da40       0xb0 /home/jon/dev_src/SEU-Detect-Correct/build/stm32f4xx_tim.o
 *(.text.TIM_EncoderInterfaceConfig)
 *fill*         0x0800daf0       0x10 00000000
 .text.TIM_EncoderInterfaceConfig
                0x0800db00       0xb0 /home/jon/dev_src/SEU-Detect-Correct/build/stm32f4xx_tim.o
                0x0800db00                TIM_EncoderInterfaceConfig
 *(.text.xTimerCreate)
 *fill*         0x0800dbb0       0x10 00000000
 .text.xTimerCreate
                0x0800dbc0       0xac /home/jon/dev_src/SEU-Detect-Correct/build/timers.o
                0x0800dbc0                xTimerCreate
 *(.text.GPIO_PinAFConfig)
 *fill*         0x0800dc6c       0x14 00000000
 .text.GPIO_PinAFConfig
                0x0800dc80       0xa8 /home/jon/dev_src/SEU-Detect-Correct/build/stm32f4xx_gpio.o
                0x0800dc80                GPIO_PinAFConfig
 *(.text.TI3_Config)
 *fill*         0x0800dd28       0x18 00000000
 .text.TI3_Config
                0x0800dd40       0xa8 /home/jon/dev_src/SEU-Detect-Correct/build/stm32f4xx_tim.o
 *(.text.USART_ITConfig)
 *fill*         0x0800dde8       0x18 00000000
 .text.USART_ITConfig
                0x0800de00       0xa8 /home/jon/dev_src/SEU-Detect-Correct/build/stm32f4xx_usart.o
                0x0800de00                USART_ITConfig
 *(.text.init_USART3)
 *fill*         0x0800dea8       0x18 00000000
 .text.init_USART3
                0x0800dec0       0xa4 /home/jon/dev_src/SEU-Detect-Correct/build/main.o
                0x0800dec0                init_USART3
 *(.text.__sseek)
 .text.__sseek  0x0800df64       0x20 /home/jon/gcc-arm-none-eabi-5_2-2015q4/arm-none-eabi/lib/armv7e-m/fpu/libc.a(lib_a-stdio.o)
                0x0800df64                __sseek
                0x0800dfa0                . = (. + 0x1c)
 *fill*         0x0800df84       0x1c 00000000
 *(.text.section2_profile_func_enter)
 .text.section2_profile_func_enter
                0x0800dfa0     0x13dc build/trace_functions.o
 *(.text.prvTaskIsTaskSuspended)
 *fill*         0x0800f37c        0x4 00000000
 .text.prvTaskIsTaskSuspended
                0x0800f380       0xa4 /home/jon/dev_src/SEU-Detect-Correct/build/tasks.o
 *(.text.uxTaskPriorityGetFromISR)
 *fill*         0x0800f424       0x1c 00000000
 .text.uxTaskPriorityGetFromISR
                0x0800f440       0xa4 /home/jon/dev_src/SEU-Detect-Correct/build/tasks.o
                0x0800f440                uxTaskPriorityGetFromISR
 *(.text.xQueueTakeMutexRecursive)
 *fill*         0x0800f4e4       0x1c 00000000
 .text.xQueueTakeMutexRecursive
                0x0800f500       0xa4 /home/jon/dev_src/SEU-Detect-Correct/build/queue.o
                0x0800f500                xQueueTakeMutexRecursive
 *(.text.prvInsertTimerInActiveList)
 *fill*         0x0800f5a4       0x1c 00000000
 .text.prvInsertTimerInActiveList
                0x0800f5c0       0xa0 /home/jon/dev_src/SEU-Detect-Correct/build/timers.o
 *(.text.SPI_Init)
 .text.SPI_Init
                0x0800f660       0xa0 /home/jon/dev_src/SEU-Detect-Correct/build/stm32f4xx_spi.o
                0x0800f660                SPI_Init
 *(.text.vPortEnterCritical)
 .text.vPortEnterCritical
                0x0800f700       0xa0 /home/jon/dev_src/SEU-Detect-Correct/build/port.o
                0x0800f700                vPortEnterCritical
 *(.text._malloc_trim_r)
 .text._malloc_trim_r
                0x0800f7a0       0x9c /home/jon/gcc-arm-none-eabi-5_2-2015q4/arm-none-eabi/lib/armv7e-m/fpu/libc.a(lib_a-freer.o)
                0x0800f7a0                _malloc_trim_r
 *(.text.memset)
 .text.memset   0x0800f83c       0x9c /home/jon/gcc-arm-none-eabi-5_2-2015q4/arm-none-eabi/lib/armv7e-m/fpu/libc.a(lib_a-memset.o)
                0x0800f83c                memset
                0x0800f8da                . = (. + 0x2)
 *fill*         0x0800f8d8        0x2 00000000
 *(.text.SYSCFG_EXTILineConfig)
 *fill*         0x0800f8da        0x6 00000000
 .text.SYSCFG_EXTILineConfig
                0x0800f8e0       0x9c /home/jon/dev_src/SEU-Detect-Correct/build/stm32f4xx_syscfg.o
                0x0800f8e0                SYSCFG_EXTILineConfig
 *(.text.TI1_Config)
 *fill*         0x0800f97c        0x4 00000000
 .text.TI1_Config
                0x0800f980       0x9c /home/jon/dev_src/SEU-Detect-Correct/build/stm32f4xx_tim.o
 *(.text.xQueueGiveMutexRecursive)
 *fill*         0x0800fa1c        0x4 00000000
 .text.xQueueGiveMutexRecursive
                0x0800fa20       0x9c /home/jon/dev_src/SEU-Detect-Correct/build/queue.o
                0x0800fa20                xQueueGiveMutexRecursive
 *(.text.xTimerCreateTimerTask)
 *fill*         0x0800fabc        0x4 00000000
 .text.xTimerCreateTimerTask
                0x0800fac0       0x9c /home/jon/dev_src/SEU-Detect-Correct/build/timers.o
                0x0800fac0                xTimerCreateTimerTask
 *(.text.xTimerGenericCommand)
 *fill*         0x0800fb5c        0x4 00000000
 .text.xTimerGenericCommand
                0x0800fb60       0x9c /home/jon/dev_src/SEU-Detect-Correct/build/timers.o
                0x0800fb60                xTimerGenericCommand
 *(.text.prvInitialiseTaskLists)
 *fill*         0x0800fbfc        0x4 00000000
 .text.prvInitialiseTaskLists
                0x0800fc00       0x98 /home/jon/dev_src/SEU-Detect-Correct/build/tasks.o
 *(.text.prvProcessTimerOrBlockTask)
 *fill*         0x0800fc98        0x8 00000000
 .text.prvProcessTimerOrBlockTask
                0x0800fca0       0x98 /home/jon/dev_src/SEU-Detect-Correct/build/timers.o
 *(.text.sinf)
 .text.sinf     0x0800fd38       0x94 /home/jon/gcc-arm-none-eabi-5_2-2015q4/arm-none-eabi/lib/armv7e-m/fpu/libm.a(lib_a-sf_sin.o)
                0x0800fd38                sinf
 *(.text.vEventGroupDelete)
 *fill*         0x0800fdcc       0x14 00000000
 .text.vEventGroupDelete
                0x0800fde0       0x94 /home/jon/dev_src/SEU-Detect-Correct/build/event_groups.o
                0x0800fde0                vEventGroupDelete
 *(.text.vPortExitCritical)
 *fill*         0x0800fe74        0xc 00000000
 .text.vPortExitCritical
                0x0800fe80       0x94 /home/jon/dev_src/SEU-Detect-Correct/build/port.o
                0x0800fe80                vPortExitCritical
 *(.text.DMA_GetFlagStatus)
 *fill*         0x0800ff14        0xc 00000000
 .text.DMA_GetFlagStatus
                0x0800ff20       0x90 /home/jon/dev_src/SEU-Detect-Correct/build/stm32f4xx_dma.o
                0x0800ff20                DMA_GetFlagStatus
 *(.text.floorf)
 .text.floorf   0x0800ffb0       0x90 /home/jon/gcc-arm-none-eabi-5_2-2015q4/arm-none-eabi/lib/armv7e-m/fpu/libm.a(lib_a-sf_floor.o)
                0x0800ffb0                floorf
 *(.text.I2C_DeInit)
 .text.I2C_DeInit
                0x08010040       0x90 /home/jon/dev_src/SEU-Detect-Correct/build/stm32f4xx_i2c.o
                0x08010040                I2C_DeInit
 *(.text.__kernel_sinf)
 .text.__kernel_sinf
                0x080100d0       0x90 /home/jon/gcc-arm-none-eabi-5_2-2015q4/arm-none-eabi/lib/armv7e-m/fpu/libm.a(lib_a-kf_sin.o)
                0x080100d0                __kernel_sinf
 *(.text.prvCheckTasksWaitingTermination)
 .text.prvCheckTasksWaitingTermination
                0x08010160       0x90 /home/jon/dev_src/SEU-Detect-Correct/build/tasks.o
 *(.text.SPI_I2S_DeInit)
 *fill*         0x080101f0       0x10 00000000
 .text.SPI_I2S_DeInit
                0x08010200       0x90 /home/jon/dev_src/SEU-Detect-Correct/build/stm32f4xx_spi.o
                0x08010200                SPI_I2S_DeInit
 *(.text.SPI_I2S_GetITStatus)
 *fill*         0x08010290       0x10 00000000
 .text.SPI_I2S_GetITStatus
                0x080102a0       0x90 /home/jon/dev_src/SEU-Detect-Correct/build/stm32f4xx_spi.o
                0x080102a0                SPI_I2S_GetITStatus
 *(.text.SysTick_Handler)
 *fill*         0x08010330       0x10 00000000
 .text.SysTick_Handler
                0x08010340       0x90 /home/jon/dev_src/SEU-Detect-Correct/build/port.o
                0x08010340                SysTick_Handler
 *(.text.xEventGroupGetBitsFromISR)
 *fill*         0x080103d0       0x10 00000000
 .text.xEventGroupGetBitsFromISR
                0x080103e0       0x90 /home/jon/dev_src/SEU-Detect-Correct/build/event_groups.o
                0x080103e0                xEventGroupGetBitsFromISR
 *(.text.DMA_ITConfig)
 *fill*         0x08010470       0x10 00000000
 .text.DMA_ITConfig
                0x08010480       0x8c /home/jon/dev_src/SEU-Detect-Correct/build/stm32f4xx_dma.o
                0x08010480                DMA_ITConfig
 *(.text.FLASH_ProgramDoubleWord)
 *fill*         0x0801050c       0x14 00000000
 .text.FLASH_ProgramDoubleWord
                0x08010520       0x8c /home/jon/dev_src/SEU-Detect-Correct/build/stm32f4xx_flash.o
                0x08010520                FLASH_ProgramDoubleWord
 *(.text.RCC_GetFlagStatus)
 *fill*         0x080105ac       0x14 00000000
 .text.RCC_GetFlagStatus
                0x080105c0       0x8c /home/jon/dev_src/SEU-Detect-Correct/build/stm32f4xx_rcc.o
                0x080105c0                RCC_GetFlagStatus
 *(.text.FLASH_ProgramHalfWord)
 *fill*         0x0801064c       0x14 00000000
 .text.FLASH_ProgramHalfWord
                0x08010660       0x88 /home/jon/dev_src/SEU-Detect-Correct/build/stm32f4xx_flash.o
                0x08010660                FLASH_ProgramHalfWord
 *(.text.prvAddCurrentTaskToDelayedList)
 *fill*         0x080106e8       0x18 00000000
 .text.prvAddCurrentTaskToDelayedList
                0x08010700       0x88 /home/jon/dev_src/SEU-Detect-Correct/build/tasks.o
 *(.text.prvAllocateTCBAndStack)
 *fill*         0x08010788       0x18 00000000
 .text.prvAllocateTCBAndStack
                0x080107a0       0x88 /home/jon/dev_src/SEU-Detect-Correct/build/tasks.o
 *(.text._reclaim_reent)
 .text._reclaim_reent
                0x08010828       0x88 /home/jon/gcc-arm-none-eabi-5_2-2015q4/arm-none-eabi/lib/armv7e-m/fpu/libc.a(lib_a-reent.o)
                0x08010828                _reclaim_reent
 *(.text.__sfp)
 .text.__sfp    0x080108b0       0x88 /home/jon/gcc-arm-none-eabi-5_2-2015q4/arm-none-eabi/lib/armv7e-m/fpu/libc.a(lib_a-findfp.o)
                0x080108b0                __sfp
 *(.text.vListInsert)
 *fill*         0x08010938        0x8 00000000
 .text.vListInsert
                0x08010940       0x88 /home/jon/dev_src/SEU-Detect-Correct/build/list.o
                0x08010940                vListInsert
 *(.text.DMA_StructInit)
 *fill*         0x080109c8       0x18 00000000
 .text.DMA_StructInit
                0x080109e0       0x84 /home/jon/dev_src/SEU-Detect-Correct/build/stm32f4xx_dma.o
                0x080109e0                DMA_StructInit
 *(.text._fclose_r)
 .text._fclose_r
                0x08010a64       0x84 /home/jon/gcc-arm-none-eabi-5_2-2015q4/arm-none-eabi/lib/armv7e-m/fpu/libc.a(lib_a-fclose.o)
                0x08010a64                _fclose_r
 *(.text.FLASH_ProgramByte)
 *fill*         0x08010ae8       0x18 00000000
 .text.FLASH_ProgramByte
                0x08010b00       0x84 /home/jon/dev_src/SEU-Detect-Correct/build/stm32f4xx_flash.o
                0x08010b00                FLASH_ProgramByte
 *(.text.FLASH_ProgramWord)
 *fill*         0x08010b84       0x1c 00000000
 .text.FLASH_ProgramWord
                0x08010ba0       0x84 /home/jon/dev_src/SEU-Detect-Correct/build/stm32f4xx_flash.o
                0x08010ba0                FLASH_ProgramWord
 *(.text.SystemInit)
 *fill*         0x08010c24       0x1c 00000000
 .text.SystemInit
                0x08010c40       0x84 /home/jon/dev_src/SEU-Detect-Correct/build/system_stm32f4xx.o
                0x08010c40                SystemInit
 *(.text.FLASH_GetStatus)
 *fill*         0x08010cc4       0x1c 00000000
 .text.FLASH_GetStatus
                0x08010ce0       0x80 /home/jon/dev_src/SEU-Detect-Correct/build/stm32f4xx_flash.o
                0x08010ce0                FLASH_GetStatus
 *(.text.I2C_GetFlagStatus)
 .text.I2C_GetFlagStatus
                0x08010d60       0x80 /home/jon/dev_src/SEU-Detect-Correct/build/stm32f4xx_i2c.o
                0x08010d60                I2C_GetFlagStatus
 *(.text.DAC_Init)
 .text.DAC_Init
                0x08010de0       0x7c /home/jon/dev_src/SEU-Detect-Correct/build/stm32f4xx_dac.o
                0x08010de0                DAC_Init
 *(.text.PendSV_Handler)
 *fill*         0x08010e5c        0x4 00000000
 .text.PendSV_Handler
                0x08010e60       0x7c /home/jon/dev_src/SEU-Detect-Correct/build/port.o
                0x08010e60                PendSV_Handler
 *(.text.pxPortInitialiseStack)
 *fill*         0x08010edc        0x4 00000000
 .text.pxPortInitialiseStack
                0x08010ee0       0x7c /home/jon/dev_src/SEU-Detect-Correct/build/port.o
                0x08010ee0                pxPortInitialiseStack
 *(.text.FLASH_OB_WRPConfig)
 *fill*         0x08010f5c        0x4 00000000
 .text.FLASH_OB_WRPConfig
                0x08010f60       0x78 /home/jon/dev_src/SEU-Detect-Correct/build/stm32f4xx_flash.o
                0x08010f60                FLASH_OB_WRPConfig
 *(.text.I2C_CheckEvent)
 *fill*         0x08010fd8        0x8 00000000
 .text.I2C_CheckEvent
                0x08010fe0       0x78 /home/jon/dev_src/SEU-Detect-Correct/build/stm32f4xx_i2c.o
                0x08010fe0                I2C_CheckEvent
 *(.text.prvTaskExitError)
 *fill*         0x08011058        0x8 00000000
 .text.prvTaskExitError
                0x08011060       0x78 /home/jon/dev_src/SEU-Detect-Correct/build/port.o
 *(.text.SPI_I2S_ITConfig)
 *fill*         0x080110d8        0x8 00000000
 .text.SPI_I2S_ITConfig
                0x080110e0       0x78 /home/jon/dev_src/SEU-Detect-Correct/build/stm32f4xx_spi.o
                0x080110e0                SPI_I2S_ITConfig
 *(.text.TIM_ETRClockMode1Config)
 *fill*         0x08011158        0x8 00000000
 .text.TIM_ETRClockMode1Config
                0x08011160       0x78 /home/jon/dev_src/SEU-Detect-Correct/build/stm32f4xx_tim.o
                0x08011160                TIM_ETRClockMode1Config
 *(.text.TIM_TIxExternalClockConfig)
 *fill*         0x080111d8        0x8 00000000
 .text.TIM_TIxExternalClockConfig
                0x080111e0       0x78 /home/jon/dev_src/SEU-Detect-Correct/build/stm32f4xx_tim.o
                0x080111e0                TIM_TIxExternalClockConfig
 *(.text.uxQueueSpacesAvailable)
 *fill*         0x08011258        0x8 00000000
 .text.uxQueueSpacesAvailable
                0x08011260       0x78 /home/jon/dev_src/SEU-Detect-Correct/build/queue.o
                0x08011260                uxQueueSpacesAvailable
 *(.text._write)
 *fill*         0x080112d8        0x8 00000000
 .text._write   0x080112e0       0x78 /home/jon/dev_src/SEU-Detect-Correct/build/syscalls.o
                0x080112e0                _write
 *(.text.xQueueIsQueueFullFromISR)
 *fill*         0x08011358        0x8 00000000
 .text.xQueueIsQueueFullFromISR
                0x08011360       0x78 /home/jon/dev_src/SEU-Detect-Correct/build/queue.o
                0x08011360                xQueueIsQueueFullFromISR
 *(.text.ADC_GetITStatus)
 *fill*         0x080113d8        0x8 00000000
 .text.ADC_GetITStatus
                0x080113e0       0x74 /home/jon/dev_src/SEU-Detect-Correct/build/stm32f4xx_adc.o
                0x080113e0                ADC_GetITStatus
 *(.text.DMA_ClearFlag)
 *fill*         0x08011454        0xc 00000000
 .text.DMA_ClearFlag
                0x08011460       0x74 /home/jon/dev_src/SEU-Detect-Correct/build/stm32f4xx_dma.o
                0x08011460                DMA_ClearFlag
 *(.text.DMA_ClearITPendingBit)
 *fill*         0x080114d4        0xc 00000000
 .text.DMA_ClearITPendingBit
                0x080114e0       0x74 /home/jon/dev_src/SEU-Detect-Correct/build/stm32f4xx_dma.o
                0x080114e0                DMA_ClearITPendingBit
 *(.text.FLASH_OB_UserConfig)
 *fill*         0x08011554        0xc 00000000
 .text.FLASH_OB_UserConfig
                0x08011560       0x74 /home/jon/dev_src/SEU-Detect-Correct/build/stm32f4xx_flash.o
                0x08011560                FLASH_OB_UserConfig
 *(.text.copysignf)
 .text.copysignf
                0x080115d4       0x18 /home/jon/gcc-arm-none-eabi-5_2-2015q4/arm-none-eabi/lib/armv7e-m/fpu/libm.a(lib_a-sf_copysign.o)
                0x080115d4                copysignf
                0x08011608                . = (. + 0x1c)
 *fill*         0x080115ec       0x1c 00000000
 *(.text.section3_profile_func_enter)
 *fill*         0x08011608       0x18 00000000
 .text.section3_profile_func_enter
                0x08011620     0x13d4 build/trace_functions.o
 *(.text.I2C_GetITStatus)
 *fill*         0x080129f4        0xc 00000000
 .text.I2C_GetITStatus
                0x08012a00       0x74 /home/jon/dev_src/SEU-Detect-Correct/build/stm32f4xx_i2c.o
                0x08012a00                I2C_GetITStatus
 *(.text.RCC_RTCCLKConfig)
 *fill*         0x08012a74        0xc 00000000
 .text.RCC_RTCCLKConfig
                0x08012a80       0x74 /home/jon/dev_src/SEU-Detect-Correct/build/stm32f4xx_rcc.o
                0x08012a80                RCC_RTCCLKConfig
 *(.text._sbrk)
 *fill*         0x08012af4        0xc 00000000
 .text._sbrk    0x08012b00       0x74 /home/jon/dev_src/SEU-Detect-Correct/build/syscalls.o
                0x08012b00                _sbrk
 *(.text.TIM_CCxCmd)
 *fill*         0x08012b74        0xc 00000000
 .text.TIM_CCxCmd
                0x08012b80       0x74 /home/jon/dev_src/SEU-Detect-Correct/build/stm32f4xx_tim.o
                0x08012b80                TIM_CCxCmd
 *(.text.TIM_CCxNCmd)
 *fill*         0x08012bf4        0xc 00000000
 .text.TIM_CCxNCmd
                0x08012c00       0x74 /home/jon/dev_src/SEU-Detect-Correct/build/stm32f4xx_tim.o
                0x08012c00                TIM_CCxNCmd
 *(.text.vQueueWaitForMessageRestricted)
 *fill*         0x08012c74        0xc 00000000
 .text.vQueueWaitForMessageRestricted
                0x08012c80       0x74 /home/jon/dev_src/SEU-Detect-Correct/build/queue.o
                0x08012c80                vQueueWaitForMessageRestricted
 *(.text.vTaskSetTimeOutState)
 *fill*         0x08012cf4        0xc 00000000
 .text.vTaskSetTimeOutState
                0x08012d00       0x74 /home/jon/dev_src/SEU-Detect-Correct/build/tasks.o
                0x08012d00                vTaskSetTimeOutState
 *(.text.xQueueIsQueueEmptyFromISR)
 *fill*         0x08012d74        0xc 00000000
 .text.xQueueIsQueueEmptyFromISR
                0x08012d80       0x74 /home/jon/dev_src/SEU-Detect-Correct/build/queue.o
                0x08012d80                xQueueIsQueueEmptyFromISR
 *(.text.DAC_GetITStatus)
 *fill*         0x08012df4        0xc 00000000
 .text.DAC_GetITStatus
                0x08012e00       0x70 /home/jon/dev_src/SEU-Detect-Correct/build/stm32f4xx_dac.o
                0x08012e00                DAC_GetITStatus
 *(.text.DAC_SetDualChannelData)
 *fill*         0x08012e70       0x10 00000000
 .text.DAC_SetDualChannelData
                0x08012e80       0x70 /home/jon/dev_src/SEU-Detect-Correct/build/stm32f4xx_dac.o
                0x08012e80                DAC_SetDualChannelData
 *(.text.main)
 *fill*         0x08012ef0       0x10 00000000
 .text.main     0x08012f00       0x70 /home/jon/dev_src/SEU-Detect-Correct/build/main.o
                0x08012f00                main
 *(.text.uxQueueMessagesWaiting)
 *fill*         0x08012f70       0x10 00000000
 .text.uxQueueMessagesWaiting
                0x08012f80       0x70 /home/jon/dev_src/SEU-Detect-Correct/build/queue.o
                0x08012f80                uxQueueMessagesWaiting
 *(.text.RCC_WaitForHSEStartUp)
 *fill*         0x08012ff0       0x10 00000000
 .text.RCC_WaitForHSEStartUp
                0x08013000       0x6c /home/jon/dev_src/SEU-Detect-Correct/build/stm32f4xx_rcc.o
                0x08013000                RCC_WaitForHSEStartUp
 *(.text.TIM_ETRConfig)
 *fill*         0x0801306c       0x14 00000000
 .text.TIM_ETRConfig
                0x08013080       0x6c /home/jon/dev_src/SEU-Detect-Correct/build/stm32f4xx_tim.o
                0x08013080                TIM_ETRConfig
 *(.text.TIM_GetITStatus)
 *fill*         0x080130ec       0x14 00000000
 .text.TIM_GetITStatus
                0x08013100       0x6c /home/jon/dev_src/SEU-Detect-Correct/build/stm32f4xx_tim.o
                0x08013100                TIM_GetITStatus
 *(.text.USART_ClockInit)
 *fill*         0x0801316c       0x14 00000000
 .text.USART_ClockInit
                0x08013180       0x6c /home/jon/dev_src/SEU-Detect-Correct/build/stm32f4xx_usart.o
                0x08013180                USART_ClockInit
 *(.text.uxListRemove)
 *fill*         0x080131ec       0x14 00000000
 .text.uxListRemove
                0x08013200       0x6c /home/jon/dev_src/SEU-Detect-Correct/build/list.o
                0x08013200                uxListRemove
 *(.text.vQueueDelete)
 *fill*         0x0801326c       0x14 00000000
 .text.vQueueDelete
                0x08013280       0x6c /home/jon/dev_src/SEU-Detect-Correct/build/queue.o
                0x08013280                vQueueDelete
 *(.text.ADC_CommonInit)
 *fill*         0x080132ec       0x14 00000000
 .text.ADC_CommonInit
                0x08013300       0x68 /home/jon/dev_src/SEU-Detect-Correct/build/stm32f4xx_adc.o
                0x08013300                ADC_CommonInit
 *(.text.ADC_ITConfig)
 *fill*         0x08013368       0x18 00000000
 .text.ADC_ITConfig
                0x08013380       0x68 /home/jon/dev_src/SEU-Detect-Correct/build/stm32f4xx_adc.o
                0x08013380                ADC_ITConfig
 *(.text.prvCopyDataFromQueue)
 *fill*         0x080133e8       0x18 00000000
 .text.prvCopyDataFromQueue
                0x08013400       0x68 /home/jon/dev_src/SEU-Detect-Correct/build/queue.o
 *(.text.TIM_BDTRConfig)
 *fill*         0x08013468       0x18 00000000
 .text.TIM_BDTRConfig
                0x08013480       0x68 /home/jon/dev_src/SEU-Detect-Correct/build/stm32f4xx_tim.o
                0x08013480                TIM_BDTRConfig
 *(.text.uxQueueMessagesWaitingFromISR)
 *fill*         0x080134e8       0x18 00000000
 .text.uxQueueMessagesWaitingFromISR
                0x08013500       0x68 /home/jon/dev_src/SEU-Detect-Correct/build/queue.o
                0x08013500                uxQueueMessagesWaitingFromISR
 *(.text.vQueueAddToRegistry)
 *fill*         0x08013568       0x18 00000000
 .text.vQueueAddToRegistry
                0x08013580       0x68 /home/jon/dev_src/SEU-Detect-Correct/build/queue.o
                0x08013580                vQueueAddToRegistry
 *(.text.DAC_DMACmd)
 *fill*         0x080135e8       0x18 00000000
 .text.DAC_DMACmd
                0x08013600       0x64 /home/jon/dev_src/SEU-Detect-Correct/build/stm32f4xx_dac.o
                0x08013600                DAC_DMACmd
 *(.text.DAC_ITConfig)
 *fill*         0x08013664       0x1c 00000000
 .text.DAC_ITConfig
                0x08013680       0x64 /home/jon/dev_src/SEU-Detect-Correct/build/stm32f4xx_dac.o
                0x08013680                DAC_ITConfig
 *(.text.DAC_SoftwareTriggerCmd)
 *fill*         0x080136e4       0x1c 00000000
 .text.DAC_SoftwareTriggerCmd
                0x08013700       0x64 /home/jon/dev_src/SEU-Detect-Correct/build/stm32f4xx_dac.o
                0x08013700                DAC_SoftwareTriggerCmd
 *(.text.DAC_WaveGenerationCmd)
 *fill*         0x08013764       0x1c 00000000
 .text.DAC_WaveGenerationCmd
                0x08013780       0x64 /home/jon/dev_src/SEU-Detect-Correct/build/stm32f4xx_dac.o
                0x08013780                DAC_WaveGenerationCmd
 *(.text.memcmp)
 .text.memcmp   0x080137e4       0x64 /home/jon/gcc-arm-none-eabi-5_2-2015q4/arm-none-eabi/lib/armv7e-m/fpu/libc.a(lib_a-memcmp.o)
                0x080137e4                memcmp
                0x0801384a                . = (. + 0x2)
 *fill*         0x08013848        0x2 00000000
 *(.text._puts_r)
 *fill*         0x0801384a        0x2 00000000
 .text._puts_r  0x0801384c       0x64 /home/jon/gcc-arm-none-eabi-5_2-2015q4/arm-none-eabi/lib/armv7e-m/fpu/libc.a(lib_a-puts.o)
                0x0801384c                _puts_r
 *(.text.RCC_DeInit)
 *fill*         0x080138b0       0x10 00000000
 .text.RCC_DeInit
                0x080138c0       0x64 /home/jon/dev_src/SEU-Detect-Correct/build/stm32f4xx_rcc.o
                0x080138c0                RCC_DeInit
 *(.text.RCC_ITConfig)
 *fill*         0x08013924       0x1c 00000000
 .text.RCC_ITConfig
                0x08013940       0x64 /home/jon/dev_src/SEU-Detect-Correct/build/stm32f4xx_rcc.o
                0x08013940                RCC_ITConfig
 *(.text.TIM_CtrlPWMOutputs)
 *fill*         0x080139a4       0x1c 00000000
 .text.TIM_CtrlPWMOutputs
                0x080139c0       0x64 /home/jon/dev_src/SEU-Detect-Correct/build/stm32f4xx_tim.o
                0x080139c0                TIM_CtrlPWMOutputs
 *(.text.vPortEndScheduler)
 *fill*         0x08013a24       0x1c 00000000
 .text.vPortEndScheduler
                0x08013a40       0x64 /home/jon/dev_src/SEU-Detect-Correct/build/port.o
                0x08013a40                vPortEndScheduler
 *(.text.DAC_Cmd)
 *fill*         0x08013aa4       0x1c 00000000
 .text.DAC_Cmd  0x08013ac0       0x60 /home/jon/dev_src/SEU-Detect-Correct/build/stm32f4xx_dac.o
                0x08013ac0                DAC_Cmd
 *(.text.EXTI_GetITStatus)
 .text.EXTI_GetITStatus
                0x08013b20       0x60 /home/jon/dev_src/SEU-Detect-Correct/build/stm32f4xx_exti.o
                0x08013b20                EXTI_GetITStatus
 *(.text.I2C_ITConfig)
 .text.I2C_ITConfig
                0x08013b80       0x60 /home/jon/dev_src/SEU-Detect-Correct/build/stm32f4xx_i2c.o
                0x08013b80                I2C_ITConfig
 *(.text.prvGetNextExpireTime)
 .text.prvGetNextExpireTime
                0x08013be0       0x60 /home/jon/dev_src/SEU-Detect-Correct/build/timers.o
 *(.text.prvResetNextTaskUnblockTime)
 .text.prvResetNextTaskUnblockTime
                0x08013c40       0x60 /home/jon/dev_src/SEU-Detect-Correct/build/tasks.o
 *(.text.SPI_I2S_DMACmd)
 .text.SPI_I2S_DMACmd
                0x08013ca0       0x60 /home/jon/dev_src/SEU-Detect-Correct/build/stm32f4xx_spi.o
                0x08013ca0                SPI_I2S_DMACmd
 *(.text.SPI_StructInit)
 .text.SPI_StructInit
                0x08013d00       0x60 /home/jon/dev_src/SEU-Detect-Correct/build/stm32f4xx_spi.o
                0x08013d00                SPI_StructInit
 *(.text.TIM_DMACmd)
 .text.TIM_DMACmd
                0x08013d60       0x60 /home/jon/dev_src/SEU-Detect-Correct/build/stm32f4xx_tim.o
                0x08013d60                TIM_DMACmd
 *(.text.TIM_ITConfig)
 .text.TIM_ITConfig
                0x08013dc0       0x60 /home/jon/dev_src/SEU-Detect-Correct/build/stm32f4xx_tim.o
                0x08013dc0                TIM_ITConfig
 *(.text.USART_DMACmd)
 .text.USART_DMACmd
                0x08013e20       0x60 /home/jon/dev_src/SEU-Detect-Correct/build/stm32f4xx_usart.o
                0x08013e20                USART_DMACmd
 *(.text.vListInsertEnd)
 .text.vListInsertEnd
                0x08013e80       0x60 /home/jon/dev_src/SEU-Detect-Correct/build/list.o
                0x08013e80                vListInsertEnd
 *(.text.vTaskEndScheduler)
 .text.vTaskEndScheduler
                0x08013ee0       0x60 /home/jon/dev_src/SEU-Detect-Correct/build/tasks.o
                0x08013ee0                vTaskEndScheduler
 *(.text.ADC_DiscModeChannelCountConfig)
 .text.ADC_DiscModeChannelCountConfig
                0x08013f40       0x5c /home/jon/dev_src/SEU-Detect-Correct/build/stm32f4xx_adc.o
                0x08013f40                ADC_DiscModeChannelCountConfig
 *(.text.ADC_InjectedSequencerLengthConfig)
 *fill*         0x08013f9c        0x4 00000000
 .text.ADC_InjectedSequencerLengthConfig
                0x08013fa0       0x5c /home/jon/dev_src/SEU-Detect-Correct/build/stm32f4xx_adc.o
                0x08013fa0                ADC_InjectedSequencerLengthConfig
 *(.text.GPIO_PinLockConfig)
 *fill*         0x08013ffc        0x4 00000000
 .text.GPIO_PinLockConfig
                0x08014000       0x5c /home/jon/dev_src/SEU-Detect-Correct/build/stm32f4xx_gpio.o
                0x08014000                GPIO_PinLockConfig
 *(.text.I2C_GetLastEvent)
 *fill*         0x0801405c        0x4 00000000
 .text.I2C_GetLastEvent
                0x08014060       0x5c /home/jon/dev_src/SEU-Detect-Correct/build/stm32f4xx_i2c.o
                0x08014060                I2C_GetLastEvent
 *(.text.I2C_SoftwareResetCmd)
 *fill*         0x080140bc        0x4 00000000
 .text.I2C_SoftwareResetCmd
                0x080140c0       0x5c /home/jon/dev_src/SEU-Detect-Correct/build/stm32f4xx_i2c.o
                0x080140c0                I2C_SoftwareResetCmd
 *(.text.prvSampleTimeNow)
 *fill*         0x0801411c        0x4 00000000
 .text.prvSampleTimeNow
                0x08014120       0x5c /home/jon/dev_src/SEU-Detect-Correct/build/timers.o
 *(.text.prvTestWaitCondition)
 *fill*         0x0801417c        0x4 00000000
 .text.prvTestWaitCondition
                0x08014180       0x5c /home/jon/dev_src/SEU-Detect-Correct/build/event_groups.o
 *(.text.SPI_NSSInternalSoftwareConfig)
 *fill*         0x080141dc        0x4 00000000
 .text.SPI_NSSInternalSoftwareConfig
                0x080141e0       0x5c /home/jon/dev_src/SEU-Detect-Correct/build/stm32f4xx_spi.o
                0x080141e0                SPI_NSSInternalSoftwareConfig
 *(.text.TIM_OCStructInit)
 *fill*         0x0801423c        0x4 00000000
 .text.TIM_OCStructInit
                0x08014240       0x5c /home/jon/dev_src/SEU-Detect-Correct/build/stm32f4xx_tim.o
                0x08014240                TIM_OCStructInit
 *(.text.USART_OverSampling8Cmd)
 *fill*         0x0801429c        0x4 00000000
 .text.USART_OverSampling8Cmd
                0x080142a0       0x5c /home/jon/dev_src/SEU-Detect-Correct/build/stm32f4xx_usart.o
                0x080142a0                USART_OverSampling8Cmd
 *(.text.vQueueUnregisterQueue)
 *fill*         0x080142fc        0x4 00000000
 .text.vQueueUnregisterQueue
                0x08014300       0x5c /home/jon/dev_src/SEU-Detect-Correct/build/queue.o
                0x08014300                vQueueUnregisterQueue
 *(.text.I2C_AcknowledgeConfig)
 *fill*         0x0801435c        0x4 00000000
 .text.I2C_AcknowledgeConfig
                0x08014360       0x58 /home/jon/dev_src/SEU-Detect-Correct/build/stm32f4xx_i2c.o
                0x08014360                I2C_AcknowledgeConfig
 *(.text.I2C_ARPCmd)
 *fill*         0x080143b8        0x8 00000000
 .text.I2C_ARPCmd
                0x080143c0       0x58 /home/jon/dev_src/SEU-Detect-Correct/build/stm32f4xx_i2c.o
                0x080143c0                I2C_ARPCmd
 *(.text.I2C_CalculatePEC)
 *fill*         0x08014418        0x8 00000000
 .text.I2C_CalculatePEC
                0x08014420       0x58 /home/jon/dev_src/SEU-Detect-Correct/build/stm32f4xx_i2c.o
                0x08014420                I2C_CalculatePEC
 *(.text.I2C_Cmd)
 *fill*         0x08014478        0x8 00000000
 .text.I2C_Cmd  0x08014480       0x58 /home/jon/dev_src/SEU-Detect-Correct/build/stm32f4xx_i2c.o
                0x08014480                I2C_Cmd
 *(.text.I2C_DMACmd)
 *fill*         0x080144d8        0x8 00000000
 .text.I2C_DMACmd
                0x080144e0       0x58 /home/jon/dev_src/SEU-Detect-Correct/build/stm32f4xx_i2c.o
                0x080144e0                I2C_DMACmd
 *(.text.I2C_DMALastTransferCmd)
 *fill*         0x08014538        0x8 00000000
 .text.I2C_DMALastTransferCmd
                0x08014540       0x58 /home/jon/dev_src/SEU-Detect-Correct/build/stm32f4xx_i2c.o
                0x08014540                I2C_DMALastTransferCmd
 *(.text.I2C_DualAddressCmd)
 *fill*         0x08014598        0x8 00000000
 .text.I2C_DualAddressCmd
                0x080145a0       0x58 /home/jon/dev_src/SEU-Detect-Correct/build/stm32f4xx_i2c.o
                0x080145a0                I2C_DualAddressCmd
 *(.text.I2C_FastModeDutyCycleConfig)
 *fill*         0x080145f8        0x8 00000000
 .text.I2C_FastModeDutyCycleConfig
                0x08014600       0x58 /home/jon/dev_src/SEU-Detect-Correct/build/stm32f4xx_i2c.o
                0x08014600                I2C_FastModeDutyCycleConfig
 *(.text.I2C_GeneralCallCmd)
 *fill*         0x08014658        0x8 00000000
 .text.I2C_GeneralCallCmd
                0x08014660       0x58 /home/jon/dev_src/SEU-Detect-Correct/build/stm32f4xx_i2c.o
                0x08014660                I2C_GeneralCallCmd
 *(.text.I2C_GenerateSTART)
 *fill*         0x080146b8        0x8 00000000
 .text.I2C_GenerateSTART
                0x080146c0       0x58 /home/jon/dev_src/SEU-Detect-Correct/build/stm32f4xx_i2c.o
                0x080146c0                I2C_GenerateSTART
 *(.text.I2C_GenerateSTOP)
 *fill*         0x08014718        0x8 00000000
 .text.I2C_GenerateSTOP
                0x08014720       0x58 /home/jon/dev_src/SEU-Detect-Correct/build/stm32f4xx_i2c.o
                0x08014720                I2C_GenerateSTOP
 *(.text.I2C_NACKPositionConfig)
 *fill*         0x08014778        0x8 00000000
 .text.I2C_NACKPositionConfig
                0x08014780       0x58 /home/jon/dev_src/SEU-Detect-Correct/build/stm32f4xx_i2c.o
                0x08014780                I2C_NACKPositionConfig
 *(.text.I2C_OwnAddress2Config)
 *fill*         0x080147d8        0x8 00000000
 .text.I2C_OwnAddress2Config
                0x080147e0       0x58 /home/jon/dev_src/SEU-Detect-Correct/build/stm32f4xx_i2c.o
                0x080147e0                I2C_OwnAddress2Config
 *(.text.I2C_PECPositionConfig)
 *fill*         0x08014838        0x8 00000000
 .text.I2C_PECPositionConfig
                0x08014840       0x58 /home/jon/dev_src/SEU-Detect-Correct/build/stm32f4xx_i2c.o
                0x08014840                I2C_PECPositionConfig
 *(.text.I2C_SMBusAlertConfig)
 *fill*         0x08014898        0x8 00000000
 .text.I2C_SMBusAlertConfig
                0x080148a0       0x58 /home/jon/dev_src/SEU-Detect-Correct/build/stm32f4xx_i2c.o
                0x080148a0                I2C_SMBusAlertConfig
 *(.text.I2C_StretchClockCmd)
 *fill*         0x080148f8        0x8 00000000
 .text.I2C_StretchClockCmd
                0x08014900       0x58 /home/jon/dev_src/SEU-Detect-Correct/build/stm32f4xx_i2c.o
                0x08014900                I2C_StretchClockCmd
 *(.text.I2C_TransmitPEC)
 *fill*         0x08014958        0x8 00000000
 .text.I2C_TransmitPEC
                0x08014960       0x58 /home/jon/dev_src/SEU-Detect-Correct/build/stm32f4xx_i2c.o
                0x08014960                I2C_TransmitPEC
 *(.text.I2S_Cmd)
 *fill*         0x080149b8        0x8 00000000
 .text.I2S_Cmd  0x080149c0       0x58 /home/jon/dev_src/SEU-Detect-Correct/build/stm32f4xx_spi.o
                0x080149c0                I2S_Cmd
 *(.text.NVIC_SystemLPConfig)
 *fill*         0x08014a18        0x8 00000000
 .text.NVIC_SystemLPConfig
                0x08014a20       0x58 /home/jon/dev_src/SEU-Detect-Correct/build/misc.o
                0x08014a20                NVIC_SystemLPConfig
 *(.text.RCC_LSEConfig)
 *fill*         0x08014a78        0x8 00000000
 .text.RCC_LSEConfig
                0x08014a80       0x58 /home/jon/dev_src/SEU-Detect-Correct/build/stm32f4xx_rcc.o
                0x08014a80                RCC_LSEConfig
 *(.text.SPI_BiDirectionalLineConfig)
 *fill*         0x08014ad8        0x8 00000000
 .text.SPI_BiDirectionalLineConfig
                0x08014ae0       0x58 /home/jon/dev_src/SEU-Detect-Correct/build/stm32f4xx_spi.o
                0x08014ae0                SPI_BiDirectionalLineConfig
 *(.text.SPI_CalculateCRC)
 *fill*         0x08014b38        0x8 00000000
 .text.SPI_CalculateCRC
                0x08014b40       0x58 /home/jon/dev_src/SEU-Detect-Correct/build/stm32f4xx_spi.o
                0x08014b40                SPI_CalculateCRC
 *(.text.SPI_Cmd)
 *fill*         0x08014b98        0x8 00000000
 .text.SPI_Cmd  0x08014ba0       0x58 /home/jon/dev_src/SEU-Detect-Correct/build/stm32f4xx_spi.o
                0x08014ba0                SPI_Cmd
 *(.text.SPI_SSOutputCmd)
 *fill*         0x08014bf8        0x8 00000000
 .text.SPI_SSOutputCmd
                0x08014c00       0x58 /home/jon/dev_src/SEU-Detect-Correct/build/stm32f4xx_spi.o
                0x08014c00                SPI_SSOutputCmd
 *(.text.SPI_TIModeCmd)
 *fill*         0x08014c58        0x8 00000000
 .text.SPI_TIModeCmd
                0x08014c60       0x58 /home/jon/dev_src/SEU-Detect-Correct/build/stm32f4xx_spi.o
                0x08014c60                SPI_TIModeCmd
 *(.text.TIM_ARRPreloadConfig)
 *fill*         0x08014cb8        0x8 00000000
 .text.TIM_ARRPreloadConfig
                0x08014cc0       0x58 /home/jon/dev_src/SEU-Detect-Correct/build/stm32f4xx_tim.o
                0x08014cc0                TIM_ARRPreloadConfig
 *(.text.TIM_CCPreloadControl)
 *fill*         0x08014d18        0x8 00000000
 .text.TIM_CCPreloadControl
                0x08014d20       0x58 /home/jon/dev_src/SEU-Detect-Correct/build/stm32f4xx_tim.o
                0x08014d20                TIM_CCPreloadControl
 *(.text._cleanup)
 .text._cleanup
                0x08014d78       0x14 /home/jon/gcc-arm-none-eabi-5_2-2015q4/arm-none-eabi/lib/armv7e-m/fpu/libc.a(lib_a-findfp.o)
                0x08014d78                _cleanup
                0x08014da8                . = (. + 0x1c)
 *fill*         0x08014d8c       0x1c 00000000
 *(.text.TIM_Cmd)
 *fill*         0x08014da8       0x18 00000000
 .text.TIM_Cmd  0x08014dc0       0x58 /home/jon/dev_src/SEU-Detect-Correct/build/stm32f4xx_tim.o
                0x08014dc0                TIM_Cmd
 *(.text.TIM_ETRClockMode2Config)
 *fill*         0x08014e18        0x8 00000000
 .text.TIM_ETRClockMode2Config
                0x08014e20       0x58 /home/jon/dev_src/SEU-Detect-Correct/build/stm32f4xx_tim.o
                0x08014e20                TIM_ETRClockMode2Config
 *(.text.TIM_SelectCCDMA)
 *fill*         0x08014e78        0x8 00000000
 .text.TIM_SelectCCDMA
                0x08014e80       0x58 /home/jon/dev_src/SEU-Detect-Correct/build/stm32f4xx_tim.o
                0x08014e80                TIM_SelectCCDMA
 *(.text.TIM_SelectCOM)
 *fill*         0x08014ed8        0x8 00000000
 .text.TIM_SelectCOM
                0x08014ee0       0x58 /home/jon/dev_src/SEU-Detect-Correct/build/stm32f4xx_tim.o
                0x08014ee0                TIM_SelectCOM
 *(.text.TIM_SelectHallSensor)
 *fill*         0x08014f38        0x8 00000000
 .text.TIM_SelectHallSensor
                0x08014f40       0x58 /home/jon/dev_src/SEU-Detect-Correct/build/stm32f4xx_tim.o
                0x08014f40                TIM_SelectHallSensor
 *(.text.TIM_UpdateDisableConfig)
 *fill*         0x08014f98        0x8 00000000
 .text.TIM_UpdateDisableConfig
                0x08014fa0       0x58 /home/jon/dev_src/SEU-Detect-Correct/build/stm32f4xx_tim.o
                0x08014fa0                TIM_UpdateDisableConfig
 *(.text.TIM_UpdateRequestConfig)
 *fill*         0x08014ff8        0x8 00000000
 .text.TIM_UpdateRequestConfig
                0x08015000       0x58 /home/jon/dev_src/SEU-Detect-Correct/build/stm32f4xx_tim.o
                0x08015000                TIM_UpdateRequestConfig
 *(.text.USART_Cmd)
 *fill*         0x08015058        0x8 00000000
 .text.USART_Cmd
                0x08015060       0x58 /home/jon/dev_src/SEU-Detect-Correct/build/stm32f4xx_usart.o
                0x08015060                USART_Cmd
 *(.text.USART_HalfDuplexCmd)
 *fill*         0x080150b8        0x8 00000000
 .text.USART_HalfDuplexCmd
                0x080150c0       0x58 /home/jon/dev_src/SEU-Detect-Correct/build/stm32f4xx_usart.o
                0x080150c0                USART_HalfDuplexCmd
 *(.text.USART_IrDACmd)
 *fill*         0x08015118        0x8 00000000
 .text.USART_IrDACmd
                0x08015120       0x58 /home/jon/dev_src/SEU-Detect-Correct/build/stm32f4xx_usart.o
                0x08015120                USART_IrDACmd
 *(.text.USART_LINCmd)
 *fill*         0x08015178        0x8 00000000
 .text.USART_LINCmd
                0x08015180       0x58 /home/jon/dev_src/SEU-Detect-Correct/build/stm32f4xx_usart.o
                0x08015180                USART_LINCmd
 *(.text.USART_OneBitMethodCmd)
 *fill*         0x080151d8        0x8 00000000
 .text.USART_OneBitMethodCmd
                0x080151e0       0x58 /home/jon/dev_src/SEU-Detect-Correct/build/stm32f4xx_usart.o
                0x080151e0                USART_OneBitMethodCmd
 *(.text.USART_ReceiverWakeUpCmd)
 *fill*         0x08015238        0x8 00000000
 .text.USART_ReceiverWakeUpCmd
                0x08015240       0x58 /home/jon/dev_src/SEU-Detect-Correct/build/stm32f4xx_usart.o
                0x08015240                USART_ReceiverWakeUpCmd
 *(.text.USART_SmartCardCmd)
 *fill*         0x08015298        0x8 00000000
 .text.USART_SmartCardCmd
                0x080152a0       0x58 /home/jon/dev_src/SEU-Detect-Correct/build/stm32f4xx_usart.o
                0x080152a0                USART_SmartCardCmd
 *(.text.USART_SmartCardNACKCmd)
 *fill*         0x080152f8        0x8 00000000
 .text.USART_SmartCardNACKCmd
                0x08015300       0x58 /home/jon/dev_src/SEU-Detect-Correct/build/stm32f4xx_usart.o
                0x08015300                USART_SmartCardNACKCmd
 *(.text.vListInitialise)
 *fill*         0x08015358        0x8 00000000
 .text.vListInitialise
                0x08015360       0x58 /home/jon/dev_src/SEU-Detect-Correct/build/list.o
                0x08015360                vListInitialise
 *(.text.ADC_StructInit)
 *fill*         0x080153b8        0x8 00000000
 .text.ADC_StructInit
                0x080153c0       0x54 /home/jon/dev_src/SEU-Detect-Correct/build/stm32f4xx_adc.o
                0x080153c0                ADC_StructInit
 *(.text.DAC_GetFlagStatus)
 *fill*         0x08015414        0xc 00000000
 .text.DAC_GetFlagStatus
                0x08015420       0x54 /home/jon/dev_src/SEU-Detect-Correct/build/stm32f4xx_dac.o
                0x08015420                DAC_GetFlagStatus
 *(.text.DMA_DoubleBufferModeConfig)
 *fill*         0x08015474        0xc 00000000
 .text.DMA_DoubleBufferModeConfig
                0x08015480       0x54 /home/jon/dev_src/SEU-Detect-Correct/build/stm32f4xx_dma.o
                0x08015480                DMA_DoubleBufferModeConfig
 *(.text.FLASH_ITConfig)
 *fill*         0x080154d4        0xc 00000000
 .text.FLASH_ITConfig
                0x080154e0       0x54 /home/jon/dev_src/SEU-Detect-Correct/build/stm32f4xx_flash.o
                0x080154e0                FLASH_ITConfig
 *(.text._fwalk_reent)
 .text._fwalk_reent
                0x08015534       0x54 /home/jon/gcc-arm-none-eabi-5_2-2015q4/arm-none-eabi/lib/armv7e-m/fpu/libc.a(lib_a-fwalk.o)
                0x08015534                _fwalk_reent
                0x0801558a                . = (. + 0x2)
 *fill*         0x08015588        0x2 00000000
 *(.text.I2C_Send7bitAddress)
 *fill*         0x0801558a       0x16 00000000
 .text.I2C_Send7bitAddress
                0x080155a0       0x54 /home/jon/dev_src/SEU-Detect-Correct/build/stm32f4xx_i2c.o
                0x080155a0                I2C_Send7bitAddress
 *(.text.I2C_StructInit)
 *fill*         0x080155f4        0xc 00000000
 .text.I2C_StructInit
                0x08015600       0x54 /home/jon/dev_src/SEU-Detect-Correct/build/stm32f4xx_i2c.o
                0x08015600                I2C_StructInit
 *(.text.RCC_AdjustHSICalibrationValue)
 *fill*         0x08015654        0xc 00000000
 .text.RCC_AdjustHSICalibrationValue
                0x08015660       0x54 /home/jon/dev_src/SEU-Detect-Correct/build/stm32f4xx_rcc.o
                0x08015660                RCC_AdjustHSICalibrationValue
 *(.text.RCC_AHB1PeriphClockCmd)
 *fill*         0x080156b4        0xc 00000000
 .text.RCC_AHB1PeriphClockCmd
                0x080156c0       0x54 /home/jon/dev_src/SEU-Detect-Correct/build/stm32f4xx_rcc.o
                0x080156c0                RCC_AHB1PeriphClockCmd
 *(.text.RCC_AHB1PeriphClockLPModeCmd)
 *fill*         0x08015714        0xc 00000000
 .text.RCC_AHB1PeriphClockLPModeCmd
                0x08015720       0x54 /home/jon/dev_src/SEU-Detect-Correct/build/stm32f4xx_rcc.o
                0x08015720                RCC_AHB1PeriphClockLPModeCmd
 *(.text.RCC_AHB1PeriphResetCmd)
 *fill*         0x08015774        0xc 00000000
 .text.RCC_AHB1PeriphResetCmd
                0x08015780       0x54 /home/jon/dev_src/SEU-Detect-Correct/build/stm32f4xx_rcc.o
                0x08015780                RCC_AHB1PeriphResetCmd
 *(.text.RCC_AHB2PeriphClockCmd)
 *fill*         0x080157d4        0xc 00000000
 .text.RCC_AHB2PeriphClockCmd
                0x080157e0       0x54 /home/jon/dev_src/SEU-Detect-Correct/build/stm32f4xx_rcc.o
                0x080157e0                RCC_AHB2PeriphClockCmd
 *(.text.RCC_AHB2PeriphClockLPModeCmd)
 *fill*         0x08015834        0xc 00000000
 .text.RCC_AHB2PeriphClockLPModeCmd
                0x08015840       0x54 /home/jon/dev_src/SEU-Detect-Correct/build/stm32f4xx_rcc.o
                0x08015840                RCC_AHB2PeriphClockLPModeCmd
 *(.text.RCC_AHB2PeriphResetCmd)
 *fill*         0x08015894        0xc 00000000
 .text.RCC_AHB2PeriphResetCmd
                0x080158a0       0x54 /home/jon/dev_src/SEU-Detect-Correct/build/stm32f4xx_rcc.o
                0x080158a0                RCC_AHB2PeriphResetCmd
 *(.text.RCC_AHB3PeriphClockCmd)
 *fill*         0x080158f4        0xc 00000000
 .text.RCC_AHB3PeriphClockCmd
                0x08015900       0x54 /home/jon/dev_src/SEU-Detect-Correct/build/stm32f4xx_rcc.o
                0x08015900                RCC_AHB3PeriphClockCmd
 *(.text.RCC_AHB3PeriphClockLPModeCmd)
 *fill*         0x08015954        0xc 00000000
 .text.RCC_AHB3PeriphClockLPModeCmd
                0x08015960       0x54 /home/jon/dev_src/SEU-Detect-Correct/build/stm32f4xx_rcc.o
                0x08015960                RCC_AHB3PeriphClockLPModeCmd
 *(.text.RCC_AHB3PeriphResetCmd)
 *fill*         0x080159b4        0xc 00000000
 .text.RCC_AHB3PeriphResetCmd
                0x080159c0       0x54 /home/jon/dev_src/SEU-Detect-Correct/build/stm32f4xx_rcc.o
                0x080159c0                RCC_AHB3PeriphResetCmd
 *(.text.RCC_APB1PeriphClockCmd)
 *fill*         0x08015a14        0xc 00000000
 .text.RCC_APB1PeriphClockCmd
                0x08015a20       0x54 /home/jon/dev_src/SEU-Detect-Correct/build/stm32f4xx_rcc.o
                0x08015a20                RCC_APB1PeriphClockCmd
 *(.text.RCC_APB1PeriphClockLPModeCmd)
 *fill*         0x08015a74        0xc 00000000
 .text.RCC_APB1PeriphClockLPModeCmd
                0x08015a80       0x54 /home/jon/dev_src/SEU-Detect-Correct/build/stm32f4xx_rcc.o
                0x08015a80                RCC_APB1PeriphClockLPModeCmd
 *(.text.RCC_APB1PeriphResetCmd)
 *fill*         0x08015ad4        0xc 00000000
 .text.RCC_APB1PeriphResetCmd
                0x08015ae0       0x54 /home/jon/dev_src/SEU-Detect-Correct/build/stm32f4xx_rcc.o
                0x08015ae0                RCC_APB1PeriphResetCmd
 *(.text.RCC_APB2PeriphClockCmd)
 *fill*         0x08015b34        0xc 00000000
 .text.RCC_APB2PeriphClockCmd
                0x08015b40       0x54 /home/jon/dev_src/SEU-Detect-Correct/build/stm32f4xx_rcc.o
                0x08015b40                RCC_APB2PeriphClockCmd
 *(.text.RCC_APB2PeriphClockLPModeCmd)
 *fill*         0x08015b94        0xc 00000000
 .text.RCC_APB2PeriphClockLPModeCmd
                0x08015ba0       0x54 /home/jon/dev_src/SEU-Detect-Correct/build/stm32f4xx_rcc.o
                0x08015ba0                RCC_APB2PeriphClockLPModeCmd
 *(.text.RCC_APB2PeriphResetCmd)
 *fill*         0x08015bf4        0xc 00000000
 .text.RCC_APB2PeriphResetCmd
                0x08015c00       0x54 /home/jon/dev_src/SEU-Detect-Correct/build/stm32f4xx_rcc.o
                0x08015c00                RCC_APB2PeriphResetCmd
 *(.text.RCC_MCO1Config)
 *fill*         0x08015c54        0xc 00000000
 .text.RCC_MCO1Config
                0x08015c60       0x54 /home/jon/dev_src/SEU-Detect-Correct/build/stm32f4xx_rcc.o
                0x08015c60                RCC_MCO1Config
 *(.text.RCC_MCO2Config)
 *fill*         0x08015cb4        0xc 00000000
 .text.RCC_MCO2Config
                0x08015cc0       0x54 /home/jon/dev_src/SEU-Detect-Correct/build/stm32f4xx_rcc.o
                0x08015cc0                RCC_MCO2Config
 *(.text.RCC_PLLConfig)
 *fill*         0x08015d14        0xc 00000000
 .text.RCC_PLLConfig
                0x08015d20       0x54 /home/jon/dev_src/SEU-Detect-Correct/build/stm32f4xx_rcc.o
                0x08015d20                RCC_PLLConfig
 *(.text.TIM_BDTRStructInit)
 *fill*         0x08015d74        0xc 00000000
 .text.TIM_BDTRStructInit
                0x08015d80       0x54 /home/jon/dev_src/SEU-Detect-Correct/build/stm32f4xx_tim.o
                0x08015d80                TIM_BDTRStructInit
 *(.text.TIM_ClearOC2Ref)
 *fill*         0x08015dd4        0xc 00000000
 .text.TIM_ClearOC2Ref
                0x08015de0       0x54 /home/jon/dev_src/SEU-Detect-Correct/build/stm32f4xx_tim.o
                0x08015de0                TIM_ClearOC2Ref
 *(.text.TIM_ClearOC4Ref)
 *fill*         0x08015e34        0xc 00000000
 .text.TIM_ClearOC4Ref
                0x08015e40       0x54 /home/jon/dev_src/SEU-Detect-Correct/build/stm32f4xx_tim.o
                0x08015e40                TIM_ClearOC4Ref
 *(.text.TIM_ForcedOC2Config)
 *fill*         0x08015e94        0xc 00000000
 .text.TIM_ForcedOC2Config
                0x08015ea0       0x54 /home/jon/dev_src/SEU-Detect-Correct/build/stm32f4xx_tim.o
                0x08015ea0                TIM_ForcedOC2Config
 *(.text.TIM_ForcedOC4Config)
 *fill*         0x08015ef4        0xc 00000000
 .text.TIM_ForcedOC4Config
                0x08015f00       0x54 /home/jon/dev_src/SEU-Detect-Correct/build/stm32f4xx_tim.o
                0x08015f00                TIM_ForcedOC4Config
 *(.text.TIM_OC2FastConfig)
 *fill*         0x08015f54        0xc 00000000
 .text.TIM_OC2FastConfig
                0x08015f60       0x54 /home/jon/dev_src/SEU-Detect-Correct/build/stm32f4xx_tim.o
                0x08015f60                TIM_OC2FastConfig
 *(.text.TIM_OC2NPolarityConfig)
 *fill*         0x08015fb4        0xc 00000000
 .text.TIM_OC2NPolarityConfig
                0x08015fc0       0x54 /home/jon/dev_src/SEU-Detect-Correct/build/stm32f4xx_tim.o
                0x08015fc0                TIM_OC2NPolarityConfig
 *(.text.TIM_OC2PolarityConfig)
 *fill*         0x08016014        0xc 00000000
 .text.TIM_OC2PolarityConfig
                0x08016020       0x54 /home/jon/dev_src/SEU-Detect-Correct/build/stm32f4xx_tim.o
                0x08016020                TIM_OC2PolarityConfig
 *(.text.TIM_OC2PreloadConfig)
 *fill*         0x08016074        0xc 00000000
 .text.TIM_OC2PreloadConfig
                0x08016080       0x54 /home/jon/dev_src/SEU-Detect-Correct/build/stm32f4xx_tim.o
                0x08016080                TIM_OC2PreloadConfig
 *(.text.TIM_OC3NPolarityConfig)
 *fill*         0x080160d4        0xc 00000000
 .text.TIM_OC3NPolarityConfig
                0x080160e0       0x54 /home/jon/dev_src/SEU-Detect-Correct/build/stm32f4xx_tim.o
                0x080160e0                TIM_OC3NPolarityConfig
 *(.text.TIM_OC3PolarityConfig)
 *fill*         0x08016134        0xc 00000000
 .text.TIM_OC3PolarityConfig
                0x08016140       0x54 /home/jon/dev_src/SEU-Detect-Correct/build/stm32f4xx_tim.o
                0x08016140                TIM_OC3PolarityConfig
 *(.text.TIM_OC4FastConfig)
 *fill*         0x08016194        0xc 00000000
 .text.TIM_OC4FastConfig
                0x080161a0       0x54 /home/jon/dev_src/SEU-Detect-Correct/build/stm32f4xx_tim.o
                0x080161a0                TIM_OC4FastConfig
 *(.text.TIM_OC4PolarityConfig)
 *fill*         0x080161f4        0xc 00000000
 .text.TIM_OC4PolarityConfig
                0x08016200       0x54 /home/jon/dev_src/SEU-Detect-Correct/build/stm32f4xx_tim.o
                0x08016200                TIM_OC4PolarityConfig
 *(.text.TIM_OC4PreloadConfig)
 *fill*         0x08016254        0xc 00000000
 .text.TIM_OC4PreloadConfig
                0x08016260       0x54 /home/jon/dev_src/SEU-Detect-Correct/build/stm32f4xx_tim.o
                0x08016260                TIM_OC4PreloadConfig
 *(.text.TIM_SetIC2Prescaler)
 *fill*         0x080162b4        0xc 00000000
 .text.TIM_SetIC2Prescaler
                0x080162c0       0x54 /home/jon/dev_src/SEU-Detect-Correct/build/stm32f4xx_tim.o
                0x080162c0                TIM_SetIC2Prescaler
 *(.text.TIM_SetIC4Prescaler)
 *fill*         0x08016314        0xc 00000000
 .text.TIM_SetIC4Prescaler
                0x08016320       0x54 /home/jon/dev_src/SEU-Detect-Correct/build/stm32f4xx_tim.o
                0x08016320                TIM_SetIC4Prescaler
 *(.text.USART_SetGuardTime)
 *fill*         0x08016374        0xc 00000000
 .text.USART_SetGuardTime
                0x08016380       0x54 /home/jon/dev_src/SEU-Detect-Correct/build/stm32f4xx_usart.o
                0x08016380                USART_SetGuardTime
 *(.text.xTaskGetSchedulerState)
 *fill*         0x080163d4        0xc 00000000
 .text.xTaskGetSchedulerState
                0x080163e0       0x54 /home/jon/dev_src/SEU-Detect-Correct/build/tasks.o
                0x080163e0                xTaskGetSchedulerState
 *(.text.ADC_AnalogWatchdogSingleChannelConfig)
 *fill*         0x08016434        0xc 00000000
 .text.ADC_AnalogWatchdogSingleChannelConfig
                0x08016440       0x50 /home/jon/dev_src/SEU-Detect-Correct/build/stm32f4xx_adc.o
                0x08016440                ADC_AnalogWatchdogSingleChannelConfig
 *(.text.ADC_AutoInjectedConvCmd)
 *fill*         0x08016490       0x10 00000000
 .text.ADC_AutoInjectedConvCmd
                0x080164a0       0x50 /home/jon/dev_src/SEU-Detect-Correct/build/stm32f4xx_adc.o
                0x080164a0                ADC_AutoInjectedConvCmd
 *(.text.ADC_Cmd)
 *fill*         0x080164f0       0x10 00000000
 .text.ADC_Cmd  0x08016500       0x50 /home/jon/dev_src/SEU-Detect-Correct/build/stm32f4xx_adc.o
                0x08016500                ADC_Cmd
 *(.text.ADC_ContinuousModeCmd)
 *fill*         0x08016550       0x10 00000000
 .text.ADC_ContinuousModeCmd
                0x08016560       0x50 /home/jon/dev_src/SEU-Detect-Correct/build/stm32f4xx_adc.o
                0x08016560                ADC_ContinuousModeCmd
 *(.text.ADC_DiscModeCmd)
 *fill*         0x080165b0       0x10 00000000
 .text.ADC_DiscModeCmd
                0x080165c0       0x50 /home/jon/dev_src/SEU-Detect-Correct/build/stm32f4xx_adc.o
                0x080165c0                ADC_DiscModeCmd
 *(.text.ADC_DMACmd)
 *fill*         0x08016610       0x10 00000000
 .text.ADC_DMACmd
                0x08016620       0x50 /home/jon/dev_src/SEU-Detect-Correct/build/stm32f4xx_adc.o
                0x08016620                ADC_DMACmd
 *(.text.ADC_DMARequestAfterLastTransferCmd)
 *fill*         0x08016670       0x10 00000000
 .text.ADC_DMARequestAfterLastTransferCmd
                0x08016680       0x50 /home/jon/dev_src/SEU-Detect-Correct/build/stm32f4xx_adc.o
                0x08016680                ADC_DMARequestAfterLastTransferCmd
 *(.text.ADC_EOCOnEachRegularChannelCmd)
 *fill*         0x080166d0       0x10 00000000
 .text.ADC_EOCOnEachRegularChannelCmd
                0x080166e0       0x50 /home/jon/dev_src/SEU-Detect-Correct/build/stm32f4xx_adc.o
                0x080166e0                ADC_EOCOnEachRegularChannelCmd
 *(.text.ADC_InjectedDiscModeCmd)
 *fill*         0x08016730       0x10 00000000
 .text.ADC_InjectedDiscModeCmd
                0x08016740       0x50 /home/jon/dev_src/SEU-Detect-Correct/build/stm32f4xx_adc.o
                0x08016740                ADC_InjectedDiscModeCmd
 *(.text.ADC_MultiModeDMARequestAfterLastTransferCmd)
 *fill*         0x08016790       0x10 00000000
 .text.ADC_MultiModeDMARequestAfterLastTransferCmd
                0x080167a0       0x50 /home/jon/dev_src/SEU-Detect-Correct/build/stm32f4xx_adc.o
                0x080167a0                ADC_MultiModeDMARequestAfterLastTransferCmd
 *(.text.ADC_TempSensorVrefintCmd)
 *fill*         0x080167f0       0x10 00000000
 .text.ADC_TempSensorVrefintCmd
                0x08016800       0x50 /home/jon/dev_src/SEU-Detect-Correct/build/stm32f4xx_adc.o
                0x08016800                ADC_TempSensorVrefintCmd
 *(.text.ADC_VBATCmd)
 *fill*         0x08016850       0x10 00000000
 .text.ADC_VBATCmd
                0x08016860       0x50 /home/jon/dev_src/SEU-Detect-Correct/build/stm32f4xx_adc.o
                0x08016860                ADC_VBATCmd
 *(.text.DAC_DualSoftwareTriggerCmd)
 *fill*         0x080168b0       0x10 00000000
 .text.DAC_DualSoftwareTriggerCmd
                0x080168c0       0x50 /home/jon/dev_src/SEU-Detect-Correct/build/stm32f4xx_dac.o
                0x080168c0                DAC_DualSoftwareTriggerCmd
 *(.text.DMA_Cmd)
 *fill*         0x08016910       0x10 00000000
 .text.DMA_Cmd  0x08016920       0x50 /home/jon/dev_src/SEU-Detect-Correct/build/stm32f4xx_dma.o
                0x08016920                DMA_Cmd
 *(.text.DMA_DoubleBufferModeCmd)
 *fill*         0x08016970       0x10 00000000
 .text.DMA_DoubleBufferModeCmd
                0x08016980       0x50 /home/jon/dev_src/SEU-Detect-Correct/build/stm32f4xx_dma.o
                0x08016980                DMA_DoubleBufferModeCmd
 *(.text.FLASH_DataCacheCmd)
 *fill*         0x080169d0       0x10 00000000
 .text.FLASH_DataCacheCmd
                0x080169e0       0x50 /home/jon/dev_src/SEU-Detect-Correct/build/stm32f4xx_flash.o
                0x080169e0                FLASH_DataCacheCmd
 *(.text.FLASH_InstructionCacheCmd)
 *fill*         0x08016a30       0x10 00000000
 .text.FLASH_InstructionCacheCmd
                0x08016a40       0x50 /home/jon/dev_src/SEU-Detect-Correct/build/stm32f4xx_flash.o
                0x08016a40                FLASH_InstructionCacheCmd
 *(.text.FLASH_OB_BORConfig)
 *fill*         0x08016a90       0x10 00000000
 .text.FLASH_OB_BORConfig
                0x08016aa0       0x50 /home/jon/dev_src/SEU-Detect-Correct/build/stm32f4xx_flash.o
                0x08016aa0                FLASH_OB_BORConfig
 *(.text.FLASH_PrefetchBufferCmd)
 *fill*         0x08016af0       0x10 00000000
 .text.FLASH_PrefetchBufferCmd
                0x08016b00       0x50 /home/jon/dev_src/SEU-Detect-Correct/build/stm32f4xx_flash.o
                0x08016b00                FLASH_PrefetchBufferCmd
 *(.text.I2S_StructInit)
 *fill*         0x08016b50       0x10 00000000
 .text.I2S_StructInit
                0x08016b60       0x50 /home/jon/dev_src/SEU-Detect-Correct/build/stm32f4xx_spi.o
                0x08016b60                I2S_StructInit
 *(.text.prvTaskCheckFreeStackSpace)
 *fill*         0x08016bb0       0x10 00000000
 .text.prvTaskCheckFreeStackSpace
                0x08016bc0       0x50 /home/jon/dev_src/SEU-Detect-Correct/build/tasks.o
 *(.text.RCC_GetITStatus)
 *fill*         0x08016c10       0x10 00000000
 .text.RCC_GetITStatus
                0x08016c20       0x50 /home/jon/dev_src/SEU-Detect-Correct/build/stm32f4xx_rcc.o
                0x08016c20                RCC_GetITStatus
 *(.text.RCC_HCLKConfig)
 *fill*         0x08016c70       0x10 00000000
 .text.RCC_HCLKConfig
                0x08016c80       0x50 /home/jon/dev_src/SEU-Detect-Correct/build/stm32f4xx_rcc.o
                0x08016c80                RCC_HCLKConfig
 *(.text.RCC_PCLK1Config)
 *fill*         0x08016cd0       0x10 00000000
 .text.RCC_PCLK1Config
                0x08016ce0       0x50 /home/jon/dev_src/SEU-Detect-Correct/build/stm32f4xx_rcc.o
                0x08016ce0                RCC_PCLK1Config
 *(.text.RCC_PCLK2Config)
 *fill*         0x08016d30       0x10 00000000
 .text.RCC_PCLK2Config
                0x08016d40       0x50 /home/jon/dev_src/SEU-Detect-Correct/build/stm32f4xx_rcc.o
                0x08016d40                RCC_PCLK2Config
 *(.text.RCC_SYSCLKConfig)
 *fill*         0x08016d90       0x10 00000000
 .text.RCC_SYSCLKConfig
                0x08016da0       0x50 /home/jon/dev_src/SEU-Detect-Correct/build/stm32f4xx_rcc.o
                0x08016da0                RCC_SYSCLKConfig
 *(.text.RNG_Cmd)
 *fill*         0x08016df0       0x10 00000000
 .text.RNG_Cmd  0x08016e00       0x50 /home/jon/dev_src/SEU-Detect-Correct/build/stm32f4xx_rng.o
                0x08016e00                RNG_Cmd
 *(.text.RNG_GetFlagStatus)
 *fill*         0x08016e50       0x10 00000000
 .text.RNG_GetFlagStatus
                0x08016e60       0x50 /home/jon/dev_src/SEU-Detect-Correct/build/stm32f4xx_rng.o
                0x08016e60                RNG_GetFlagStatus
 *(.text.RNG_GetITStatus)
 *fill*         0x08016eb0       0x10 00000000
 .text.RNG_GetITStatus
                0x08016ec0       0x50 /home/jon/dev_src/SEU-Detect-Correct/build/stm32f4xx_rng.o
                0x08016ec0                RNG_GetITStatus
 *(.text.RNG_ITConfig)
 *fill*         0x08016f10       0x10 00000000
 .text.RNG_ITConfig
                0x08016f20       0x50 /home/jon/dev_src/SEU-Detect-Correct/build/stm32f4xx_rng.o
                0x08016f20                RNG_ITConfig
 *(.text.SPI_DataSizeConfig)
 *fill*         0x08016f70       0x10 00000000
 .text.SPI_DataSizeConfig
                0x08016f80       0x50 /home/jon/dev_src/SEU-Detect-Correct/build/stm32f4xx_spi.o
                0x08016f80                SPI_DataSizeConfig
 *(.text.SPI_I2S_GetFlagStatus)
 *fill*         0x08016fd0       0x10 00000000
 .text.SPI_I2S_GetFlagStatus
                0x08016fe0       0x50 /home/jon/dev_src/SEU-Detect-Correct/build/stm32f4xx_spi.o
                0x08016fe0                SPI_I2S_GetFlagStatus
 *(.text.SysTick_CLKSourceConfig)
 *fill*         0x08017030       0x10 00000000
 .text.SysTick_CLKSourceConfig
                0x08017040       0x50 /home/jon/dev_src/SEU-Detect-Correct/build/misc.o
                0x08017040                SysTick_CLKSourceConfig
 *(.text.TIM_ClearOC1Ref)
 *fill*         0x08017090       0x10 00000000
 .text.TIM_ClearOC1Ref
                0x080170a0       0x50 /home/jon/dev_src/SEU-Detect-Correct/build/stm32f4xx_tim.o
                0x080170a0                TIM_ClearOC1Ref
 *(.text.TIM_ClearOC3Ref)
 *fill*         0x080170f0       0x10 00000000
 .text.TIM_ClearOC3Ref
                0x08017100       0x50 /home/jon/dev_src/SEU-Detect-Correct/build/stm32f4xx_tim.o
                0x08017100                TIM_ClearOC3Ref
 *(.text.TIM_CounterModeConfig)
 *fill*         0x08017150       0x10 00000000
 .text.TIM_CounterModeConfig
                0x08017160       0x50 /home/jon/dev_src/SEU-Detect-Correct/build/stm32f4xx_tim.o
                0x08017160                TIM_CounterModeConfig
 *(.text.TIM_ForcedOC1Config)
 *fill*         0x080171b0       0x10 00000000
 .text.TIM_ForcedOC1Config
                0x080171c0       0x50 /home/jon/dev_src/SEU-Detect-Correct/build/stm32f4xx_tim.o
                0x080171c0                TIM_ForcedOC1Config
 *(.text.TIM_ForcedOC3Config)
 *fill*         0x08017210       0x10 00000000
 .text.TIM_ForcedOC3Config
                0x08017220       0x50 /home/jon/dev_src/SEU-Detect-Correct/build/stm32f4xx_tim.o
                0x08017220                TIM_ForcedOC3Config
 *(.text.TIM_GetFlagStatus)
 *fill*         0x08017270       0x10 00000000
 .text.TIM_GetFlagStatus
                0x08017280       0x50 /home/jon/dev_src/SEU-Detect-Correct/build/stm32f4xx_tim.o
                0x08017280                TIM_GetFlagStatus
 *(.text.TIM_OC1FastConfig)
 *fill*         0x080172d0       0x10 00000000
 .text.TIM_OC1FastConfig
                0x080172e0       0x50 /home/jon/dev_src/SEU-Detect-Correct/build/stm32f4xx_tim.o
                0x080172e0                TIM_OC1FastConfig
 *(.text.TIM_OC1NPolarityConfig)
 *fill*         0x08017330       0x10 00000000
 .text.TIM_OC1NPolarityConfig
                0x08017340       0x50 /home/jon/dev_src/SEU-Detect-Correct/build/stm32f4xx_tim.o
                0x08017340                TIM_OC1NPolarityConfig
 *(.text.TIM_OC1PolarityConfig)
 *fill*         0x08017390       0x10 00000000
 .text.TIM_OC1PolarityConfig
                0x080173a0       0x50 /home/jon/dev_src/SEU-Detect-Correct/build/stm32f4xx_tim.o
                0x080173a0                TIM_OC1PolarityConfig
 *(.text.TIM_OC1PreloadConfig)
 *fill*         0x080173f0       0x10 00000000
 .text.TIM_OC1PreloadConfig
                0x08017400       0x50 /home/jon/dev_src/SEU-Detect-Correct/build/stm32f4xx_tim.o
                0x08017400                TIM_OC1PreloadConfig
 *(.text.TIM_OC3FastConfig)
 *fill*         0x08017450       0x10 00000000
 .text.TIM_OC3FastConfig
                0x08017460       0x50 /home/jon/dev_src/SEU-Detect-Correct/build/stm32f4xx_tim.o
                0x08017460                TIM_OC3FastConfig
 *(.text.TIM_OC3PreloadConfig)
 *fill*         0x080174b0       0x10 00000000
 .text.TIM_OC3PreloadConfig
                0x080174c0       0x50 /home/jon/dev_src/SEU-Detect-Correct/build/stm32f4xx_tim.o
                0x080174c0                TIM_OC3PreloadConfig
 *(.text.TIM_SelectInputTrigger)
 *fill*         0x08017510       0x10 00000000
 .text.TIM_SelectInputTrigger
                0x08017520       0x50 /home/jon/dev_src/SEU-Detect-Correct/build/stm32f4xx_tim.o
                0x08017520                TIM_SelectInputTrigger
 *(.text.TIM_SelectMasterSlaveMode)
 *fill*         0x08017570       0x10 00000000
 .text.TIM_SelectMasterSlaveMode
                0x08017580       0x50 /home/jon/dev_src/SEU-Detect-Correct/build/stm32f4xx_tim.o
                0x08017580                TIM_SelectMasterSlaveMode
 *(.text.TIM_SelectOnePulseMode)
 *fill*         0x080175d0       0x10 00000000
 .text.TIM_SelectOnePulseMode
                0x080175e0       0x50 /home/jon/dev_src/SEU-Detect-Correct/build/stm32f4xx_tim.o
                0x080175e0                TIM_SelectOnePulseMode
 *(.text.TIM_SelectOutputTrigger)
 *fill*         0x08017630       0x10 00000000
 .text.TIM_SelectOutputTrigger
                0x08017640       0x50 /home/jon/dev_src/SEU-Detect-Correct/build/stm32f4xx_tim.o
                0x08017640                TIM_SelectOutputTrigger
 *(.text.TIM_SelectSlaveMode)
 *fill*         0x08017690       0x10 00000000
 .text.TIM_SelectSlaveMode
                0x080176a0       0x50 /home/jon/dev_src/SEU-Detect-Correct/build/stm32f4xx_tim.o
                0x080176a0                TIM_SelectSlaveMode
 *(.text.TIM_SetClockDivision)
 *fill*         0x080176f0       0x10 00000000
 .text.TIM_SetClockDivision
                0x08017700       0x50 /home/jon/dev_src/SEU-Detect-Correct/build/stm32f4xx_tim.o
                0x08017700                TIM_SetClockDivision
 *(.text.TIM_SetIC1Prescaler)
 *fill*         0x08017750       0x10 00000000
 .text.TIM_SetIC1Prescaler
                0x08017760       0x50 /home/jon/dev_src/SEU-Detect-Correct/build/stm32f4xx_tim.o
                0x08017760                TIM_SetIC1Prescaler
 *(.text.TIM_SetIC3Prescaler)
 *fill*         0x080177b0       0x10 00000000
 .text.TIM_SetIC3Prescaler
                0x080177c0       0x50 /home/jon/dev_src/SEU-Detect-Correct/build/stm32f4xx_tim.o
                0x080177c0                TIM_SetIC3Prescaler
 *(.text.USART_ClearITPendingBit)