Archive member included to satisfy reference by file (symbol)

/home/jon/gcc-arm-none-eabi-5_2-2015q4/arm-none-eabi/lib/armv7e-m/fpu/libc.a(lib_a-errno.o)
                              /home/jon/dev_src/SEU-Detect-Correct/build/syscalls.o (__errno)
/home/jon/gcc-arm-none-eabi-5_2-2015q4/arm-none-eabi/lib/armv7e-m/fpu/libc.a(lib_a-impure.o)
                              /home/jon/gcc-arm-none-eabi-5_2-2015q4/arm-none-eabi/lib/armv7e-m/fpu/libc.a(lib_a-errno.o) (_impure_ptr)
/home/jon/gcc-arm-none-eabi-5_2-2015q4/arm-none-eabi/lib/armv7e-m/fpu/libc.a(lib_a-memcmp.o)
                              /home/jon/dev_src/SEU-Detect-Correct/build/tasks.o (memcmp)
/home/jon/gcc-arm-none-eabi-5_2-2015q4/arm-none-eabi/lib/armv7e-m/fpu/libc.a(lib_a-memcpy.o)
                              /home/jon/dev_src/SEU-Detect-Correct/build/queue.o (memcpy)
/home/jon/gcc-arm-none-eabi-5_2-2015q4/arm-none-eabi/lib/armv7e-m/fpu/libc.a(lib_a-memset.o)
                              /home/jon/dev_src/SEU-Detect-Correct/build/syscalls.o (memset)
/home/jon/gcc-arm-none-eabi-5_2-2015q4/arm-none-eabi/lib/armv7e-m/fpu/libc.a(lib_a-puts.o)
                              /home/jon/dev_src/SEU-Detect-Correct/build/main.o (puts)
/home/jon/gcc-arm-none-eabi-5_2-2015q4/arm-none-eabi/lib/armv7e-m/fpu/libc.a(lib_a-strlen.o)
                              /home/jon/gcc-arm-none-eabi-5_2-2015q4/arm-none-eabi/lib/armv7e-m/fpu/libc.a(lib_a-puts.o) (strlen)
/home/jon/gcc-arm-none-eabi-5_2-2015q4/arm-none-eabi/lib/armv7e-m/fpu/libc.a(lib_a-findfp.o)
                              /home/jon/gcc-arm-none-eabi-5_2-2015q4/arm-none-eabi/lib/armv7e-m/fpu/libc.a(lib_a-puts.o) (__sinit)
/home/jon/gcc-arm-none-eabi-5_2-2015q4/arm-none-eabi/lib/armv7e-m/fpu/libc.a(lib_a-fvwrite.o)
                              /home/jon/gcc-arm-none-eabi-5_2-2015q4/arm-none-eabi/lib/armv7e-m/fpu/libc.a(lib_a-puts.o) (__sfvwrite_r)
/home/jon/gcc-arm-none-eabi-5_2-2015q4/arm-none-eabi/lib/armv7e-m/fpu/libc.a(lib_a-fwalk.o)
                              /home/jon/gcc-arm-none-eabi-5_2-2015q4/arm-none-eabi/lib/armv7e-m/fpu/libc.a(lib_a-findfp.o) (_fwalk)
/home/jon/gcc-arm-none-eabi-5_2-2015q4/arm-none-eabi/lib/armv7e-m/fpu/libc.a(lib_a-mallocr.o)
                              /home/jon/gcc-arm-none-eabi-5_2-2015q4/arm-none-eabi/lib/armv7e-m/fpu/libc.a(lib_a-findfp.o) (_malloc_r)
/home/jon/gcc-arm-none-eabi-5_2-2015q4/arm-none-eabi/lib/armv7e-m/fpu/libc.a(lib_a-memchr.o)
                              /home/jon/gcc-arm-none-eabi-5_2-2015q4/arm-none-eabi/lib/armv7e-m/fpu/libc.a(lib_a-fvwrite.o) (memchr)
/home/jon/gcc-arm-none-eabi-5_2-2015q4/arm-none-eabi/lib/armv7e-m/fpu/libc.a(lib_a-memmove.o)
                              /home/jon/gcc-arm-none-eabi-5_2-2015q4/arm-none-eabi/lib/armv7e-m/fpu/libc.a(lib_a-fvwrite.o) (memmove)
/home/jon/gcc-arm-none-eabi-5_2-2015q4/arm-none-eabi/lib/armv7e-m/fpu/libc.a(lib_a-mlock.o)
                              /home/jon/gcc-arm-none-eabi-5_2-2015q4/arm-none-eabi/lib/armv7e-m/fpu/libc.a(lib_a-mallocr.o) (__malloc_lock)
/home/jon/gcc-arm-none-eabi-5_2-2015q4/arm-none-eabi/lib/armv7e-m/fpu/libc.a(lib_a-reallocr.o)
                              /home/jon/gcc-arm-none-eabi-5_2-2015q4/arm-none-eabi/lib/armv7e-m/fpu/libc.a(lib_a-fvwrite.o) (_realloc_r)
/home/jon/gcc-arm-none-eabi-5_2-2015q4/arm-none-eabi/lib/armv7e-m/fpu/libc.a(lib_a-sbrkr.o)
                              /home/jon/gcc-arm-none-eabi-5_2-2015q4/arm-none-eabi/lib/armv7e-m/fpu/libc.a(lib_a-mallocr.o) (_sbrk_r)
/home/jon/gcc-arm-none-eabi-5_2-2015q4/arm-none-eabi/lib/armv7e-m/fpu/libc.a(lib_a-stdio.o)
                              /home/jon/gcc-arm-none-eabi-5_2-2015q4/arm-none-eabi/lib/armv7e-m/fpu/libc.a(lib_a-findfp.o) (__sread)
/home/jon/gcc-arm-none-eabi-5_2-2015q4/arm-none-eabi/lib/armv7e-m/fpu/libc.a(lib_a-writer.o)
                              /home/jon/gcc-arm-none-eabi-5_2-2015q4/arm-none-eabi/lib/armv7e-m/fpu/libc.a(lib_a-stdio.o) (_write_r)
/home/jon/gcc-arm-none-eabi-5_2-2015q4/arm-none-eabi/lib/armv7e-m/fpu/libc.a(lib_a-wsetup.o)
                              /home/jon/gcc-arm-none-eabi-5_2-2015q4/arm-none-eabi/lib/armv7e-m/fpu/libc.a(lib_a-fvwrite.o) (__swsetup_r)
/home/jon/gcc-arm-none-eabi-5_2-2015q4/arm-none-eabi/lib/armv7e-m/fpu/libc.a(lib_a-closer.o)
                              /home/jon/gcc-arm-none-eabi-5_2-2015q4/arm-none-eabi/lib/armv7e-m/fpu/libc.a(lib_a-stdio.o) (_close_r)
/home/jon/gcc-arm-none-eabi-5_2-2015q4/arm-none-eabi/lib/armv7e-m/fpu/libc.a(lib_a-fclose.o)
                              /home/jon/gcc-arm-none-eabi-5_2-2015q4/arm-none-eabi/lib/armv7e-m/fpu/libc.a(lib_a-findfp.o) (_fclose_r)
/home/jon/gcc-arm-none-eabi-5_2-2015q4/arm-none-eabi/lib/armv7e-m/fpu/libc.a(lib_a-fflush.o)
                              /home/jon/gcc-arm-none-eabi-5_2-2015q4/arm-none-eabi/lib/armv7e-m/fpu/libc.a(lib_a-fclose.o) (__sflush_r)
/home/jon/gcc-arm-none-eabi-5_2-2015q4/arm-none-eabi/lib/armv7e-m/fpu/libc.a(lib_a-freer.o)
[...]
Memory Configuration

Name             Origin             Length             Attributes
sram             0x20000000         0x00030000         w !xr
CCMRAM           0x60000000         0x00000000         xrw
flash0           0x08000000         0x00004000         xrw
flash1           0x08004000         0x00004000         xrw
flash2           0x08008000         0x00004000         xrw
flash3           0x0800c000         0x00004000         xrw
flash4           0x08010000         0x00010000         xrw
flash5           0x08020000         0x00010000         xrw
flash6           0x08030000         0x00010000         xrw
flash7           0x08040000         0x00010000         xrw
flash8           0x08050000         0x00010000         xrw
flash9           0x08060000         0x00010000         xrw
flash10          0x08070000         0x00010000         xrw
flash11          0x08080000         0x00010000         xrw
flash12          0x08090000         0x00010000         xrw
flash13          0x080a0000         0x00010000         xrw
flash14          0x080b0000         0x00010000         xrw
flash17          0x080e0000         0x00020000         xrw
*default*        0x00000000         0xffffffff

Linker script and memory map

LOAD /home/jon/dev_src/SEU-Detect-Correct/build/system_stm32f4xx.o
LOAD /home/jon/dev_src/SEU-Detect-Correct/build/main.o
LOAD /home/jon/dev_src/SEU-Detect-Correct/build/syscalls.o
LOAD /home/jon/dev_src/SEU-Detect-Correct/build/port.o
LOAD /home/jon/dev_src/SEU-Detect-Correct/build/list.o
LOAD /home/jon/dev_src/SEU-Detect-Correct/build/queue.o
LOAD /home/jon/dev_src/SEU-Detect-Correct/build/tasks.o
LOAD /home/jon/dev_src/SEU-Detect-Correct/build/event_groups.o
LOAD /home/jon/dev_src/SEU-Detect-Correct/build/timers.o
LOAD /home/jon/dev_src/SEU-Detect-Correct/build/heap_4.o
LOAD /home/jon/dev_src/SEU-Detect-Correct/build/stm32f4xx_syscfg.o
LOAD /home/jon/dev_src/SEU-Detect-Correct/build/misc.o
LOAD /home/jon/dev_src/SEU-Detect-Correct/build/stm32f4xx_adc.o
LOAD /home/jon/dev_src/SEU-Detect-Correct/build/stm32f4xx_dac.o
LOAD /home/jon/dev_src/SEU-Detect-Correct/build/stm32f4xx_dma.o
LOAD /home/jon/dev_src/SEU-Detect-Correct/build/stm32f4xx_exti.o
LOAD /home/jon/dev_src/SEU-Detect-Correct/build/stm32f4xx_flash.o
LOAD /home/jon/dev_src/SEU-Detect-Correct/build/stm32f4xx_gpio.o
LOAD /home/jon/dev_src/SEU-Detect-Correct/build/stm32f4xx_i2c.o
LOAD /home/jon/dev_src/SEU-Detect-Correct/build/stm32f4xx_rcc.o
LOAD /home/jon/dev_src/SEU-Detect-Correct/build/stm32f4xx_spi.o
LOAD /home/jon/dev_src/SEU-Detect-Correct/build/stm32f4xx_tim.o
LOAD /home/jon/dev_src/SEU-Detect-Correct/build/stm32f4xx_usart.o
LOAD /home/jon/dev_src/SEU-Detect-Correct/build/stm32f4xx_rng.o
LOAD build/trace_functions.o
LOAD /home/jon/dev_src/SEU-Detect-Correct/build/startup_stm32f4xx.o
LOAD /home/jon/gcc-arm-none-eabi-5_2-2015q4/arm-none-eabi/lib/armv7e-m/fpu/libc.a
LOAD /home/jon/gcc-arm-none-eabi-5_2-2015q4/arm-none-eabi/lib/armv7e-m/fpu/libm.a
START GROUP
LOAD /home/jon/gcc-arm-none-eabi-5_2-2015q4/bin/../lib/gcc/arm-none-eabi/5.2.1/libgcc.a
LOAD /home/jon/gcc-arm-none-eabi-5_2-2015q4/bin/../lib/gcc/arm-none-eabi/5.2.1/../../../../arm-none-eabi/lib/libg.a
LOAD /home/jon/gcc-arm-none-eabi-5_2-2015q4/bin/../lib/gcc/arm-none-eabi/5.2.1/../../../../arm-none-eabi/lib/libc.a
END GROUP

.text0          0x08000000     0x35dc
                0x08000000                . = ALIGN (0x4)
 *(.flash0hdr.FlashHeader0)
 *(.flash0func.section0_profile_func_enter)
 *(.text.ADC_AnalogWatchdogCmd)
 .text.ADC_AnalogWatchdogCmd
                0x08000000       0x50 /home/jon/dev_src/SEU-Detect-Correct/build/stm32f4xx_adc.o
                0x08000000                ADC_AnalogWatchdogCmd
 *(.text.ADC_AnalogWatchdogSingleChannelConfig)
 *fill*         0x08000050       0x10 
 .text.ADC_AnalogWatchdogSingleChannelConfig
                0x08000060       0x50 /home/jon/dev_src/SEU-Detect-Correct/build/stm32f4xx_adc.o
                0x08000060                ADC_AnalogWatchdogSingleChannelConfig
 *(.text.ADC_AnalogWatchdogThresholdsConfig)
 *fill*         0x080000b0       0x10 
 .text.ADC_AnalogWatchdogThresholdsConfig
                0x080000c0       0x40 /home/jon/dev_src/SEU-Detect-Correct/build/stm32f4xx_adc.o
                0x080000c0                ADC_AnalogWatchdogThresholdsConfig
 *(.text.ADC_AutoInjectedConvCmd)
 .text.ADC_AutoInjectedConvCmd
                0x08000100       0x50 /home/jon/dev_src/SEU-Detect-Correct/build/stm32f4xx_adc.o
                0x08000100                ADC_AutoInjectedConvCmd
 *(.text.ADC_ClearFlag)
 *fill*         0x08000150       0x10 
 .text.ADC_ClearFlag
                0x08000160       0x38 /home/jon/dev_src/SEU-Detect-Correct/build/stm32f4xx_adc.o
                0x08000160                ADC_ClearFlag
 *(.text.ADC_ClearITPendingBit)
 *fill*         0x08000198        0x8 
 .text.ADC_ClearITPendingBit
                0x080001a0       0x44 /home/jon/dev_src/SEU-Detect-Correct/build/stm32f4xx_adc.o
                0x080001a0                ADC_ClearITPendingBit
 *(.text.ADC_Cmd)
 *fill*         0x080001e4       0x1c 
 .text.ADC_Cmd  0x08000200       0x50 /home/jon/dev_src/SEU-Detect-Correct/build/stm32f4xx_adc.o
                0x08000200                ADC_Cmd
 *(.text.ADC_CommonInit)
 *fill*         0x08000250       0x10 
 .text.ADC_CommonInit
                0x08000260       0x68 /home/jon/dev_src/SEU-Detect-Correct/build/stm32f4xx_adc.o
                0x08000260                ADC_CommonInit
 *(.text.ADC_CommonStructInit)
 *fill*         0x080002c8       0x18 
 .text.ADC_CommonStructInit
                0x080002e0       0x44 /home/jon/dev_src/SEU-Detect-Correct/build/stm32f4xx_adc.o
                0x080002e0                ADC_CommonStructInit
 *(.text.ADC_ContinuousModeCmd)
 *fill*         0x08000324       0x1c 
 .text.ADC_ContinuousModeCmd
                0x08000340       0x50 /home/jon/dev_src/SEU-Detect-Correct/build/stm32f4xx_adc.o
                0x08000340                ADC_ContinuousModeCmd
 *(.text.ADC_DeInit)
 *fill*         0x08000390       0x10 
 .text.ADC_DeInit
                0x080003a0       0x38 /home/jon/dev_src/SEU-Detect-Correct/build/stm32f4xx_adc.o
                0x080003a0                ADC_DeInit
 *(.text.ADC_DiscModeChannelCountConfig)
 *fill*         0x080003d8        0x8 
 .text.ADC_DiscModeChannelCountConfig
                0x080003e0       0x5c /home/jon/dev_src/SEU-Detect-Correct/build/stm32f4xx_adc.o
                0x080003e0                ADC_DiscModeChannelCountConfig
 *(.text.ADC_DiscModeCmd)
 *fill*         0x0800043c        0x4 
 .text.ADC_DiscModeCmd
                0x08000440       0x50 /home/jon/dev_src/SEU-Detect-Correct/build/stm32f4xx_adc.o
                0x08000440                ADC_DiscModeCmd
 *(.text.ADC_DMACmd)
 *fill*         0x08000490       0x10 
 .text.ADC_DMACmd
                0x080004a0       0x50 /home/jon/dev_src/SEU-Detect-Correct/build/stm32f4xx_adc.o
                0x080004a0                ADC_DMACmd
 *(.text.ADC_DMARequestAfterLastTransferCmd)
 *fill*         0x080004f0       0x10 
 .text.ADC_DMARequestAfterLastTransferCmd
                0x08000500       0x50 /home/jon/dev_src/SEU-Detect-Correct/build/stm32f4xx_adc.o
                0x08000500                ADC_DMARequestAfterLastTransferCmd
 *(.text.ADC_EOCOnEachRegularChannelCmd)
 *fill*         0x08000550       0x10 
 .text.ADC_EOCOnEachRegularChannelCmd
                0x08000560       0x50 /home/jon/dev_src/SEU-Detect-Correct/build/stm32f4xx_adc.o
                0x08000560                ADC_EOCOnEachRegularChannelCmd
 *(.text.ADC_ExternalTrigInjectedConvConfig)
 *fill*         0x080005b0       0x10 
 .text.ADC_ExternalTrigInjectedConvConfig
                0x080005c0       0x4c /home/jon/dev_src/SEU-Detect-Correct/build/stm32f4xx_adc.o
                0x080005c0                ADC_ExternalTrigInjectedConvConfig
 *(.text.ADC_ExternalTrigInjectedConvEdgeConfig)
 *fill*         0x0800060c       0x14 
 .text.ADC_ExternalTrigInjectedConvEdgeConfig
                0x08000620       0x4c /home/jon/dev_src/SEU-Detect-Correct/build/stm32f4xx_adc.o
                0x08000620                ADC_ExternalTrigInjectedConvEdgeConfig
 *(.text.ADC_GetConversionValue)
 *fill*         0x0800066c       0x14 
 .text.ADC_GetConversionValue
                0x08000680       0x34 /home/jon/dev_src/SEU-Detect-Correct/build/stm32f4xx_adc.o
                0x08000680                ADC_GetConversionValue
 *(.text.ADC_GetFlagStatus)
 *fill*         0x080006b4        0xc 
 .text.ADC_GetFlagStatus
                0x080006c0       0x4c /home/jon/dev_src/SEU-Detect-Correct/build/stm32f4xx_adc.o
                0x080006c0                ADC_GetFlagStatus
 *(.text.ADC_GetInjectedConversionValue)
 *fill*         0x0800070c       0x14 
 .text.ADC_GetInjectedConversionValue
                0x08000720       0x48 /home/jon/dev_src/SEU-Detect-Correct/build/stm32f4xx_adc.o
                0x08000720                ADC_GetInjectedConversionValue
 *(.text.ADC_GetITStatus)
 *fill*         0x08000768       0x18 
 .text.ADC_GetITStatus
                0x08000780       0x74 /home/jon/dev_src/SEU-Detect-Correct/build/stm32f4xx_adc.o
                0x08000780                ADC_GetITStatus
 *(.text.ADC_GetMultiModeConversionValue)
 *fill*         0x080007f4        0xc 
 .text.ADC_GetMultiModeConversionValue
                0x08000800       0x2c /home/jon/dev_src/SEU-Detect-Correct/build/stm32f4xx_adc.o
                0x08000800                ADC_GetMultiModeConversionValue
 *(.text.ADC_GetSoftwareStartConvStatus)
 *fill*         0x0800082c       0x14 
 .text.ADC_GetSoftwareStartConvStatus
                0x08000840       0x48 /home/jon/dev_src/SEU-Detect-Correct/build/stm32f4xx_adc.o
                0x08000840                ADC_GetSoftwareStartConvStatus
 *(.text.ADC_GetSoftwareStartInjectedConvCmdStatus)
 *fill*         0x08000888       0x18 
 .text.ADC_GetSoftwareStartInjectedConvCmdStatus
                0x080008a0       0x48 /home/jon/dev_src/SEU-Detect-Correct/build/stm32f4xx_adc.o
                0x080008a0                ADC_GetSoftwareStartInjectedConvCmdStatus
 *(.text.ADC_Init)
 *fill*         0x080008e8       0x18 
 .text.ADC_Init
                0x08000900       0xc0 /home/jon/dev_src/SEU-Detect-Correct/build/stm32f4xx_adc.o
                0x08000900                ADC_Init
 *(.text.ADC_InjectedChannelConfig)
 .text.ADC_InjectedChannelConfig
                0x080009c0      0x138 /home/jon/dev_src/SEU-Detect-Correct/build/stm32f4xx_adc.o
                0x080009c0                ADC_InjectedChannelConfig
 *(.text.ADC_InjectedDiscModeCmd)
 *fill*         0x08000af8        0x8 
 .text.ADC_InjectedDiscModeCmd
                0x08000b00       0x50 /home/jon/dev_src/SEU-Detect-Correct/build/stm32f4xx_adc.o
                0x08000b00                ADC_InjectedDiscModeCmd
 *(.text.ADC_InjectedSequencerLengthConfig)
 *fill*         0x08000b50       0x10 
 .text.ADC_InjectedSequencerLengthConfig
                0x08000b60       0x5c /home/jon/dev_src/SEU-Detect-Correct/build/stm32f4xx_adc.o
                0x08000b60                ADC_InjectedSequencerLengthConfig
 *(.text.ADC_IRQHandler)
 *(.text.ADC_ITConfig)
 *fill*         0x08000bbc        0x4 
 .text.ADC_ITConfig
                0x08000bc0       0x68 /home/jon/dev_src/SEU-Detect-Correct/build/stm32f4xx_adc.o
                0x08000bc0                ADC_ITConfig
 *(.text.ADC_MultiModeDMARequestAfterLastTransferCmd)
 *fill*         0x08000c28       0x18 
 .text.ADC_MultiModeDMARequestAfterLastTransferCmd
                0x08000c40       0x50 /home/jon/dev_src/SEU-Detect-Correct/build/stm32f4xx_adc.o
                0x08000c40                ADC_MultiModeDMARequestAfterLastTransferCmd
 *(.text.ADC_RegularChannelConfig)
 *fill*         0x08000c90       0x10 
 .text.ADC_RegularChannelConfig
                0x08000ca0      0x1ac /home/jon/dev_src/SEU-Detect-Correct/build/stm32f4xx_adc.o
                0x08000ca0                ADC_RegularChannelConfig
 *(.text.ADC_SetInjectedOffset)
 *fill*         0x08000e4c       0x14 
 .text.ADC_SetInjectedOffset
                0x08000e60       0x4c /home/jon/dev_src/SEU-Detect-Correct/build/stm32f4xx_adc.o
                0x08000e60                ADC_SetInjectedOffset
 *(.text.ADC_SoftwareStartConv)
 *fill*         0x08000eac       0x14 
 .text.ADC_SoftwareStartConv
                0x08000ec0       0x38 /home/jon/dev_src/SEU-Detect-Correct/build/stm32f4xx_adc.o
                0x08000ec0                ADC_SoftwareStartConv
 *(.text.ADC_SoftwareStartInjectedConv)
 *fill*         0x08000ef8        0x8 
 .text.ADC_SoftwareStartInjectedConv
                0x08000f00       0x38 /home/jon/dev_src/SEU-Detect-Correct/build/stm32f4xx_adc.o
                0x08000f00                ADC_SoftwareStartInjectedConv
 *(.text.ADC_StructInit)
 *fill*         0x08000f38        0x8 
 .text.ADC_StructInit
                0x08000f40       0x54 /home/jon/dev_src/SEU-Detect-Correct/build/stm32f4xx_adc.o
                0x08000f40                ADC_StructInit
 *(.text.ADC_TempSensorVrefintCmd)
 *fill*         0x08000f94        0xc 
 .text.ADC_TempSensorVrefintCmd
                0x08000fa0       0x50 /home/jon/dev_src/SEU-Detect-Correct/build/stm32f4xx_adc.o
                0x08000fa0                ADC_TempSensorVrefintCmd
 *(.text.ADC_VBATCmd)
 *fill*         0x08000ff0       0x10 
 .text.ADC_VBATCmd
                0x08001000       0x50 /home/jon/dev_src/SEU-Detect-Correct/build/stm32f4xx_adc.o
                0x08001000                ADC_VBATCmd
 *(.text.BusFault_Handler)
 *(.text.CAN1_RX0_IRQHandler)
 *(.text.CAN1_RX1_IRQHandler)
 *(.text.CAN1_SCE_IRQHandler)
 *(.text.CAN1_TX_IRQHandler)
 *(.text.CAN2_RX0_IRQHandler)
 *(.text.CAN2_RX1_IRQHandler)
 *(.text.CAN2_SCE_IRQHandler)
 *(.text.CAN2_TX_IRQHandler)
 *(.text._cleanup)
 .text._cleanup
                0x08001050       0x14 /home/jon/gcc-arm-none-eabi-5_2-2015q4/arm-none-eabi/lib/armv7e-m/fpu/libc.a(lib_a-findfp.o)
                0x08001050                _cleanup
 *(.text.cleanup_glue)
 .text.cleanup_glue
                0x08001064       0x1c /home/jon/gcc-arm-none-eabi-5_2-2015q4/arm-none-eabi/lib/armv7e-m/fpu/libc.a(lib_a-reent.o)
                0x08001064                cleanup_glue
 *(.text._cleanup_r)
 .text._cleanup_r
                0x08001080        0xc /home/jon/gcc-arm-none-eabi-5_2-2015q4/arm-none-eabi/lib/armv7e-m/fpu/libc.a(lib_a-findfp.o)
                0x08001080                _cleanup_r
 *(.text._close)
 *fill*         0x0800108c       0x14 
 .text._close   0x080010a0       0x30 /home/jon/dev_src/SEU-Detect-Correct/build/syscalls.o
                0x080010a0                _close
 *(.text._close_r)
 .text._close_r
                0x080010d0       0x24 /home/jon/gcc-arm-none-eabi-5_2-2015q4/arm-none-eabi/lib/armv7e-m/fpu/libc.a(lib_a-closer.o)
                0x080010d0                _close_r
 *(.text.copysignf)
 .text.copysignf
                0x080010f4       0x18 /home/jon/gcc-arm-none-eabi-5_2-2015q4/arm-none-eabi/lib/armv7e-m/fpu/libm.a(lib_a-sf_copysign.o)
                0x080010f4                copysignf
 *(.text.CRYP_IRQHandler)
 *(.text.current_tick_count)
 *fill*         0x0800110c       0x14 
 .text.current_tick_count
                0x08001120       0x10 build/trace_functions.o
 *(.text.__cyg_profile_func_enter)
 *fill*         0x08001130       0x10 
 .text.__cyg_profile_func_enter
                0x08001140       0x78 build/trace_functions.o
                0x08001140                __cyg_profile_func_enter
 *(.text.__cyg_profile_func_exit)
 *fill*         0x080011b8        0x8 
 .text.__cyg_profile_func_exit
                0x080011c0       0x18 build/trace_functions.o
                0x080011c0                __cyg_profile_func_exit
 *(.text.DAC_ClearFlag)
 *fill*         0x080011d8        0x8 
 .text.DAC_ClearFlag
                0x080011e0       0x3c /home/jon/dev_src/SEU-Detect-Correct/build/stm32f4xx_dac.o
                0x080011e0                DAC_ClearFlag
 *(.text.DAC_ClearITPendingBit)
 *fill*         0x0800121c        0x4 
 .text.DAC_ClearITPendingBit
                0x08001220       0x3c /home/jon/dev_src/SEU-Detect-Correct/build/stm32f4xx_dac.o
                0x08001220                DAC_ClearITPendingBit
 *(.text.DAC_Cmd)
 *fill*         0x0800125c        0x4 
 .text.DAC_Cmd  0x08001260       0x60 /home/jon/dev_src/SEU-Detect-Correct/build/stm32f4xx_dac.o
                0x08001260                DAC_Cmd
 *(.text.DAC_DeInit)
 .text.DAC_DeInit
                0x080012c0       0x38 /home/jon/dev_src/SEU-Detect-Correct/build/stm32f4xx_dac.o
                0x080012c0                DAC_DeInit
 *(.text.DAC_DMACmd)
 *fill*         0x080012f8        0x8 
 .text.DAC_DMACmd
                0x08001300       0x64 /home/jon/dev_src/SEU-Detect-Correct/build/stm32f4xx_dac.o
                0x08001300                DAC_DMACmd
 *(.text.DAC_DualSoftwareTriggerCmd)
 *fill*         0x08001364       0x1c 
 .text.DAC_DualSoftwareTriggerCmd
                0x08001380       0x50 /home/jon/dev_src/SEU-Detect-Correct/build/stm32f4xx_dac.o
                0x08001380                DAC_DualSoftwareTriggerCmd
 *(.text.DAC_GetDataOutputValue)
 *fill*         0x080013d0       0x10 
 .text.DAC_GetDataOutputValue
                0x080013e0       0x4c /home/jon/dev_src/SEU-Detect-Correct/build/stm32f4xx_dac.o
                0x080013e0                DAC_GetDataOutputValue
 *(.text.DAC_GetFlagStatus)
 *fill*         0x0800142c       0x14 
 .text.DAC_GetFlagStatus
                0x08001440       0x54 /home/jon/dev_src/SEU-Detect-Correct/build/stm32f4xx_dac.o
                0x08001440                DAC_GetFlagStatus
 *(.text.DAC_GetITStatus)
 *fill*         0x08001494        0xc 
 .text.DAC_GetITStatus
                0x080014a0       0x70 /home/jon/dev_src/SEU-Detect-Correct/build/stm32f4xx_dac.o
                0x080014a0                DAC_GetITStatus
 *(.text.DAC_Init)
 *fill*         0x08001510       0x10 
 .text.DAC_Init
                0x08001520       0x7c /home/jon/dev_src/SEU-Detect-Correct/build/stm32f4xx_dac.o
                0x08001520                DAC_Init
 *(.text.DAC_ITConfig)
 *fill*         0x0800159c        0x4 
 .text.DAC_ITConfig
                0x080015a0       0x64 /home/jon/dev_src/SEU-Detect-Correct/build/stm32f4xx_dac.o
                0x080015a0                DAC_ITConfig
 *(.text.DAC_SetChannel1Data)
 *fill*         0x08001604       0x1c 
 .text.DAC_SetChannel1Data
                0x08001620       0x4c /home/jon/dev_src/SEU-Detect-Correct/build/stm32f4xx_dac.o
                0x08001620                DAC_SetChannel1Data
 *(.text.DAC_SetChannel2Data)
 *fill*         0x0800166c       0x14 
 .text.DAC_SetChannel2Data
                0x08001680       0x4c /home/jon/dev_src/SEU-Detect-Correct/build/stm32f4xx_dac.o
                0x08001680                DAC_SetChannel2Data
 *(.text.DAC_SetDualChannelData)
 *fill*         0x080016cc       0x14 
 .text.DAC_SetDualChannelData
                0x080016e0       0x70 /home/jon/dev_src/SEU-Detect-Correct/build/stm32f4xx_dac.o
                0x080016e0                DAC_SetDualChannelData
 *(.text.DAC_SoftwareTriggerCmd)
 *fill*         0x08001750       0x10 
 .text.DAC_SoftwareTriggerCmd
                0x08001760       0x64 /home/jon/dev_src/SEU-Detect-Correct/build/stm32f4xx_dac.o
                0x08001760                DAC_SoftwareTriggerCmd
 *(.text.DAC_StructInit)
 *fill*         0x080017c4       0x1c 
 .text.DAC_StructInit
                0x080017e0       0x44 /home/jon/dev_src/SEU-Detect-Correct/build/stm32f4xx_dac.o
                0x080017e0                DAC_StructInit
 *(.text.DAC_WaveGenerationCmd)
 *fill*         0x08001824       0x1c 
 .text.DAC_WaveGenerationCmd
                0x08001840       0x64 /home/jon/dev_src/SEU-Detect-Correct/build/stm32f4xx_dac.o
                0x08001840                DAC_WaveGenerationCmd
 *(.text.DCMI_IRQHandler)
 *(.text.DebugMon_Handler)
 *(.text.DMA1_Stream0_IRQHandler)
 *(.text.DMA1_Stream1_IRQHandler)
 *(.text.DMA1_Stream2_IRQHandler)
 *(.text.DMA1_Stream3_IRQHandler)
 *(.text.DMA1_Stream4_IRQHandler)
 *(.text.DMA1_Stream5_IRQHandler)
 *(.text.DMA1_Stream6_IRQHandler)
 *(.text.DMA1_Stream7_IRQHandler)
 *(.text.DMA2_Stream0_IRQHandler)
 *(.text.DMA2_Stream1_IRQHandler)
 *(.text.DMA2_Stream2_IRQHandler)
 *(.text.DMA2_Stream3_IRQHandler)
 *(.text.DMA2_Stream4_IRQHandler)
 *(.text.DMA2_Stream5_IRQHandler)
 *(.text.DMA2_Stream6_IRQHandler)
 *(.text.DMA2_Stream7_IRQHandler)
 *(.text.DMA_ClearFlag)
 *fill*         0x080018a4       0x1c 
 .text.DMA_ClearFlag
                0x080018c0       0x74 /home/jon/dev_src/SEU-Detect-Correct/build/stm32f4xx_dma.o
                0x080018c0                DMA_ClearFlag
 *(.text.DMA_ClearITPendingBit)
 *fill*         0x08001934        0xc 
 .text.DMA_ClearITPendingBit
                0x08001940       0x74 /home/jon/dev_src/SEU-Detect-Correct/build/stm32f4xx_dma.o
                0x08001940                DMA_ClearITPendingBit
 *(.text.DMA_Cmd)
 *fill*         0x080019b4        0xc 
 .text.DMA_Cmd  0x080019c0       0x50 /home/jon/dev_src/SEU-Detect-Correct/build/stm32f4xx_dma.o
                0x080019c0                DMA_Cmd
 *(.text.DMA_DeInit)
 *fill*         0x08001a10       0x10 
 .text.DMA_DeInit
                0x08001a20      0x1bc /home/jon/dev_src/SEU-Detect-Correct/build/stm32f4xx_dma.o
                0x08001a20                DMA_DeInit
 *(.text.DMA_DoubleBufferModeCmd)
 *fill*         0x08001bdc        0x4 
 .text.DMA_DoubleBufferModeCmd
                0x08001be0       0x50 /home/jon/dev_src/SEU-Detect-Correct/build/stm32f4xx_dma.o
                0x08001be0                DMA_DoubleBufferModeCmd
 *(.text.DMA_DoubleBufferModeConfig)
 *fill*         0x08001c30       0x10 
 .text.DMA_DoubleBufferModeConfig
                0x08001c40       0x54 /home/jon/dev_src/SEU-Detect-Correct/build/stm32f4xx_dma.o
                0x08001c40                DMA_DoubleBufferModeConfig
 *(.text.DMA_FlowControllerConfig)
 *fill*         0x08001c94        0xc 
 .text.DMA_FlowControllerConfig
                0x08001ca0       0x4c /home/jon/dev_src/SEU-Detect-Correct/build/stm32f4xx_dma.o
                0x08001ca0                DMA_FlowControllerConfig
 *(.text.DMA_GetCmdStatus)
 *fill*         0x08001cec       0x14 
 .text.DMA_GetCmdStatus
                0x08001d00       0x48 /home/jon/dev_src/SEU-Detect-Correct/build/stm32f4xx_dma.o
                0x08001d00                DMA_GetCmdStatus
 *(.text.DMA_GetCurrDataCounter)
 *fill*         0x08001d48       0x18 
 .text.DMA_GetCurrDataCounter
                0x08001d60       0x34 /home/jon/dev_src/SEU-Detect-Correct/build/stm32f4xx_dma.o
                0x08001d60                DMA_GetCurrDataCounter
 *(.text.DMA_GetCurrentMemoryTarget)
 *fill*         0x08001d94        0xc 
 .text.DMA_GetCurrentMemoryTarget
                0x08001da0       0x48 /home/jon/dev_src/SEU-Detect-Correct/build/stm32f4xx_dma.o
                0x08001da0                DMA_GetCurrentMemoryTarget
 *(.text.DMA_GetFIFOStatus)
 *fill*         0x08001de8       0x18 
 .text.DMA_GetFIFOStatus
                0x08001e00       0x3c /home/jon/dev_src/SEU-Detect-Correct/build/stm32f4xx_dma.o
                0x08001e00                DMA_GetFIFOStatus
 *(.text.DMA_GetFlagStatus)
 *fill*         0x08001e3c        0x4 
 .text.DMA_GetFlagStatus
                0x08001e40       0x90 /home/jon/dev_src/SEU-Detect-Correct/build/stm32f4xx_dma.o
                0x08001e40                DMA_GetFlagStatus
 *(.text.DMA_GetITStatus)
 *fill*         0x08001ed0       0x10 
 .text.DMA_GetITStatus
                0x08001ee0       0xc8 /home/jon/dev_src/SEU-Detect-Correct/build/stm32f4xx_dma.o
                0x08001ee0                DMA_GetITStatus
 *(.text.DMA_Init)
 *fill*         0x08001fa8       0x18 
 .text.DMA_Init
                0x08001fc0       0xc4 /home/jon/dev_src/SEU-Detect-Correct/build/stm32f4xx_dma.o
                0x08001fc0                DMA_Init
 *(.text.DMA_ITConfig)
 *fill*         0x08002084       0x1c 
 .text.DMA_ITConfig
                0x080020a0       0x8c /home/jon/dev_src/SEU-Detect-Correct/build/stm32f4xx_dma.o
                0x080020a0                DMA_ITConfig
 *(.text.DMA_MemoryTargetConfig)
 *fill*         0x0800212c       0x14 
 .text.DMA_MemoryTargetConfig
                0x08002140       0x44 /home/jon/dev_src/SEU-Detect-Correct/build/stm32f4xx_dma.o
                0x08002140                DMA_MemoryTargetConfig
 *(.text.DMA_PeriphIncOffsetSizeConfig)
 *fill*         0x08002184       0x1c 
 .text.DMA_PeriphIncOffsetSizeConfig
                0x080021a0       0x4c /home/jon/dev_src/SEU-Detect-Correct/build/stm32f4xx_dma.o
                0x080021a0                DMA_PeriphIncOffsetSizeConfig
 *(.text.DMA_SetCurrDataCounter)
 *fill*         0x080021ec       0x14 
 .text.DMA_SetCurrDataCounter
                0x08002200       0x34 /home/jon/dev_src/SEU-Detect-Correct/build/stm32f4xx_dma.o
                0x08002200                DMA_SetCurrDataCounter
 *(.text.DMA_StructInit)
 *fill*         0x08002234        0xc 
 .text.DMA_StructInit
                0x08002240       0x84 /home/jon/dev_src/SEU-Detect-Correct/build/stm32f4xx_dma.o
                0x08002240                DMA_StructInit
 *(.text.__errno)
 .text.__errno  0x080022c4        0xc /home/jon/gcc-arm-none-eabi-5_2-2015q4/arm-none-eabi/lib/armv7e-m/fpu/libc.a(lib_a-errno.o)
                0x080022c4                __errno
 *(.text.ETH_IRQHandler)
 *(.text.ETH_WKUP_IRQHandler)
 *(.text.EXTI0_IRQHandler)
 *(.text.EXTI15_10_IRQHandler)
 *(.text.EXTI1_IRQHandler)
 *(.text.EXTI2_IRQHandler)
 *(.text.EXTI3_IRQHandler)
 *(.text.EXTI4_IRQHandler)
 *(.text.EXTI9_5_IRQHandler)
 *(.text.EXTI_ClearFlag)
 *fill*         0x080022d0       0x10 
 .text.EXTI_ClearFlag
                0x080022e0       0x34 /home/jon/dev_src/SEU-Detect-Correct/build/stm32f4xx_exti.o
                0x080022e0                EXTI_ClearFlag
 *(.text.EXTI_ClearITPendingBit)
 *fill*         0x08002314        0xc 
 .text.EXTI_ClearITPendingBit
                0x08002320       0x34 /home/jon/dev_src/SEU-Detect-Correct/build/stm32f4xx_exti.o
                0x08002320                EXTI_ClearITPendingBit
 *(.text.EXTI_DeInit)
 *fill*         0x08002354        0xc 
 .text.EXTI_DeInit
                0x08002360       0x48 /home/jon/dev_src/SEU-Detect-Correct/build/stm32f4xx_exti.o
                0x08002360                EXTI_DeInit
 *(.text.EXTI_GenerateSWInterrupt)
 *fill*         0x080023a8       0x18 
 .text.EXTI_GenerateSWInterrupt
                0x080023c0       0x3c /home/jon/dev_src/SEU-Detect-Correct/build/stm32f4xx_exti.o
                0x080023c0                EXTI_GenerateSWInterrupt
 *(.text.EXTI_GetFlagStatus)
 *fill*         0x080023fc        0x4 
 .text.EXTI_GetFlagStatus
                0x08002400       0x4c /home/jon/dev_src/SEU-Detect-Correct/build/stm32f4xx_exti.o
                0x08002400                EXTI_GetFlagStatus
 *(.text.EXTI_GetITStatus)
 *fill*         0x0800244c       0x14 
 .text.EXTI_GetITStatus
                0x08002460       0x60 /home/jon/dev_src/SEU-Detect-Correct/build/stm32f4xx_exti.o
                0x08002460                EXTI_GetITStatus
 *(.text.EXTI_Init)
 .text.EXTI_Init
                0x080024c0       0xfc /home/jon/dev_src/SEU-Detect-Correct/build/stm32f4xx_exti.o
                0x080024c0                EXTI_Init
 *(.text.EXTI_StructInit)
 *fill*         0x080025bc        0x4 
 .text.EXTI_StructInit
                0x080025c0       0x44 /home/jon/dev_src/SEU-Detect-Correct/build/stm32f4xx_exti.o
                0x080025c0                EXTI_StructInit
 *(.text.fabsf)
 .text.fabsf    0x08002604       0x10 /home/jon/gcc-arm-none-eabi-5_2-2015q4/arm-none-eabi/lib/armv7e-m/fpu/libm.a(lib_a-sf_fabs.o)
                0x08002604                fabsf
 *(.text.fclose)
 .text.fclose   0x08002614       0x10 /home/jon/gcc-arm-none-eabi-5_2-2015q4/arm-none-eabi/lib/armv7e-m/fpu/libc.a(lib_a-fclose.o)
                0x08002614                fclose
 *(.text._fclose_r)
 .text._fclose_r
                0x08002624       0x84 /home/jon/gcc-arm-none-eabi-5_2-2015q4/arm-none-eabi/lib/armv7e-m/fpu/libc.a(lib_a-fclose.o)
                0x08002624                _fclose_r
 *(.text.fflush)
 .text.fflush   0x080026a8       0x24 /home/jon/gcc-arm-none-eabi-5_2-2015q4/arm-none-eabi/lib/armv7e-m/fpu/libc.a(lib_a-fflush.o)
                0x080026a8                fflush
 *(.text._fflush_r)
 .text._fflush_r
                0x080026cc       0x2c /home/jon/gcc-arm-none-eabi-5_2-2015q4/arm-none-eabi/lib/armv7e-m/fpu/libc.a(lib_a-fflush.o)
                0x080026cc                _fflush_r
 *(.text.FLASH_ClearFlag)
 *fill*         0x080026f8        0x8 
 .text.FLASH_ClearFlag
                0x08002700       0x34 /home/jon/dev_src/SEU-Detect-Correct/build/stm32f4xx_flash.o
                0x08002700                FLASH_ClearFlag
 *(.text.FLASH_DataCacheCmd)
 *fill*         0x08002734        0xc 
 .text.FLASH_DataCacheCmd
                0x08002740       0x50 /home/jon/dev_src/SEU-Detect-Correct/build/stm32f4xx_flash.o
                0x08002740                FLASH_DataCacheCmd
 *(.text.FLASH_DataCacheReset)
 *fill*         0x08002790       0x10 
 .text.FLASH_DataCacheReset
                0x080027a0       0x34 /home/jon/dev_src/SEU-Detect-Correct/build/stm32f4xx_flash.o
                0x080027a0                FLASH_DataCacheReset
 *(.text.FLASH_EraseAllSectors)
 *fill*         0x080027d4        0xc 
 .text.FLASH_EraseAllSectors
                0x080027e0       0xbc /home/jon/dev_src/SEU-Detect-Correct/build/stm32f4xx_flash.o
                0x080027e0                FLASH_EraseAllSectors
 *(.text.FLASH_EraseSector)
 *fill*         0x0800289c        0x4 
 .text.FLASH_EraseSector
                0x080028a0       0xdc /home/jon/dev_src/SEU-Detect-Correct/build/stm32f4xx_flash.o
                0x080028a0                FLASH_EraseSector
 *(.text.FLASH_GetFlagStatus)
 *fill*         0x0800297c        0x4 
 .text.FLASH_GetFlagStatus
                0x08002980       0x4c /home/jon/dev_src/SEU-Detect-Correct/build/stm32f4xx_flash.o
                0x08002980                FLASH_GetFlagStatus
 *(.text.FLASH_GetStatus)
 *fill*         0x080029cc       0x14 
 .text.FLASH_GetStatus
                0x080029e0       0x80 /home/jon/dev_src/SEU-Detect-Correct/build/stm32f4xx_flash.o
                0x080029e0                FLASH_GetStatus
 *(.text.FLASH_InstructionCacheCmd)
 .text.FLASH_InstructionCacheCmd
                0x08002a60       0x50 /home/jon/dev_src/SEU-Detect-Correct/build/stm32f4xx_flash.o
                0x08002a60                FLASH_InstructionCacheCmd
 *(.text.FLASH_InstructionCacheReset)
 *fill*         0x08002ab0       0x10 
 .text.FLASH_InstructionCacheReset
                0x08002ac0       0x34 /home/jon/dev_src/SEU-Detect-Correct/build/stm32f4xx_flash.o
                0x08002ac0                FLASH_InstructionCacheReset
 *(.text.FLASH_IRQHandler)
 *(.text.FLASH_ITConfig)
 *fill*         0x08002af4        0xc 
 .text.FLASH_ITConfig
                0x08002b00       0x54 /home/jon/dev_src/SEU-Detect-Correct/build/stm32f4xx_flash.o
                0x08002b00                FLASH_ITConfig
 *(.text.FLASH_Lock)
 *fill*         0x08002b54        0xc 
 .text.FLASH_Lock
                0x08002b60       0x34 /home/jon/dev_src/SEU-Detect-Correct/build/stm32f4xx_flash.o
                0x08002b60                FLASH_Lock
 *(.text.FLASH_OB_BORConfig)
 *fill*         0x08002b94        0xc 
 .text.FLASH_OB_BORConfig
                0x08002ba0       0x50 /home/jon/dev_src/SEU-Detect-Correct/build/stm32f4xx_flash.o
                0x08002ba0                FLASH_OB_BORConfig
 *(.text.FLASH_OB_GetBOR)
 *fill*         0x08002bf0       0x10 
 .text.FLASH_OB_GetBOR
                0x08002c00       0x34 /home/jon/dev_src/SEU-Detect-Correct/build/stm32f4xx_flash.o
                0x08002c00                FLASH_OB_GetBOR
 *(.text.FLASH_OB_GetRDP)
 *fill*         0x08002c34        0xc 
 .text.FLASH_OB_GetRDP
                0x08002c40       0x48 /home/jon/dev_src/SEU-Detect-Correct/build/stm32f4xx_flash.o
                0x08002c40                FLASH_OB_GetRDP
 *(.text.FLASH_OB_GetUser)
 *fill*         0x08002c88       0x18 
 .text.FLASH_OB_GetUser
                0x08002ca0       0x30 /home/jon/dev_src/SEU-Detect-Correct/build/stm32f4xx_flash.o
                0x08002ca0                FLASH_OB_GetUser
 *(.text.FLASH_OB_GetWRP)
 *fill*         0x08002cd0       0x10 
 .text.FLASH_OB_GetWRP
                0x08002ce0       0x30 /home/jon/dev_src/SEU-Detect-Correct/build/stm32f4xx_flash.o
                0x08002ce0                FLASH_OB_GetWRP
 *(.text.FLASH_OB_Launch)
 *fill*         0x08002d10       0x10 
 .text.FLASH_OB_Launch
                0x08002d20       0x4c /home/jon/dev_src/SEU-Detect-Correct/build/stm32f4xx_flash.o
                0x08002d20                FLASH_OB_Launch
 *(.text.FLASH_OB_Lock)
 *fill*         0x08002d6c       0x14 
 .text.FLASH_OB_Lock
                0x08002d80       0x34 /home/jon/dev_src/SEU-Detect-Correct/build/stm32f4xx_flash.o
                0x08002d80                FLASH_OB_Lock
 *(.text.FLASH_OB_RDPConfig)
 *fill*         0x08002db4        0xc 
 .text.FLASH_OB_RDPConfig
                0x08002dc0       0x48 /home/jon/dev_src/SEU-Detect-Correct/build/stm32f4xx_flash.o
                0x08002dc0                FLASH_OB_RDPConfig
 *(.text.FLASH_OB_Unlock)
 *fill*         0x08002e08       0x18 
 .text.FLASH_OB_Unlock
                0x08002e20       0x48 /home/jon/dev_src/SEU-Detect-Correct/build/stm32f4xx_flash.o
                0x08002e20                FLASH_OB_Unlock
 *(.text.FLASH_OB_UserConfig)
 *fill*         0x08002e68       0x18 
 .text.FLASH_OB_UserConfig
                0x08002e80       0x74 /home/jon/dev_src/SEU-Detect-Correct/build/stm32f4xx_flash.o
                0x08002e80                FLASH_OB_UserConfig
 *(.text.FLASH_OB_WRPConfig)
 *fill*         0x08002ef4        0xc 
 .text.FLASH_OB_WRPConfig
                0x08002f00       0x78 /home/jon/dev_src/SEU-Detect-Correct/build/stm32f4xx_flash.o
                0x08002f00                FLASH_OB_WRPConfig
 *(.text.FLASH_PrefetchBufferCmd)
 *fill*         0x08002f78        0x8 
 .text.FLASH_PrefetchBufferCmd
                0x08002f80       0x50 /home/jon/dev_src/SEU-Detect-Correct/build/stm32f4xx_flash.o
                0x08002f80                FLASH_PrefetchBufferCmd
 *(.text.FLASH_ProgramByte)
 *fill*         0x08002fd0       0x10 
 .text.FLASH_ProgramByte
                0x08002fe0       0x84 /home/jon/dev_src/SEU-Detect-Correct/build/stm32f4xx_flash.o
                0x08002fe0                FLASH_ProgramByte
 *(.text.FLASH_ProgramDoubleWord)
 *fill*         0x08003064       0x1c 
 .text.FLASH_ProgramDoubleWord
                0x08003080       0x8c /home/jon/dev_src/SEU-Detect-Correct/build/stm32f4xx_flash.o
                0x08003080                FLASH_ProgramDoubleWord
 *(.text.FLASH_ProgramHalfWord)
 *fill*         0x0800310c       0x14 
 .text.FLASH_ProgramHalfWord
                0x08003120       0x88 /home/jon/dev_src/SEU-Detect-Correct/build/stm32f4xx_flash.o
                0x08003120                FLASH_ProgramHalfWord
 *(.text.FLASH_ProgramWord)
 *fill*         0x080031a8       0x18 
 .text.FLASH_ProgramWord
                0x080031c0       0x84 /home/jon/dev_src/SEU-Detect-Correct/build/stm32f4xx_flash.o
                0x080031c0                FLASH_ProgramWord
 *(.text.FLASH_SetLatency)
 *fill*         0x08003244       0x1c 
 .text.FLASH_SetLatency
                0x08003260       0x38 /home/jon/dev_src/SEU-Detect-Correct/build/stm32f4xx_flash.o
                0x08003260                FLASH_SetLatency
 *(.text.FLASH_Unlock)
 *fill*         0x08003298        0x8 
 .text.FLASH_Unlock
                0x080032a0       0x44 /home/jon/dev_src/SEU-Detect-Correct/build/stm32f4xx_flash.o
                0x080032a0                FLASH_Unlock
 *(.text.FLASH_WaitForLastOperation)
 *fill*         0x080032e4       0x1c 
 .text.FLASH_WaitForLastOperation
                0x08003300       0x4c /home/jon/dev_src/SEU-Detect-Correct/build/stm32f4xx_flash.o
                0x08003300                FLASH_WaitForLastOperation
 *(.text.floorf)
 .text.floorf   0x0800334c       0x90 /home/jon/gcc-arm-none-eabi-5_2-2015q4/arm-none-eabi/lib/armv7e-m/fpu/libm.a(lib_a-sf_floor.o)
                0x0800334c                floorf
 *(.text.__fp_lock)
 .text.__fp_lock
                0x080033dc        0x4 /home/jon/gcc-arm-none-eabi-5_2-2015q4/arm-none-eabi/lib/armv7e-m/fpu/libc.a(lib_a-findfp.o)
 *(.text.__fp_lock_all)
 .text.__fp_lock_all
                0x080033e0       0x14 /home/jon/gcc-arm-none-eabi-5_2-2015q4/arm-none-eabi/lib/armv7e-m/fpu/libc.a(lib_a-findfp.o)
                0x080033e0                __fp_lock_all
 *(.text.FPU_IRQHandler)
 *(.text.__fp_unlock)
 .text.__fp_unlock
                0x080033f4        0x4 /home/jon/gcc-arm-none-eabi-5_2-2015q4/arm-none-eabi/lib/armv7e-m/fpu/libc.a(lib_a-findfp.o)
 *(.text.__fp_unlock_all)
 .text.__fp_unlock_all
                0x080033f8       0x14 /home/jon/gcc-arm-none-eabi-5_2-2015q4/arm-none-eabi/lib/armv7e-m/fpu/libc.a(lib_a-findfp.o)
                0x080033f8                __fp_unlock_all
 *(.text._free_r)
 .text._free_r  0x0800340c      0x1d0 /home/jon/gcc-arm-none-eabi-5_2-2015q4/arm-none-eabi/lib/armv7e-m/fpu/libc.a(lib_a-freer.o)
                0x0800340c                _free_r
 *(.text.FSMC_IRQHandler)

.text1          0x08004000     0x3128
                0x08004000                . = ALIGN (0x4)
 *(.flash1hdr.FlashHeader1)
 *(.flash1func.section1_profile_func_enter)
 *(.text._fstat)
 .text._fstat   0x08004000       0x44 /home/jon/dev_src/SEU-Detect-Correct/build/syscalls.o
                0x08004000                _fstat
 *(.text._fstat_r)
 .text._fstat_r
                0x08004044       0x28 /home/jon/gcc-arm-none-eabi-5_2-2015q4/arm-none-eabi/lib/armv7e-m/fpu/libc.a(lib_a-fstatr.o)
                0x08004044                _fstat_r
 *(.text._fwalk)
 .text._fwalk   0x0800406c       0x4c /home/jon/gcc-arm-none-eabi-5_2-2015q4/arm-none-eabi/lib/armv7e-m/fpu/libc.a(lib_a-fwalk.o)
                0x0800406c                _fwalk
 *(.text._fwalk_reent)
 .text._fwalk_reent
                0x080040b8       0x54 /home/jon/gcc-arm-none-eabi-5_2-2015q4/arm-none-eabi/lib/armv7e-m/fpu/libc.a(lib_a-fwalk.o)
                0x080040b8                _fwalk_reent
 *(.text._getpid)
 *fill*         0x0800410c       0x14 
 .text._getpid  0x08004120       0x28 /home/jon/dev_src/SEU-Detect-Correct/build/syscalls.o
                0x08004120                _getpid
 *(.text.GPIO_DeInit)
 *fill*         0x08004148       0x18 
 .text.GPIO_DeInit
                0x08004160      0x13c /home/jon/dev_src/SEU-Detect-Correct/build/stm32f4xx_gpio.o
                0x08004160                GPIO_DeInit
 *(.text.GPIO_Init)
 *fill*         0x0800429c        0x4 
 .text.GPIO_Init
                0x080042a0      0x134 /home/jon/dev_src/SEU-Detect-Correct/build/stm32f4xx_gpio.o
                0x080042a0                GPIO_Init
 *(.text.GPIO_PinAFConfig)
 *fill*         0x080043d4        0xc 
 .text.GPIO_PinAFConfig
                0x080043e0       0xa8 /home/jon/dev_src/SEU-Detect-Correct/build/stm32f4xx_gpio.o
                0x080043e0                GPIO_PinAFConfig
 *(.text.GPIO_PinLockConfig)
 *fill*         0x08004488       0x18 
 .text.GPIO_PinLockConfig
                0x080044a0       0x5c /home/jon/dev_src/SEU-Detect-Correct/build/stm32f4xx_gpio.o
                0x080044a0                GPIO_PinLockConfig
 *(.text.GPIO_ReadInputData)
 *fill*         0x080044fc        0x4 
 .text.GPIO_ReadInputData
                0x08004500       0x34 /home/jon/dev_src/SEU-Detect-Correct/build/stm32f4xx_gpio.o
                0x08004500                GPIO_ReadInputData
 *(.text.GPIO_ReadInputDataBit)
 *fill*         0x08004534        0xc 
 .text.GPIO_ReadInputDataBit
                0x08004540       0x4c /home/jon/dev_src/SEU-Detect-Correct/build/stm32f4xx_gpio.o
                0x08004540                GPIO_ReadInputDataBit
 *(.text.GPIO_ReadOutputData)
 *fill*         0x0800458c       0x14 
 .text.GPIO_ReadOutputData
                0x080045a0       0x34 /home/jon/dev_src/SEU-Detect-Correct/build/stm32f4xx_gpio.o
                0x080045a0                GPIO_ReadOutputData
 *(.text.GPIO_ReadOutputDataBit)
 *fill*         0x080045d4        0xc 
 .text.GPIO_ReadOutputDataBit
                0x080045e0       0x4c /home/jon/dev_src/SEU-Detect-Correct/build/stm32f4xx_gpio.o
                0x080045e0                GPIO_ReadOutputDataBit
 *(.text.GPIO_ResetBits)
 *fill*         0x0800462c       0x14 
 .text.GPIO_ResetBits
                0x08004640       0x34 /home/jon/dev_src/SEU-Detect-Correct/build/stm32f4xx_gpio.o
                0x08004640                GPIO_ResetBits
 *(.text.GPIO_SetBits)
 *fill*         0x08004674        0xc 
 .text.GPIO_SetBits
                0x08004680       0x34 /home/jon/dev_src/SEU-Detect-Correct/build/stm32f4xx_gpio.o
                0x08004680                GPIO_SetBits
 *(.text.GPIO_StructInit)
 *fill*         0x080046b4        0xc 
 .text.GPIO_StructInit
                0x080046c0       0x4c /home/jon/dev_src/SEU-Detect-Correct/build/stm32f4xx_gpio.o
                0x080046c0                GPIO_StructInit
 *(.text.GPIO_ToggleBits)
 *fill*         0x0800470c       0x14 
 .text.GPIO_ToggleBits
                0x08004720       0x3c /home/jon/dev_src/SEU-Detect-Correct/build/stm32f4xx_gpio.o
                0x08004720                GPIO_ToggleBits
 *(.text.GPIO_Write)
 *fill*         0x0800475c        0x4 
 .text.GPIO_Write
                0x08004760       0x34 /home/jon/dev_src/SEU-Detect-Correct/build/stm32f4xx_gpio.o
                0x08004760                GPIO_Write
 *(.text.GPIO_WriteBit)
 *fill*         0x08004794        0xc 
 .text.GPIO_WriteBit
                0x080047a0       0x48 /home/jon/dev_src/SEU-Detect-Correct/build/stm32f4xx_gpio.o
                0x080047a0                GPIO_WriteBit
 *(.text.HardFault_Handler)
 *(.text.HASH_RNG_IRQHandler)
 *(.text.I2C1_ER_IRQHandler)
 *(.text.I2C1_EV_IRQHandler)
 *(.text.I2C2_ER_IRQHandler)
 *(.text.I2C2_EV_IRQHandler)
 *(.text.I2C3_ER_IRQHandler)
 *(.text.I2C3_EV_IRQHandler)
 *(.text.I2C_AcknowledgeConfig)
 *fill*         0x080047e8       0x18 
 .text.I2C_AcknowledgeConfig
                0x08004800       0x58 /home/jon/dev_src/SEU-Detect-Correct/build/stm32f4xx_i2c.o
                0x08004800                I2C_AcknowledgeConfig
 *(.text.I2C_ARPCmd)
 *fill*         0x08004858        0x8 
 .text.I2C_ARPCmd
                0x08004860       0x58 /home/jon/dev_src/SEU-Detect-Correct/build/stm32f4xx_i2c.o
                0x08004860                I2C_ARPCmd
 *(.text.I2C_CalculatePEC)
 *fill*         0x080048b8        0x8 
 .text.I2C_CalculatePEC
                0x080048c0       0x58 /home/jon/dev_src/SEU-Detect-Correct/build/stm32f4xx_i2c.o
                0x080048c0                I2C_CalculatePEC
 *(.text.I2C_CheckEvent)
 *fill*         0x08004918        0x8 
 .text.I2C_CheckEvent
                0x08004920       0x78 /home/jon/dev_src/SEU-Detect-Correct/build/stm32f4xx_i2c.o
                0x08004920                I2C_CheckEvent
 *(.text.I2C_ClearFlag)
 *fill*         0x08004998        0x8 
 .text.I2C_ClearFlag
                0x080049a0       0x44 /home/jon/dev_src/SEU-Detect-Correct/build/stm32f4xx_i2c.o
                0x080049a0                I2C_ClearFlag
 *(.text.I2C_ClearITPendingBit)
 *fill*         0x080049e4       0x1c 
 .text.I2C_ClearITPendingBit
                0x08004a00       0x44 /home/jon/dev_src/SEU-Detect-Correct/build/stm32f4xx_i2c.o
                0x08004a00                I2C_ClearITPendingBit
 *(.text.I2C_Cmd)
 *fill*         0x08004a44       0x1c 
 .text.I2C_Cmd  0x08004a60       0x58 /home/jon/dev_src/SEU-Detect-Correct/build/stm32f4xx_i2c.o
                0x08004a60                I2C_Cmd
 *(.text.I2C_DeInit)
 *fill*         0x08004ab8        0x8 
 .text.I2C_DeInit
                0x08004ac0       0x90 /home/jon/dev_src/SEU-Detect-Correct/build/stm32f4xx_i2c.o
                0x08004ac0                I2C_DeInit
 *(.text.I2C_DMACmd)
 *fill*         0x08004b50       0x10 
 .text.I2C_DMACmd
                0x08004b60       0x58 /home/jon/dev_src/SEU-Detect-Correct/build/stm32f4xx_i2c.o
                0x08004b60                I2C_DMACmd
 *(.text.I2C_DMALastTransferCmd)
 *fill*         0x08004bb8        0x8 
 .text.I2C_DMALastTransferCmd
                0x08004bc0       0x58 /home/jon/dev_src/SEU-Detect-Correct/build/stm32f4xx_i2c.o
                0x08004bc0                I2C_DMALastTransferCmd
 *(.text.I2C_DualAddressCmd)
 *fill*         0x08004c18        0x8 
 .text.I2C_DualAddressCmd
                0x08004c20       0x58 /home/jon/dev_src/SEU-Detect-Correct/build/stm32f4xx_i2c.o
                0x08004c20                I2C_DualAddressCmd
 *(.text.I2C_FastModeDutyCycleConfig)
 *fill*         0x08004c78        0x8 
 .text.I2C_FastModeDutyCycleConfig
                0x08004c80       0x58 /home/jon/dev_src/SEU-Detect-Correct/build/stm32f4xx_i2c.o
                0x08004c80                I2C_FastModeDutyCycleConfig
 *(.text.I2C_GeneralCallCmd)
 *fill*         0x08004cd8        0x8 
 .text.I2C_GeneralCallCmd
                0x08004ce0       0x58 /home/jon/dev_src/SEU-Detect-Correct/build/stm32f4xx_i2c.o
                0x08004ce0                I2C_GeneralCallCmd
 *(.text.I2C_GenerateSTART)
 *fill*         0x08004d38        0x8 
 .text.I2C_GenerateSTART
                0x08004d40       0x58 /home/jon/dev_src/SEU-Detect-Correct/build/stm32f4xx_i2c.o
                0x08004d40                I2C_GenerateSTART
 *(.text.I2C_GenerateSTOP)
 *fill*         0x08004d98        0x8 
 .text.I2C_GenerateSTOP
                0x08004da0       0x58 /home/jon/dev_src/SEU-Detect-Correct/build/stm32f4xx_i2c.o
                0x08004da0                I2C_GenerateSTOP
 *(.text.I2C_GetFlagStatus)
 *fill*         0x08004df8        0x8 
 .text.I2C_GetFlagStatus
                0x08004e00       0x80 /home/jon/dev_src/SEU-Detect-Correct/build/stm32f4xx_i2c.o
                0x08004e00                I2C_GetFlagStatus
 *(.text.I2C_GetITStatus)
 .text.I2C_GetITStatus
                0x08004e80       0x74 /home/jon/dev_src/SEU-Detect-Correct/build/stm32f4xx_i2c.o
                0x08004e80                I2C_GetITStatus
 *(.text.I2C_GetLastEvent)
 *fill*         0x08004ef4        0xc 
 .text.I2C_GetLastEvent
                0x08004f00       0x5c /home/jon/dev_src/SEU-Detect-Correct/build/stm32f4xx_i2c.o
                0x08004f00                I2C_GetLastEvent
 *(.text.I2C_GetPEC)
 *fill*         0x08004f5c        0x4 
 .text.I2C_GetPEC
                0x08004f60       0x38 /home/jon/dev_src/SEU-Detect-Correct/build/stm32f4xx_i2c.o
                0x08004f60                I2C_GetPEC
 *(.text.I2C_Init)
 *fill*         0x08004f98        0x8 
 .text.I2C_Init
                0x08004fa0      0x1a0 /home/jon/dev_src/SEU-Detect-Correct/build/stm32f4xx_i2c.o
                0x08004fa0                I2C_Init
 *(.text.I2C_ITConfig)
 .text.I2C_ITConfig
                0x08005140       0x60 /home/jon/dev_src/SEU-Detect-Correct/build/stm32f4xx_i2c.o
                0x08005140                I2C_ITConfig
 *(.text.I2C_NACKPositionConfig)
 .text.I2C_NACKPositionConfig
                0x080051a0       0x58 /home/jon/dev_src/SEU-Detect-Correct/build/stm32f4xx_i2c.o
                0x080051a0                I2C_NACKPositionConfig
 *(.text.I2C_OwnAddress2Config)
 *fill*         0x080051f8        0x8 
 .text.I2C_OwnAddress2Config
                0x08005200       0x58 /home/jon/dev_src/SEU-Detect-Correct/build/stm32f4xx_i2c.o
                0x08005200                I2C_OwnAddress2Config
 *(.text.I2C_PECPositionConfig)
 *fill*         0x08005258        0x8 
 .text.I2C_PECPositionConfig
                0x08005260       0x58 /home/jon/dev_src/SEU-Detect-Correct/build/stm32f4xx_i2c.o
                0x08005260                I2C_PECPositionConfig
 *(.text.I2C_ReadRegister)
 *fill*         0x080052b8        0x8 
 .text.I2C_ReadRegister
                0x080052c0       0x48 /home/jon/dev_src/SEU-Detect-Correct/build/stm32f4xx_i2c.o
                0x080052c0                I2C_ReadRegister
 *(.text.I2C_ReceiveData)
 *fill*         0x08005308       0x18 
 .text.I2C_ReceiveData
                0x08005320       0x34 /home/jon/dev_src/SEU-Detect-Correct/build/stm32f4xx_i2c.o
                0x08005320                I2C_ReceiveData
 *(.text.I2C_Send7bitAddress)
 *fill*         0x08005354        0xc 
 .text.I2C_Send7bitAddress
                0x08005360       0x54 /home/jon/dev_src/SEU-Detect-Correct/build/stm32f4xx_i2c.o
                0x08005360                I2C_Send7bitAddress
 *(.text.I2C_SendData)
 *fill*         0x080053b4        0xc 
 .text.I2C_SendData
                0x080053c0       0x38 /home/jon/dev_src/SEU-Detect-Correct/build/stm32f4xx_i2c.o
                0x080053c0                I2C_SendData
 *(.text.I2C_SMBusAlertConfig)
 *fill*         0x080053f8        0x8 
 .text.I2C_SMBusAlertConfig
                0x08005400       0x58 /home/jon/dev_src/SEU-Detect-Correct/build/stm32f4xx_i2c.o
                0x08005400                I2C_SMBusAlertConfig
 *(.text.I2C_SoftwareResetCmd)
 *fill*         0x08005458        0x8 
 .text.I2C_SoftwareResetCmd
                0x08005460       0x5c /home/jon/dev_src/SEU-Detect-Correct/build/stm32f4xx_i2c.o
                0x08005460                I2C_SoftwareResetCmd
 *(.text.I2C_StretchClockCmd)
 *fill*         0x080054bc        0x4 
 .text.I2C_StretchClockCmd
                0x080054c0       0x58 /home/jon/dev_src/SEU-Detect-Correct/build/stm32f4xx_i2c.o
                0x080054c0                I2C_StretchClockCmd
 *(.text.I2C_StructInit)
 *fill*         0x08005518        0x8 
 .text.I2C_StructInit
                0x08005520       0x54 /home/jon/dev_src/SEU-Detect-Correct/build/stm32f4xx_i2c.o
                0x08005520                I2C_StructInit
 *(.text.I2C_TransmitPEC)
 *fill*         0x08005574        0xc 
 .text.I2C_TransmitPEC
                0x08005580       0x58 /home/jon/dev_src/SEU-Detect-Correct/build/stm32f4xx_i2c.o
                0x08005580                I2C_TransmitPEC
 *(.text.I2S_Cmd)
 *fill*         0x080055d8        0x8 
 .text.I2S_Cmd  0x080055e0       0x58 /home/jon/dev_src/SEU-Detect-Correct/build/stm32f4xx_spi.o
                0x080055e0                I2S_Cmd
 *(.text.I2S_FullDuplexConfig)
 *fill*         0x08005638        0x8 
 .text.I2S_FullDuplexConfig
                0x08005640       0xb4 /home/jon/dev_src/SEU-Detect-Correct/build/stm32f4xx_spi.o
                0x08005640                I2S_FullDuplexConfig
 *(.text.I2S_Init)
 *fill*         0x080056f4        0xc 
 .text.I2S_Init
                0x08005700      0x1cc /home/jon/dev_src/SEU-Detect-Correct/build/stm32f4xx_spi.o
                0x08005700                I2S_Init
 *(.text.I2S_StructInit)
 *fill*         0x080058cc       0x14 
 .text.I2S_StructInit
                0x080058e0       0x50 /home/jon/dev_src/SEU-Detect-Correct/build/stm32f4xx_spi.o
                0x080058e0                I2S_StructInit
 *(.text.__ieee754_rem_pio2f)
 .text.__ieee754_rem_pio2f
                0x08005930      0x298 /home/jon/gcc-arm-none-eabi-5_2-2015q4/arm-none-eabi/lib/armv7e-m/fpu/libm.a(lib_a-ef_rem_pio2.o)
                0x08005930                __ieee754_rem_pio2f
 *(.text.init_USART3)
 *fill*         0x08005bc8       0x18 
 .text.init_USART3
                0x08005be0       0xa4 /home/jon/dev_src/SEU-Detect-Correct/build/main.o
                0x08005be0                init_USART3
 *(.text._isatty)
 *fill*         0x08005c84       0x1c 
 .text._isatty  0x08005ca0       0x30 /home/jon/dev_src/SEU-Detect-Correct/build/syscalls.o
                0x08005ca0                _isatty
 *(.text._isatty_r)
 .text._isatty_r
                0x08005cd0       0x24 /home/jon/gcc-arm-none-eabi-5_2-2015q4/arm-none-eabi/lib/armv7e-m/fpu/libc.a(lib_a-isattyr.o)
                0x08005cd0                _isatty_r
 *(.text.__kernel_cosf)
 .text.__kernel_cosf
                0x08005cf4      0x104 /home/jon/gcc-arm-none-eabi-5_2-2015q4/arm-none-eabi/lib/armv7e-m/fpu/libm.a(lib_a-kf_cos.o)
                0x08005cf4                __kernel_cosf
 *(.text.__kernel_rem_pio2f)
 .text.__kernel_rem_pio2f
                0x08005df8      0x628 /home/jon/gcc-arm-none-eabi-5_2-2015q4/arm-none-eabi/lib/armv7e-m/fpu/libm.a(lib_a-kf_rem_pio2.o)
                0x08005df8                __kernel_rem_pio2f
 *(.text.__kernel_sinf)
 .text.__kernel_sinf
                0x08006420       0x90 /home/jon/gcc-arm-none-eabi-5_2-2015q4/arm-none-eabi/lib/armv7e-m/fpu/libm.a(lib_a-kf_sin.o)
                0x08006420                __kernel_sinf
 *(.text._kill)
 *fill*         0x080064b0       0x10 
 .text._kill    0x080064c0       0x3c /home/jon/dev_src/SEU-Detect-Correct/build/syscalls.o
                0x080064c0                _kill
 *(.text._lseek)
 *fill*         0x080064fc        0x4 
 .text._lseek   0x08006500       0x34 /home/jon/dev_src/SEU-Detect-Correct/build/syscalls.o
                0x08006500                _lseek
 *(.text._lseek_r)
 .text._lseek_r
                0x08006534       0x2c /home/jon/gcc-arm-none-eabi-5_2-2015q4/arm-none-eabi/lib/armv7e-m/fpu/libc.a(lib_a-lseekr.o)
                0x08006534                _lseek_r
 *(.text.main)
 .text.main     0x08006560       0x70 /home/jon/dev_src/SEU-Detect-Correct/build/main.o
                0x08006560                main
 *(.text.__malloc_lock)
 .text.__malloc_lock
                0x080065d0        0x4 /home/jon/gcc-arm-none-eabi-5_2-2015q4/arm-none-eabi/lib/armv7e-m/fpu/libc.a(lib_a-mlock.o)
                0x080065d0                __malloc_lock
 *(.text._malloc_r)
 .text._malloc_r
                0x080065d4      0x570 /home/jon/gcc-arm-none-eabi-5_2-2015q4/arm-none-eabi/lib/armv7e-m/fpu/libc.a(lib_a-mallocr.o)
                0x080065d4                _malloc_r
 *(.text._malloc_trim_r)
 .text._malloc_trim_r
                0x08006b44       0x9c /home/jon/gcc-arm-none-eabi-5_2-2015q4/arm-none-eabi/lib/armv7e-m/fpu/libc.a(lib_a-freer.o)
                0x08006b44                _malloc_trim_r
 *(.text.__malloc_unlock)
 .text.__malloc_unlock
                0x08006be0        0x4 /home/jon/gcc-arm-none-eabi-5_2-2015q4/arm-none-eabi/lib/armv7e-m/fpu/libc.a(lib_a-mlock.o)
                0x08006be0                __malloc_unlock
 *(.text.memchr)
 *(.text.memcmp)
 .text.memcmp   0x08006be4       0x64 /home/jon/gcc-arm-none-eabi-5_2-2015q4/arm-none-eabi/lib/armv7e-m/fpu/libc.a(lib_a-memcmp.o)
                0x08006be4                memcmp
 *(.text.memcpy)
 *(.text.MemManage_Handler)
 *(.text.memmove)
 .text.memmove  0x08006c48       0xc8 /home/jon/gcc-arm-none-eabi-5_2-2015q4/arm-none-eabi/lib/armv7e-m/fpu/libc.a(lib_a-memmove.o)
                0x08006c48                memmove
 *(.text.memset)
 .text.memset   0x08006d10       0x9c /home/jon/gcc-arm-none-eabi-5_2-2015q4/arm-none-eabi/lib/armv7e-m/fpu/libc.a(lib_a-memset.o)
                0x08006d10                memset
 *(.text.NMI_Handler)
 *(.text.NVIC_Init)
 *fill*         0x08006dac       0x14 
 .text.NVIC_Init
                0x08006dc0       0xd8 /home/jon/dev_src/SEU-Detect-Correct/build/misc.o
                0x08006dc0                NVIC_Init
 *(.text.NVIC_PriorityGroupConfig)
 *fill*         0x08006e98        0x8 
 .text.NVIC_PriorityGroupConfig
                0x08006ea0       0x3c /home/jon/dev_src/SEU-Detect-Correct/build/misc.o
                0x08006ea0                NVIC_PriorityGroupConfig
 *(.text.NVIC_SetVectorTable)
 *fill*         0x08006edc        0x4 
 .text.NVIC_SetVectorTable
                0x08006ee0       0x44 /home/jon/dev_src/SEU-Detect-Correct/build/misc.o
                0x08006ee0                NVIC_SetVectorTable
 *(.text.NVIC_SystemLPConfig)
 *fill*         0x08006f24       0x1c 
 .text.NVIC_SystemLPConfig
                0x08006f40       0x58 /home/jon/dev_src/SEU-Detect-Correct/build/misc.o
                0x08006f40                NVIC_SystemLPConfig
 *(.text._open)
 *fill*         0x08006f98        0x8 
 .text._open    0x08006fa0       0x34 /home/jon/dev_src/SEU-Detect-Correct/build/syscalls.o
                0x08006fa0                _open
 *(.text.OTG_FS_IRQHandler)
 *(.text.OTG_FS_WKUP_IRQHandler)
 *(.text.OTG_HS_EP1_IN_IRQHandler)
 *(.text.OTG_HS_EP1_OUT_IRQHandler)
 *(.text.OTG_HS_IRQHandler)
 *(.text.OTG_HS_WKUP_IRQHandler)
 *(.text.pcTimerGetTimerName)
 *fill*         0x08006fd4        0xc 
 .text.pcTimerGetTimerName
                0x08006fe0       0x34 /home/jon/dev_src/SEU-Detect-Correct/build/timers.o
                0x08006fe0                pcTimerGetTimerName
 *(.text.PendSV_Handler)
 *fill*         0x08007014        0xc 
 .text.PendSV_Handler
                0x08007020       0x7c /home/jon/dev_src/SEU-Detect-Correct/build/port.o
                0x08007020                PendSV_Handler
 *(.text.prvAddCurrentTaskToDelayedList)
 *fill*         0x0800709c        0x4 
 .text.prvAddCurrentTaskToDelayedList
                0x080070a0       0x88 /home/jon/dev_src/SEU-Detect-Correct/build/tasks.o

.text2          0x08008000     0x2f70
                0x08008000                . = ALIGN (0x4)
 *(.flash2hdr.FlashHeader2)
 *(.flash2func.section2_profile_func_enter)
 *(.text.prvAllocateTCBAndStack)
 .text.prvAllocateTCBAndStack
                0x08008000       0x88 /home/jon/dev_src/SEU-Detect-Correct/build/tasks.o
 *(.text.prvCheckForValidListAndQueue)
 *fill*         0x08008088       0x18 
 .text.prvCheckForValidListAndQueue
                0x080080a0       0xc0 /home/jon/dev_src/SEU-Detect-Correct/build/timers.o
 *(.text.prvCheckTasksWaitingTermination)
 .text.prvCheckTasksWaitingTermination
                0x08008160       0x90 /home/jon/dev_src/SEU-Detect-Correct/build/tasks.o
 *(.text.prvCopyDataFromQueue)
 *fill*         0x080081f0       0x10 
 .text.prvCopyDataFromQueue
                0x08008200       0x68 /home/jon/dev_src/SEU-Detect-Correct/build/queue.o
 *(.text.prvCopyDataToQueue)
 *fill*         0x08008268       0x18 
 .text.prvCopyDataToQueue
                0x08008280       0xf4 /home/jon/dev_src/SEU-Detect-Correct/build/queue.o
 *(.text.prvDeleteTCB)
 *fill*         0x08008374        0xc 
 .text.prvDeleteTCB
                0x08008380       0x3c /home/jon/dev_src/SEU-Detect-Correct/build/tasks.o
 *(.text.prvGetNextExpireTime)
 *fill*         0x080083bc        0x4 
 .text.prvGetNextExpireTime
                0x080083c0       0x60 /home/jon/dev_src/SEU-Detect-Correct/build/timers.o
 *(.text.prvHeapInit)
 .text.prvHeapInit
                0x08008420       0xdc /home/jon/dev_src/SEU-Detect-Correct/build/heap_4.o
 *(.text.prvIdleTask)
 *fill*         0x080084fc        0x4 
 .text.prvIdleTask
                0x08008500       0x40 /home/jon/dev_src/SEU-Detect-Correct/build/tasks.o
 *(.text.prvInitialiseTaskLists)
 .text.prvInitialiseTaskLists
                0x08008540       0x98 /home/jon/dev_src/SEU-Detect-Correct/build/tasks.o
 *(.text.prvInitialiseTCBVariables)
 *fill*         0x080085d8        0x8 
 .text.prvInitialiseTCBVariables
                0x080085e0       0xc4 /home/jon/dev_src/SEU-Detect-Correct/build/tasks.o
 *(.text.prvInsertBlockIntoFreeList)
 *fill*         0x080086a4       0x1c 
 .text.prvInsertBlockIntoFreeList
                0x080086c0       0xc8 /home/jon/dev_src/SEU-Detect-Correct/build/heap_4.o
 *(.text.prvInsertTimerInActiveList)
 *fill*         0x08008788       0x18 
 .text.prvInsertTimerInActiveList
                0x080087a0       0xa0 /home/jon/dev_src/SEU-Detect-Correct/build/timers.o
 *(.text.prvIsQueueEmpty)
 .text.prvIsQueueEmpty
                0x08008840       0x48 /home/jon/dev_src/SEU-Detect-Correct/build/queue.o
 *(.text.prvIsQueueFull)
 *fill*         0x08008888       0x18 
 .text.prvIsQueueFull
                0x080088a0       0x4c /home/jon/dev_src/SEU-Detect-Correct/build/queue.o
 *(.text.prvListTaskWithinSingleList)
 *fill*         0x080088ec       0x14 
 .text.prvListTaskWithinSingleList
                0x08008900      0x134 /home/jon/dev_src/SEU-Detect-Correct/build/tasks.o
 *(.text.prvPortStartFirstTask)
 *fill*         0x08008a34        0xc 
 .text.prvPortStartFirstTask
                0x08008a40       0x3c /home/jon/dev_src/SEU-Detect-Correct/build/port.o
 *(.text.prvProcessExpiredTimer)
 *fill*         0x08008a7c        0x4 
 .text.prvProcessExpiredTimer
                0x08008a80       0xb0 /home/jon/dev_src/SEU-Detect-Correct/build/timers.o
 *(.text.prvProcessReceivedCommands)
 *fill*         0x08008b30       0x10 
 .text.prvProcessReceivedCommands
                0x08008b40      0x168 /home/jon/dev_src/SEU-Detect-Correct/build/timers.o
 *(.text.prvProcessTimerOrBlockTask)
 *fill*         0x08008ca8       0x18 
 .text.prvProcessTimerOrBlockTask
                0x08008cc0       0x98 /home/jon/dev_src/SEU-Detect-Correct/build/timers.o
 *(.text.prvResetNextTaskUnblockTime)
 *fill*         0x08008d58        0x8 
 .text.prvResetNextTaskUnblockTime
                0x08008d60       0x60 /home/jon/dev_src/SEU-Detect-Correct/build/tasks.o
 *(.text.prvSampleTimeNow)
 .text.prvSampleTimeNow
                0x08008dc0       0x5c /home/jon/dev_src/SEU-Detect-Correct/build/timers.o
 *(.text.prvSwitchTimerLists)
 *fill*         0x08008e1c        0x4 
 .text.prvSwitchTimerLists
                0x08008e20       0xf4 /home/jon/dev_src/SEU-Detect-Correct/build/timers.o
 *(.text.prvTaskCheckFreeStackSpace)
 *fill*         0x08008f14        0xc 
 .text.prvTaskCheckFreeStackSpace
                0x08008f20       0x50 /home/jon/dev_src/SEU-Detect-Correct/build/tasks.o
 *(.text.prvTaskExitError)
 *fill*         0x08008f70       0x10 
 .text.prvTaskExitError
                0x08008f80       0x78 /home/jon/dev_src/SEU-Detect-Correct/build/port.o
 *(.text.prvTaskIsTaskSuspended)
 *fill*         0x08008ff8        0x8 
 .text.prvTaskIsTaskSuspended
                0x08009000       0xa4 /home/jon/dev_src/SEU-Detect-Correct/build/tasks.o
 *(.text.prvTestWaitCondition)
 *fill*         0x080090a4       0x1c 
 .text.prvTestWaitCondition
                0x080090c0       0x5c /home/jon/dev_src/SEU-Detect-Correct/build/event_groups.o
 *(.text.prvTimerTask)
 *fill*         0x0800911c        0x4 
 .text.prvTimerTask
                0x08009120       0x34 /home/jon/dev_src/SEU-Detect-Correct/build/timers.o
 *(.text.prvUnlockQueue)
 *fill*         0x08009154        0xc 
 .text.prvUnlockQueue
                0x08009160       0xb4 /home/jon/dev_src/SEU-Detect-Correct/build/queue.o
 *(.text.puts)
 .text.puts     0x08009214       0x10 /home/jon/gcc-arm-none-eabi-5_2-2015q4/arm-none-eabi/lib/armv7e-m/fpu/libc.a(lib_a-puts.o)
                0x08009214                puts
 *(.text._puts_r)
 .text._puts_r  0x08009224       0x64 /home/jon/gcc-arm-none-eabi-5_2-2015q4/arm-none-eabi/lib/armv7e-m/fpu/libc.a(lib_a-puts.o)
                0x08009224                _puts_r
 *(.text.PVD_IRQHandler)
 *(.text.pvPortMalloc)
 *fill*         0x08009288       0x18 
 .text.pvPortMalloc
                0x080092a0      0x1e8 /home/jon/dev_src/SEU-Detect-Correct/build/heap_4.o
                0x080092a0                pvPortMalloc
 *(.text.pvTaskIncrementMutexHeldCount)
 *fill*         0x08009488       0x18 
 .text.pvTaskIncrementMutexHeldCount
                0x080094a0       0x40 /home/jon/dev_src/SEU-Detect-Correct/build/tasks.o
                0x080094a0                pvTaskIncrementMutexHeldCount
 *(.text.pvTimerGetTimerID)
 .text.pvTimerGetTimerID
                0x080094e0       0x34 /home/jon/dev_src/SEU-Detect-Correct/build/timers.o
                0x080094e0                pvTimerGetTimerID
 *(.text.pxPortInitialiseStack)
 *fill*         0x08009514        0xc 
 .text.pxPortInitialiseStack
                0x08009520       0x7c /home/jon/dev_src/SEU-Detect-Correct/build/port.o
                0x08009520                pxPortInitialiseStack
 *(.text.RCC_AdjustHSICalibrationValue)
 *fill*         0x0800959c        0x4 
 .text.RCC_AdjustHSICalibrationValue
                0x080095a0       0x54 /home/jon/dev_src/SEU-Detect-Correct/build/stm32f4xx_rcc.o
                0x080095a0                RCC_AdjustHSICalibrationValue
 *(.text.RCC_AHB1PeriphClockCmd)
 *fill*         0x080095f4        0xc 
 .text.RCC_AHB1PeriphClockCmd
                0x08009600       0x54 /home/jon/dev_src/SEU-Detect-Correct/build/stm32f4xx_rcc.o
                0x08009600                RCC_AHB1PeriphClockCmd
 *(.text.RCC_AHB1PeriphClockLPModeCmd)
 *fill*         0x08009654        0xc 
 .text.RCC_AHB1PeriphClockLPModeCmd
                0x08009660       0x54 /home/jon/dev_src/SEU-Detect-Correct/build/stm32f4xx_rcc.o
                0x08009660                RCC_AHB1PeriphClockLPModeCmd
 *(.text.RCC_AHB1PeriphResetCmd)
 *fill*         0x080096b4        0xc 
 .text.RCC_AHB1PeriphResetCmd
                0x080096c0       0x54 /home/jon/dev_src/SEU-Detect-Correct/build/stm32f4xx_rcc.o
                0x080096c0                RCC_AHB1PeriphResetCmd
 *(.text.RCC_AHB2PeriphClockCmd)
 *fill*         0x08009714        0xc 
 .text.RCC_AHB2PeriphClockCmd
                0x08009720       0x54 /home/jon/dev_src/SEU-Detect-Correct/build/stm32f4xx_rcc.o
                0x08009720                RCC_AHB2PeriphClockCmd
 *(.text.RCC_AHB2PeriphClockLPModeCmd)
 *fill*         0x08009774        0xc 
 .text.RCC_AHB2PeriphClockLPModeCmd
                0x08009780       0x54 /home/jon/dev_src/SEU-Detect-Correct/build/stm32f4xx_rcc.o
                0x08009780                RCC_AHB2PeriphClockLPModeCmd
 *(.text.RCC_AHB2PeriphResetCmd)
 *fill*         0x080097d4        0xc 
 .text.RCC_AHB2PeriphResetCmd
                0x080097e0       0x54 /home/jon/dev_src/SEU-Detect-Correct/build/stm32f4xx_rcc.o
                0x080097e0                RCC_AHB2PeriphResetCmd
 *(.text.RCC_AHB3PeriphClockCmd)
 *fill*         0x08009834        0xc 
 .text.RCC_AHB3PeriphClockCmd
                0x08009840       0x54 /home/jon/dev_src/SEU-Detect-Correct/build/stm32f4xx_rcc.o
                0x08009840                RCC_AHB3PeriphClockCmd
 *(.text.RCC_AHB3PeriphClockLPModeCmd)
 *fill*         0x08009894        0xc 
 .text.RCC_AHB3PeriphClockLPModeCmd
                0x080098a0       0x54 /home/jon/dev_src/SEU-Detect-Correct/build/stm32f4xx_rcc.o
                0x080098a0                RCC_AHB3PeriphClockLPModeCmd
 *(.text.RCC_AHB3PeriphResetCmd)
 *fill*         0x080098f4        0xc 
 .text.RCC_AHB3PeriphResetCmd
                0x08009900       0x54 /home/jon/dev_src/SEU-Detect-Correct/build/stm32f4xx_rcc.o
                0x08009900                RCC_AHB3PeriphResetCmd
 *(.text.RCC_APB1PeriphClockCmd)
 *fill*         0x08009954        0xc 
 .text.RCC_APB1PeriphClockCmd
                0x08009960       0x54 /home/jon/dev_src/SEU-Detect-Correct/build/stm32f4xx_rcc.o
                0x08009960                RCC_APB1PeriphClockCmd
 *(.text.RCC_APB1PeriphClockLPModeCmd)
 *fill*         0x080099b4        0xc 
 .text.RCC_APB1PeriphClockLPModeCmd
                0x080099c0       0x54 /home/jon/dev_src/SEU-Detect-Correct/build/stm32f4xx_rcc.o
                0x080099c0                RCC_APB1PeriphClockLPModeCmd
 *(.text.RCC_APB1PeriphResetCmd)
 *fill*         0x08009a14        0xc 
 .text.RCC_APB1PeriphResetCmd
                0x08009a20       0x54 /home/jon/dev_src/SEU-Detect-Correct/build/stm32f4xx_rcc.o
                0x08009a20                RCC_APB1PeriphResetCmd
 *(.text.RCC_APB2PeriphClockCmd)
 *fill*         0x08009a74        0xc 
 .text.RCC_APB2PeriphClockCmd
                0x08009a80       0x54 /home/jon/dev_src/SEU-Detect-Correct/build/stm32f4xx_rcc.o
                0x08009a80                RCC_APB2PeriphClockCmd
 *(.text.RCC_APB2PeriphClockLPModeCmd)
 *fill*         0x08009ad4        0xc 
 .text.RCC_APB2PeriphClockLPModeCmd
                0x08009ae0       0x54 /home/jon/dev_src/SEU-Detect-Correct/build/stm32f4xx_rcc.o
                0x08009ae0                RCC_APB2PeriphClockLPModeCmd
 *(.text.RCC_APB2PeriphResetCmd)
 *fill*         0x08009b34        0xc 
 .text.RCC_APB2PeriphResetCmd
                0x08009b40       0x54 /home/jon/dev_src/SEU-Detect-Correct/build/stm32f4xx_rcc.o
                0x08009b40                RCC_APB2PeriphResetCmd
 *(.text.RCC_BackupResetCmd)
 *fill*         0x08009b94        0xc 
 .text.RCC_BackupResetCmd
                0x08009ba0       0x38 /home/jon/dev_src/SEU-Detect-Correct/build/stm32f4xx_rcc.o
                0x08009ba0                RCC_BackupResetCmd
 *(.text.RCC_ClearFlag)
 *fill*         0x08009bd8        0x8 
 .text.RCC_ClearFlag
                0x08009be0       0x34 /home/jon/dev_src/SEU-Detect-Correct/build/stm32f4xx_rcc.o
                0x08009be0                RCC_ClearFlag
 *(.text.RCC_ClearITPendingBit)
 *fill*         0x08009c14        0xc 
 .text.RCC_ClearITPendingBit
                0x08009c20       0x38 /home/jon/dev_src/SEU-Detect-Correct/build/stm32f4xx_rcc.o
                0x08009c20                RCC_ClearITPendingBit
 *(.text.RCC_ClockSecuritySystemCmd)
 *fill*         0x08009c58        0x8 
 .text.RCC_ClockSecuritySystemCmd
                0x08009c60       0x38 /home/jon/dev_src/SEU-Detect-Correct/build/stm32f4xx_rcc.o
                0x08009c60                RCC_ClockSecuritySystemCmd
 *(.text.RCC_DeInit)
 *fill*         0x08009c98        0x8 
 .text.RCC_DeInit
                0x08009ca0       0x64 /home/jon/dev_src/SEU-Detect-Correct/build/stm32f4xx_rcc.o
                0x08009ca0                RCC_DeInit
 *(.text.RCC_GetClocksFreq)
 *fill*         0x08009d04       0x1c 
 .text.RCC_GetClocksFreq
                0x08009d20      0x16c /home/jon/dev_src/SEU-Detect-Correct/build/stm32f4xx_rcc.o
                0x08009d20                RCC_GetClocksFreq
 *(.text.RCC_GetFlagStatus)
 *fill*         0x08009e8c       0x14 
 .text.RCC_GetFlagStatus
                0x08009ea0       0x8c /home/jon/dev_src/SEU-Detect-Correct/build/stm32f4xx_rcc.o
                0x08009ea0                RCC_GetFlagStatus
 *(.text.RCC_GetITStatus)
 *fill*         0x08009f2c       0x14 
 .text.RCC_GetITStatus
                0x08009f40       0x50 /home/jon/dev_src/SEU-Detect-Correct/build/stm32f4xx_rcc.o
                0x08009f40                RCC_GetITStatus
 *(.text.RCC_GetSYSCLKSource)
 *fill*         0x08009f90       0x10 
 .text.RCC_GetSYSCLKSource
                0x08009fa0       0x34 /home/jon/dev_src/SEU-Detect-Correct/build/stm32f4xx_rcc.o
                0x08009fa0                RCC_GetSYSCLKSource
 *(.text.RCC_HCLKConfig)
 *fill*         0x08009fd4        0xc 
 .text.RCC_HCLKConfig
                0x08009fe0       0x50 /home/jon/dev_src/SEU-Detect-Correct/build/stm32f4xx_rcc.o
                0x08009fe0                RCC_HCLKConfig
 *(.text.RCC_HSEConfig)
 *fill*         0x0800a030       0x10 
 .text.RCC_HSEConfig
                0x0800a040       0x3c /home/jon/dev_src/SEU-Detect-Correct/build/stm32f4xx_rcc.o
                0x0800a040                RCC_HSEConfig
 *(.text.RCC_HSICmd)
 *fill*         0x0800a07c        0x4 
 .text.RCC_HSICmd
                0x0800a080       0x38 /home/jon/dev_src/SEU-Detect-Correct/build/stm32f4xx_rcc.o
                0x0800a080                RCC_HSICmd
 *(.text.RCC_I2SCLKConfig)
 *fill*         0x0800a0b8        0x8 
 .text.RCC_I2SCLKConfig
                0x0800a0c0       0x34 /home/jon/dev_src/SEU-Detect-Correct/build/stm32f4xx_rcc.o
                0x0800a0c0                RCC_I2SCLKConfig
 *(.text.RCC_IRQHandler)
 *(.text.RCC_ITConfig)
 *fill*         0x0800a0f4        0xc 
 .text.RCC_ITConfig
                0x0800a100       0x64 /home/jon/dev_src/SEU-Detect-Correct/build/stm32f4xx_rcc.o
                0x0800a100                RCC_ITConfig
 *(.text.RCC_LSEConfig)
 *fill*         0x0800a164       0x1c 
 .text.RCC_LSEConfig
                0x0800a180       0x58 /home/jon/dev_src/SEU-Detect-Correct/build/stm32f4xx_rcc.o
                0x0800a180                RCC_LSEConfig
 *(.text.RCC_LSICmd)
 *fill*         0x0800a1d8        0x8 
 .text.RCC_LSICmd
                0x0800a1e0       0x38 /home/jon/dev_src/SEU-Detect-Correct/build/stm32f4xx_rcc.o
                0x0800a1e0                RCC_LSICmd
 *(.text.RCC_MCO1Config)
 *fill*         0x0800a218        0x8 
 .text.RCC_MCO1Config
                0x0800a220       0x54 /home/jon/dev_src/SEU-Detect-Correct/build/stm32f4xx_rcc.o
                0x0800a220                RCC_MCO1Config
 *(.text.RCC_MCO2Config)
 *fill*         0x0800a274        0xc 
 .text.RCC_MCO2Config
                0x0800a280       0x54 /home/jon/dev_src/SEU-Detect-Correct/build/stm32f4xx_rcc.o
                0x0800a280                RCC_MCO2Config
 *(.text.RCC_PCLK1Config)
 *fill*         0x0800a2d4        0xc 
 .text.RCC_PCLK1Config
                0x0800a2e0       0x50 /home/jon/dev_src/SEU-Detect-Correct/build/stm32f4xx_rcc.o
                0x0800a2e0                RCC_PCLK1Config
 *(.text.RCC_PCLK2Config)
 *fill*         0x0800a330       0x10 
 .text.RCC_PCLK2Config
                0x0800a340       0x50 /home/jon/dev_src/SEU-Detect-Correct/build/stm32f4xx_rcc.o
                0x0800a340                RCC_PCLK2Config
 *(.text.RCC_PLLCmd)
 *fill*         0x0800a390       0x10 
 .text.RCC_PLLCmd
                0x0800a3a0       0x38 /home/jon/dev_src/SEU-Detect-Correct/build/stm32f4xx_rcc.o
                0x0800a3a0                RCC_PLLCmd
 *(.text.RCC_PLLConfig)
 *fill*         0x0800a3d8        0x8 
 .text.RCC_PLLConfig
                0x0800a3e0       0x54 /home/jon/dev_src/SEU-Detect-Correct/build/stm32f4xx_rcc.o
                0x0800a3e0                RCC_PLLConfig
 *(.text.RCC_PLLI2SCmd)
 *fill*         0x0800a434        0xc 
 .text.RCC_PLLI2SCmd
                0x0800a440       0x38 /home/jon/dev_src/SEU-Detect-Correct/build/stm32f4xx_rcc.o
                0x0800a440                RCC_PLLI2SCmd
 *(.text.RCC_PLLI2SConfig)
 *fill*         0x0800a478        0x8 
 .text.RCC_PLLI2SConfig
                0x0800a480       0x40 /home/jon/dev_src/SEU-Detect-Correct/build/stm32f4xx_rcc.o
                0x0800a480                RCC_PLLI2SConfig
 *(.text.RCC_RTCCLKCmd)
 .text.RCC_RTCCLKCmd
                0x0800a4c0       0x38 /home/jon/dev_src/SEU-Detect-Correct/build/stm32f4xx_rcc.o
                0x0800a4c0                RCC_RTCCLKCmd
 *(.text.RCC_RTCCLKConfig)
 *fill*         0x0800a4f8        0x8 
 .text.RCC_RTCCLKConfig
                0x0800a500       0x74 /home/jon/dev_src/SEU-Detect-Correct/build/stm32f4xx_rcc.o
                0x0800a500                RCC_RTCCLKConfig
 *(.text.RCC_SYSCLKConfig)
 *fill*         0x0800a574        0xc 
 .text.RCC_SYSCLKConfig
                0x0800a580       0x50 /home/jon/dev_src/SEU-Detect-Correct/build/stm32f4xx_rcc.o
                0x0800a580                RCC_SYSCLKConfig
 *(.text.RCC_WaitForHSEStartUp)
 *fill*         0x0800a5d0       0x10 
 .text.RCC_WaitForHSEStartUp
                0x0800a5e0       0x6c /home/jon/dev_src/SEU-Detect-Correct/build/stm32f4xx_rcc.o
                0x0800a5e0                RCC_WaitForHSEStartUp
 *(.text._read)
 *fill*         0x0800a64c       0x14 
 .text._read    0x0800a660       0x40 /home/jon/dev_src/SEU-Detect-Correct/build/syscalls.o
                0x0800a660                _read
 *(.text._read_r)
 .text._read_r  0x0800a6a0       0x2c /home/jon/gcc-arm-none-eabi-5_2-2015q4/arm-none-eabi/lib/armv7e-m/fpu/libc.a(lib_a-readr.o)
                0x0800a6a0                _read_r
 *(.text._realloc_r)
 .text._realloc_r
                0x0800a6cc      0x3e0 /home/jon/gcc-arm-none-eabi-5_2-2015q4/arm-none-eabi/lib/armv7e-m/fpu/libc.a(lib_a-reallocr.o)
                0x0800a6cc                _realloc_r
 *(.text._reclaim_reent)
 .text._reclaim_reent
                0x0800aaac       0x88 /home/jon/gcc-arm-none-eabi-5_2-2015q4/arm-none-eabi/lib/armv7e-m/fpu/libc.a(lib_a-reent.o)
                0x0800aaac                _reclaim_reent
 *(.text.Reset_Handler)
 .text.Reset_Handler
                0x0800ab34       0x44 /home/jon/dev_src/SEU-Detect-Correct/build/startup_stm32f4xx.o
                0x0800ab34                Reset_Handler
 *(.text.RNG_ClearFlag)
 *fill*         0x0800ab78        0x8 
 .text.RNG_ClearFlag
                0x0800ab80       0x3c /home/jon/dev_src/SEU-Detect-Correct/build/stm32f4xx_rng.o
                0x0800ab80                RNG_ClearFlag
 *(.text.RNG_ClearITPendingBit)
 *fill*         0x0800abbc        0x4 
 .text.RNG_ClearITPendingBit
                0x0800abc0       0x3c /home/jon/dev_src/SEU-Detect-Correct/build/stm32f4xx_rng.o
                0x0800abc0                RNG_ClearITPendingBit
 *(.text.RNG_Cmd)
 *fill*         0x0800abfc        0x4 
 .text.RNG_Cmd  0x0800ac00       0x50 /home/jon/dev_src/SEU-Detect-Correct/build/stm32f4xx_rng.o
                0x0800ac00                RNG_Cmd
 *(.text.RNG_DeInit)
 *fill*         0x0800ac50       0x10 
 .text.RNG_DeInit
                0x0800ac60       0x34 /home/jon/dev_src/SEU-Detect-Correct/build/stm32f4xx_rng.o
                0x0800ac60                RNG_DeInit
 *(.text.RNG_GetFlagStatus)
 *fill*         0x0800ac94        0xc 
 .text.RNG_GetFlagStatus
                0x0800aca0       0x50 /home/jon/dev_src/SEU-Detect-Correct/build/stm32f4xx_rng.o
                0x0800aca0                RNG_GetFlagStatus
 *(.text.RNG_GetITStatus)
 *fill*         0x0800acf0       0x10 
 .text.RNG_GetITStatus
                0x0800ad00       0x50 /home/jon/dev_src/SEU-Detect-Correct/build/stm32f4xx_rng.o
                0x0800ad00                RNG_GetITStatus
 *(.text.RNG_GetRandomNumber)
 *fill*         0x0800ad50       0x10 
 .text.RNG_GetRandomNumber
                0x0800ad60       0x2c /home/jon/dev_src/SEU-Detect-Correct/build/stm32f4xx_rng.o
                0x0800ad60                RNG_GetRandomNumber
 *(.text.RNG_ITConfig)
 *fill*         0x0800ad8c       0x14 
 .text.RNG_ITConfig
                0x0800ada0       0x50 /home/jon/dev_src/SEU-Detect-Correct/build/stm32f4xx_rng.o
                0x0800ada0                RNG_ITConfig
 *(.text.RTC_Alarm_IRQHandler)
 *(.text.RTC_WKUP_IRQHandler)
 *(.text._sbrk)
 *fill*         0x0800adf0       0x10 
 .text._sbrk    0x0800ae00       0x74 /home/jon/dev_src/SEU-Detect-Correct/build/syscalls.o
                0x0800ae00                _sbrk
 *(.text._sbrk_r)
 .text._sbrk_r  0x0800ae74       0x24 /home/jon/gcc-arm-none-eabi-5_2-2015q4/arm-none-eabi/lib/armv7e-m/fpu/libc.a(lib_a-sbrkr.o)
                0x0800ae74                _sbrk_r
 *(.text.scalbnf)
 .text.scalbnf  0x0800ae98       0xd0 /home/jon/gcc-arm-none-eabi-5_2-2015q4/arm-none-eabi/lib/armv7e-m/fpu/libm.a(lib_a-sf_scalbn.o)
                0x0800ae98                scalbnf
 *(.text.__sclose)
 .text.__sclose
                0x0800af68        0x8 /home/jon/gcc-arm-none-eabi-5_2-2015q4/arm-none-eabi/lib/armv7e-m/fpu/libc.a(lib_a-stdio.o)
                0x0800af68                __sclose
 *(.text.SDIO_IRQHandler)
 *(.text.section0_profile_func_enter)
 *(.text.section10_profile_func_enter)
 *(.text.section11_profile_func_enter)
 *(.text.section12_profile_func_enter)
 *(.text.section13_profile_func_enter)
 *(.text.section14_profile_func_enter)
 *(.text.section17_profile_func_enter)
 *(.text.section1_profile_func_enter)
 *(.text.section2_profile_func_enter)
 *(.text.section3_profile_func_enter)
 *(.text.section4_profile_func_enter)

.text3          0x0800c000     0x3110
                0x0800c000                . = ALIGN (0x4)
 *(.flash3hdr.FlashHeader3)
 *(.flash3func.section3_profile_func_enter)
 *(.text.section5_profile_func_enter)
 *(.text.section6_profile_func_enter)
 *(.text.section7_profile_func_enter)
 *(.text.section8_profile_func_enter)
 *(.text.section9_profile_func_enter)
 *(.text.__seofread)
 .text.__seofread
                0x0800c000        0x4 /home/jon/gcc-arm-none-eabi-5_2-2015q4/arm-none-eabi/lib/armv7e-m/fpu/libc.a(lib_a-stdio.o)
                0x0800c000                __seofread
 *(.text.SetSysClock)
 *fill*         0x0800c004       0x1c 
 .text.SetSysClock
                0x0800c020      0x140 /home/jon/dev_src/SEU-Detect-Correct/build/system_stm32f4xx.o
 *(.text.__sflush_r)
 .text.__sflush_r
                0x0800c160      0x148 /home/jon/gcc-arm-none-eabi-5_2-2015q4/arm-none-eabi/lib/armv7e-m/fpu/libc.a(lib_a-fflush.o)
                0x0800c160                __sflush_r
 *(.text.__sfmoreglue)
 .text.__sfmoreglue
                0x0800c2a8       0x30 /home/jon/gcc-arm-none-eabi-5_2-2015q4/arm-none-eabi/lib/armv7e-m/fpu/libc.a(lib_a-findfp.o)
                0x0800c2a8                __sfmoreglue
 *(.text.__sfp)
 .text.__sfp    0x0800c2d8       0x88 /home/jon/gcc-arm-none-eabi-5_2-2015q4/arm-none-eabi/lib/armv7e-m/fpu/libc.a(lib_a-findfp.o)
                0x0800c2d8                __sfp
 *(.text.__sfp_lock_acquire)
 .text.__sfp_lock_acquire
                0x0800c360        0x4 /home/jon/gcc-arm-none-eabi-5_2-2015q4/arm-none-eabi/lib/armv7e-m/fpu/libc.a(lib_a-findfp.o)
                0x0800c360                __sfp_lock_acquire
 *(.text.__sfp_lock_release)
 .text.__sfp_lock_release
                0x0800c364        0x4 /home/jon/gcc-arm-none-eabi-5_2-2015q4/arm-none-eabi/lib/armv7e-m/fpu/libc.a(lib_a-findfp.o)
                0x0800c364                __sfp_lock_release
 *(.text.__sfvwrite_r)
 .text.__sfvwrite_r
                0x0800c368      0x300 /home/jon/gcc-arm-none-eabi-5_2-2015q4/arm-none-eabi/lib/armv7e-m/fpu/libc.a(lib_a-fvwrite.o)
                0x0800c368                __sfvwrite_r
 *(.text.sinf)
 .text.sinf     0x0800c668       0x94 /home/jon/gcc-arm-none-eabi-5_2-2015q4/arm-none-eabi/lib/armv7e-m/fpu/libm.a(lib_a-sf_sin.o)
                0x0800c668                sinf
 *(.text.__sinit)
 .text.__sinit  0x0800c6fc        0xc /home/jon/gcc-arm-none-eabi-5_2-2015q4/arm-none-eabi/lib/armv7e-m/fpu/libc.a(lib_a-findfp.o)
                0x0800c6fc                __sinit
 *(.text.__sinit_lock_acquire)
 .text.__sinit_lock_acquire
                0x0800c708        0x4 /home/jon/gcc-arm-none-eabi-5_2-2015q4/arm-none-eabi/lib/armv7e-m/fpu/libc.a(lib_a-findfp.o)
                0x0800c708                __sinit_lock_acquire
 *(.text.__sinit_lock_release)
 .text.__sinit_lock_release
                0x0800c70c        0x4 /home/jon/gcc-arm-none-eabi-5_2-2015q4/arm-none-eabi/lib/armv7e-m/fpu/libc.a(lib_a-findfp.o)
                0x0800c70c                __sinit_lock_release
 *(.text.__sinit.part.1)
 .text.__sinit.part.1
                0x0800c710       0xf0 /home/jon/gcc-arm-none-eabi-5_2-2015q4/arm-none-eabi/lib/armv7e-m/fpu/libc.a(lib_a-findfp.o)
 *(.text.__smakebuf_r)
 .text.__smakebuf_r
                0x0800c800       0xe0 /home/jon/gcc-arm-none-eabi-5_2-2015q4/arm-none-eabi/lib/armv7e-m/fpu/libc.a(lib_a-makebuf.o)
                0x0800c800                __smakebuf_r
 *(.text.SPI1_IRQHandler)
 *(.text.SPI2_IRQHandler)
 *(.text.SPI3_IRQHandler)
 *(.text.SPI_BiDirectionalLineConfig)
 .text.SPI_BiDirectionalLineConfig
                0x0800c8e0       0x58 /home/jon/dev_src/SEU-Detect-Correct/build/stm32f4xx_spi.o
                0x0800c8e0                SPI_BiDirectionalLineConfig
 *(.text.SPI_CalculateCRC)
 *fill*         0x0800c938        0x8 
 .text.SPI_CalculateCRC
                0x0800c940       0x58 /home/jon/dev_src/SEU-Detect-Correct/build/stm32f4xx_spi.o
                0x0800c940                SPI_CalculateCRC
 *(.text.SPI_Cmd)
 *fill*         0x0800c998        0x8 
 .text.SPI_Cmd  0x0800c9a0       0x58 /home/jon/dev_src/SEU-Detect-Correct/build/stm32f4xx_spi.o
                0x0800c9a0                SPI_Cmd
 *(.text.SPI_DataSizeConfig)
 *fill*         0x0800c9f8        0x8 
 .text.SPI_DataSizeConfig
                0x0800ca00       0x50 /home/jon/dev_src/SEU-Detect-Correct/build/stm32f4xx_spi.o
                0x0800ca00                SPI_DataSizeConfig
 *(.text.SPI_GetCRC)
 *fill*         0x0800ca50       0x10 
 .text.SPI_GetCRC
                0x0800ca60       0x4c /home/jon/dev_src/SEU-Detect-Correct/build/stm32f4xx_spi.o
                0x0800ca60                SPI_GetCRC
 *(.text.SPI_GetCRCPolynomial)
 *fill*         0x0800caac       0x14 
 .text.SPI_GetCRCPolynomial
                0x0800cac0       0x34 /home/jon/dev_src/SEU-Detect-Correct/build/stm32f4xx_spi.o
                0x0800cac0                SPI_GetCRCPolynomial
 *(.text.SPI_I2S_ClearFlag)
 *fill*         0x0800caf4        0xc 
 .text.SPI_I2S_ClearFlag
                0x0800cb00       0x38 /home/jon/dev_src/SEU-Detect-Correct/build/stm32f4xx_spi.o
                0x0800cb00                SPI_I2S_ClearFlag
 *(.text.SPI_I2S_ClearITPendingBit)
 *fill*         0x0800cb38        0x8 
 .text.SPI_I2S_ClearITPendingBit
                0x0800cb40       0x4c /home/jon/dev_src/SEU-Detect-Correct/build/stm32f4xx_spi.o
                0x0800cb40                SPI_I2S_ClearITPendingBit
 *(.text.SPI_I2S_DeInit)
 *fill*         0x0800cb8c       0x14 
 .text.SPI_I2S_DeInit
                0x0800cba0       0x90 /home/jon/dev_src/SEU-Detect-Correct/build/stm32f4xx_spi.o
                0x0800cba0                SPI_I2S_DeInit
 *(.text.SPI_I2S_DMACmd)
 *fill*         0x0800cc30       0x10 
 .text.SPI_I2S_DMACmd
                0x0800cc40       0x60 /home/jon/dev_src/SEU-Detect-Correct/build/stm32f4xx_spi.o
                0x0800cc40                SPI_I2S_DMACmd
 *(.text.SPI_I2S_GetFlagStatus)
 .text.SPI_I2S_GetFlagStatus
                0x0800cca0       0x50 /home/jon/dev_src/SEU-Detect-Correct/build/stm32f4xx_spi.o
                0x0800cca0                SPI_I2S_GetFlagStatus
 *(.text.SPI_I2S_GetITStatus)
 *fill*         0x0800ccf0       0x10 
 .text.SPI_I2S_GetITStatus
                0x0800cd00       0x90 /home/jon/dev_src/SEU-Detect-Correct/build/stm32f4xx_spi.o
                0x0800cd00                SPI_I2S_GetITStatus
 *(.text.SPI_I2S_ITConfig)
 *fill*         0x0800cd90       0x10 
 .text.SPI_I2S_ITConfig
                0x0800cda0       0x78 /home/jon/dev_src/SEU-Detect-Correct/build/stm32f4xx_spi.o
                0x0800cda0                SPI_I2S_ITConfig
 *(.text.SPI_I2S_ReceiveData)
 *fill*         0x0800ce18        0x8 
 .text.SPI_I2S_ReceiveData
                0x0800ce20       0x34 /home/jon/dev_src/SEU-Detect-Correct/build/stm32f4xx_spi.o
                0x0800ce20                SPI_I2S_ReceiveData
 *(.text.SPI_I2S_SendData)
 *fill*         0x0800ce54        0xc 
 .text.SPI_I2S_SendData
                0x0800ce60       0x34 /home/jon/dev_src/SEU-Detect-Correct/build/stm32f4xx_spi.o
                0x0800ce60                SPI_I2S_SendData
 *(.text.SPI_Init)
 *fill*         0x0800ce94        0xc 
 .text.SPI_Init
                0x0800cea0       0xa0 /home/jon/dev_src/SEU-Detect-Correct/build/stm32f4xx_spi.o
                0x0800cea0                SPI_Init
 *(.text.SPI_NSSInternalSoftwareConfig)
 .text.SPI_NSSInternalSoftwareConfig
                0x0800cf40       0x5c /home/jon/dev_src/SEU-Detect-Correct/build/stm32f4xx_spi.o
                0x0800cf40                SPI_NSSInternalSoftwareConfig
 *(.text.SPI_SSOutputCmd)
 *fill*         0x0800cf9c        0x4 
 .text.SPI_SSOutputCmd
                0x0800cfa0       0x58 /home/jon/dev_src/SEU-Detect-Correct/build/stm32f4xx_spi.o
                0x0800cfa0                SPI_SSOutputCmd
 *(.text.SPI_StructInit)
 *fill*         0x0800cff8        0x8 
 .text.SPI_StructInit
                0x0800d000       0x60 /home/jon/dev_src/SEU-Detect-Correct/build/stm32f4xx_spi.o
                0x0800d000                SPI_StructInit
 *(.text.SPI_TIModeCmd)
 .text.SPI_TIModeCmd
                0x0800d060       0x58 /home/jon/dev_src/SEU-Detect-Correct/build/stm32f4xx_spi.o
                0x0800d060                SPI_TIModeCmd
 *(.text.SPI_TransmitCRC)
 *fill*         0x0800d0b8        0x8 
 .text.SPI_TransmitCRC
                0x0800d0c0       0x3c /home/jon/dev_src/SEU-Detect-Correct/build/stm32f4xx_spi.o
                0x0800d0c0                SPI_TransmitCRC
 *(.text.__sread)
 .text.__sread  0x0800d0fc       0x24 /home/jon/gcc-arm-none-eabi-5_2-2015q4/arm-none-eabi/lib/armv7e-m/fpu/libc.a(lib_a-stdio.o)
                0x0800d0fc                __sread
 *(.text.__sseek)
 .text.__sseek  0x0800d120       0x20 /home/jon/gcc-arm-none-eabi-5_2-2015q4/arm-none-eabi/lib/armv7e-m/fpu/libc.a(lib_a-stdio.o)
                0x0800d120                __sseek
 *(.text.strlen)
 *(.text.SVC_Handler)
 .text.SVC_Handler
                0x0800d140       0x3c /home/jon/dev_src/SEU-Detect-Correct/build/port.o
                0x0800d140                SVC_Handler
 *(.text.__swrite)
 .text.__swrite
                0x0800d17c       0x38 /home/jon/gcc-arm-none-eabi-5_2-2015q4/arm-none-eabi/lib/armv7e-m/fpu/libc.a(lib_a-stdio.o)
                0x0800d17c                __swrite
 *(.text.__swsetup_r)
 .text.__swsetup_r
                0x0800d1b4       0xc4 /home/jon/gcc-arm-none-eabi-5_2-2015q4/arm-none-eabi/lib/armv7e-m/fpu/libc.a(lib_a-wsetup.o)
                0x0800d1b4                __swsetup_r
 *(.text.SYSCFG_CompensationCellCmd)
 *fill*         0x0800d278        0x8 
 .text.SYSCFG_CompensationCellCmd
                0x0800d280       0x38 /home/jon/dev_src/SEU-Detect-Correct/build/stm32f4xx_syscfg.o
                0x0800d280                SYSCFG_CompensationCellCmd
 *(.text.SYSCFG_DeInit)
 *fill*         0x0800d2b8        0x8 
 .text.SYSCFG_DeInit
                0x0800d2c0       0x38 /home/jon/dev_src/SEU-Detect-Correct/build/stm32f4xx_syscfg.o
                0x0800d2c0                SYSCFG_DeInit
 *(.text.SYSCFG_ETH_MediaInterfaceConfig)
 *fill*         0x0800d2f8        0x8 
 .text.SYSCFG_ETH_MediaInterfaceConfig
                0x0800d300       0x34 /home/jon/dev_src/SEU-Detect-Correct/build/stm32f4xx_syscfg.o
                0x0800d300                SYSCFG_ETH_MediaInterfaceConfig
 *(.text.SYSCFG_EXTILineConfig)
 *fill*         0x0800d334        0xc 
 .text.SYSCFG_EXTILineConfig
                0x0800d340       0x9c /home/jon/dev_src/SEU-Detect-Correct/build/stm32f4xx_syscfg.o
                0x0800d340                SYSCFG_EXTILineConfig
 *(.text.SYSCFG_GetCompensationCellStatus)
 *fill*         0x0800d3dc        0x4 
 .text.SYSCFG_GetCompensationCellStatus
                0x0800d3e0       0x4c /home/jon/dev_src/SEU-Detect-Correct/build/stm32f4xx_syscfg.o
                0x0800d3e0                SYSCFG_GetCompensationCellStatus
 *(.text.SYSCFG_MemoryRemapConfig)
 *fill*         0x0800d42c       0x14 
 .text.SYSCFG_MemoryRemapConfig
                0x0800d440       0x38 /home/jon/dev_src/SEU-Detect-Correct/build/stm32f4xx_syscfg.o
                0x0800d440                SYSCFG_MemoryRemapConfig
 *(.text.SystemCoreClockUpdate)
 *fill*         0x0800d478        0x8 
 .text.SystemCoreClockUpdate
                0x0800d480      0x110 /home/jon/dev_src/SEU-Detect-Correct/build/system_stm32f4xx.o
                0x0800d480                SystemCoreClockUpdate
 *(.text.SystemInit)
 *fill*         0x0800d590       0x10 
 .text.SystemInit
                0x0800d5a0       0x84 /home/jon/dev_src/SEU-Detect-Correct/build/system_stm32f4xx.o
                0x0800d5a0                SystemInit
 *(.text.SysTick_CLKSourceConfig)
 *fill*         0x0800d624       0x1c 
 .text.SysTick_CLKSourceConfig
                0x0800d640       0x50 /home/jon/dev_src/SEU-Detect-Correct/build/misc.o
                0x0800d640                SysTick_CLKSourceConfig
 *(.text.SysTick_Handler)
 *fill*         0x0800d690       0x10 
 .text.SysTick_Handler
                0x0800d6a0       0x90 /home/jon/dev_src/SEU-Detect-Correct/build/port.o
                0x0800d6a0                SysTick_Handler
 *(.text.TAMP_STAMP_IRQHandler)
 *(.text.test_FPU_test)
 *fill*         0x0800d730       0x10 
 .text.test_FPU_test
                0x0800d740       0x4c /home/jon/dev_src/SEU-Detect-Correct/build/main.o
                0x0800d740                test_FPU_test
 *(.text.TI1_Config)
 *fill*         0x0800d78c       0x14 
 .text.TI1_Config
                0x0800d7a0       0x9c /home/jon/dev_src/SEU-Detect-Correct/build/stm32f4xx_tim.o
 *(.text.TI2_Config)
 *fill*         0x0800d83c        0x4 
 .text.TI2_Config
                0x0800d840       0xb0 /home/jon/dev_src/SEU-Detect-Correct/build/stm32f4xx_tim.o
 *(.text.TI3_Config)
 *fill*         0x0800d8f0       0x10 
 .text.TI3_Config
                0x0800d900       0xa8 /home/jon/dev_src/SEU-Detect-Correct/build/stm32f4xx_tim.o
 *(.text.TI4_Config)
 *fill*         0x0800d9a8       0x18 
 .text.TI4_Config
                0x0800d9c0       0xb4 /home/jon/dev_src/SEU-Detect-Correct/build/stm32f4xx_tim.o
 *(.text.TIM1_BRK_TIM9_IRQHandler)
 *(.text.TIM1_CC_IRQHandler)
 *(.text.TIM1_TRG_COM_TIM11_IRQHandler)
 *(.text.TIM1_UP_TIM10_IRQHandler)
 *(.text.TIM2_IRQHandler)
 *(.text.TIM3_IRQHandler)
 *(.text.TIM4_IRQHandler)
 *(.text.TIM5_IRQHandler)
 *(.text.TIM6_DAC_IRQHandler)
 *(.text.TIM7_IRQHandler)
 *(.text.TIM8_BRK_TIM12_IRQHandler)
 *(.text.TIM8_CC_IRQHandler)
 *(.text.TIM8_TRG_COM_TIM14_IRQHandler)
 *(.text.TIM8_UP_TIM13_IRQHandler)
 *(.text.TIM_ARRPreloadConfig)
 *fill*         0x0800da74        0xc 
 .text.TIM_ARRPreloadConfig
                0x0800da80       0x58 /home/jon/dev_src/SEU-Detect-Correct/build/stm32f4xx_tim.o
                0x0800da80                TIM_ARRPreloadConfig
 *(.text.TIM_BDTRConfig)
 *fill*         0x0800dad8        0x8 
 .text.TIM_BDTRConfig
                0x0800dae0       0x68 /home/jon/dev_src/SEU-Detect-Correct/build/stm32f4xx_tim.o
                0x0800dae0                TIM_BDTRConfig
 *(.text.TIM_BDTRStructInit)
 *fill*         0x0800db48       0x18 
 .text.TIM_BDTRStructInit
                0x0800db60       0x54 /home/jon/dev_src/SEU-Detect-Correct/build/stm32f4xx_tim.o
                0x0800db60                TIM_BDTRStructInit
 *(.text.TIM_CCPreloadControl)
 *fill*         0x0800dbb4        0xc 
 .text.TIM_CCPreloadControl
                0x0800dbc0       0x58 /home/jon/dev_src/SEU-Detect-Correct/build/stm32f4xx_tim.o
                0x0800dbc0                TIM_CCPreloadControl
 *(.text.TIM_CCxCmd)
 *fill*         0x0800dc18        0x8 
 .text.TIM_CCxCmd
                0x0800dc20       0x74 /home/jon/dev_src/SEU-Detect-Correct/build/stm32f4xx_tim.o
                0x0800dc20                TIM_CCxCmd
 *(.text.TIM_CCxNCmd)
 *fill*         0x0800dc94        0xc 
 .text.TIM_CCxNCmd
                0x0800dca0       0x74 /home/jon/dev_src/SEU-Detect-Correct/build/stm32f4xx_tim.o
                0x0800dca0                TIM_CCxNCmd
 *(.text.TIM_ClearFlag)
 *fill*         0x0800dd14        0xc 
 .text.TIM_ClearFlag
                0x0800dd20       0x38 /home/jon/dev_src/SEU-Detect-Correct/build/stm32f4xx_tim.o
                0x0800dd20                TIM_ClearFlag
 *(.text.TIM_ClearITPendingBit)
 *fill*         0x0800dd58        0x8 
 .text.TIM_ClearITPendingBit